Component: ARM Compiler 5.06 update 7 (build 960) Tool: armlink [4d3601]

==============================================================================

Section Cross References

    bmi160.o(i.accel_self_test_negative_excitation) refers to bmi160.o(i.bmi160_set_regs) for bmi160_set_regs
    bmi160.o(i.accel_self_test_negative_excitation) refers to bmi160.o(i.bmi160_get_sensor_data) for bmi160_get_sensor_data
    bmi160.o(i.accel_self_test_positive_excitation) refers to bmi160.o(i.bmi160_set_regs) for bmi160_set_regs
    bmi160.o(i.accel_self_test_positive_excitation) refers to bmi160.o(i.bmi160_get_sensor_data) for bmi160_get_sensor_data
    bmi160.o(i.bmi160_aux_init) refers to bmi160.o(i.null_ptr_check) for null_ptr_check
    bmi160.o(i.bmi160_aux_init) refers to bmi160.o(i.config_aux_settg) for config_aux_settg
    bmi160.o(i.bmi160_aux_read) refers to bmi160.o(i.map_read_len) for map_read_len
    bmi160.o(i.bmi160_aux_read) refers to bmi160.o(i.extract_aux_read) for extract_aux_read
    bmi160.o(i.bmi160_aux_write) refers to bmi160.o(i.bmi160_set_regs) for bmi160_set_regs
    bmi160.o(i.bmi160_config_aux_mode) refers to bmi160.o(i.bmi160_get_regs) for bmi160_get_regs
    bmi160.o(i.bmi160_config_aux_mode) refers to bmi160.o(i.bmi160_set_regs) for bmi160_set_regs
    bmi160.o(i.bmi160_extract_accel) refers to bmi160.o(i.get_accel_len_to_parse) for get_accel_len_to_parse
    bmi160.o(i.bmi160_extract_accel) refers to bmi160.o(i.check_frame_validity) for check_frame_validity
    bmi160.o(i.bmi160_extract_accel) refers to bmi160.o(i.unpack_accel_frame) for unpack_accel_frame
    bmi160.o(i.bmi160_extract_accel) refers to bmi160.o(i.extract_accel_header_mode) for extract_accel_header_mode
    bmi160.o(i.bmi160_extract_aux) refers to bmi160.o(i.get_aux_len_to_parse) for get_aux_len_to_parse
    bmi160.o(i.bmi160_extract_aux) refers to bmi160.o(i.check_frame_validity) for check_frame_validity
    bmi160.o(i.bmi160_extract_aux) refers to bmi160.o(i.unpack_aux_frame) for unpack_aux_frame
    bmi160.o(i.bmi160_extract_aux) refers to bmi160.o(i.extract_aux_header_mode) for extract_aux_header_mode
    bmi160.o(i.bmi160_extract_gyro) refers to bmi160.o(i.get_gyro_len_to_parse) for get_gyro_len_to_parse
    bmi160.o(i.bmi160_extract_gyro) refers to bmi160.o(i.check_frame_validity) for check_frame_validity
    bmi160.o(i.bmi160_extract_gyro) refers to bmi160.o(i.unpack_gyro_frame) for unpack_gyro_frame
    bmi160.o(i.bmi160_extract_gyro) refers to bmi160.o(i.extract_gyro_header_mode) for extract_gyro_header_mode
    bmi160.o(i.bmi160_get_fifo_data) refers to bmi160.o(i.reset_fifo_data_structure) for reset_fifo_data_structure
    bmi160.o(i.bmi160_get_fifo_data) refers to bmi160.o(i.get_fifo_byte_counter) for get_fifo_byte_counter
    bmi160.o(i.bmi160_get_fifo_data) refers to bmi160.o(i.bmi160_get_regs) for bmi160_get_regs
    bmi160.o(i.bmi160_get_int_status) refers to bmi160.o(i.bmi160_get_regs) for bmi160_get_regs
    bmi160.o(i.bmi160_get_offsets) refers to bmi160.o(i.null_ptr_check) for null_ptr_check
    bmi160.o(i.bmi160_get_offsets) refers to bmi160.o(i.bmi160_get_regs) for bmi160_get_regs
    bmi160.o(i.bmi160_get_power_mode) refers to bmi160.o(i.bmi160_get_regs) for bmi160_get_regs
    bmi160.o(i.bmi160_get_regs) refers to malloc.o(i.malloc) for malloc
    bmi160.o(i.bmi160_get_regs) refers to malloc.o(i.free) for free
    bmi160.o(i.bmi160_get_sensor_data) refers to bmi160.o(i.get_accel_data) for get_accel_data
    bmi160.o(i.bmi160_get_sensor_data) refers to bmi160.o(i.get_gyro_data) for get_gyro_data
    bmi160.o(i.bmi160_get_sensor_data) refers to bmi160.o(i.get_accel_gyro_data) for get_accel_gyro_data
    bmi160.o(i.bmi160_init) refers to bmi160.o(i.null_ptr_check) for null_ptr_check
    bmi160.o(i.bmi160_init) refers to bmi160.o(i.bmi160_get_regs) for bmi160_get_regs
    bmi160.o(i.bmi160_init) refers to bmi160.o(i.bmi160_soft_reset) for bmi160_soft_reset
    bmi160.o(i.bmi160_perform_self_test) refers to bmi160.o(i.null_ptr_check) for null_ptr_check
    bmi160.o(i.bmi160_perform_self_test) refers to bmi160.o(i.perform_accel_self_test) for perform_accel_self_test
    bmi160.o(i.bmi160_perform_self_test) refers to bmi160.o(i.bmi160_set_power_mode) for bmi160_set_power_mode
    bmi160.o(i.bmi160_perform_self_test) refers to bmi160.o(i.perform_gyro_self_test) for perform_gyro_self_test
    bmi160.o(i.bmi160_perform_self_test) refers to bmi160.o(i.bmi160_soft_reset) for bmi160_soft_reset
    bmi160.o(i.bmi160_read_aux_data_auto_mode) refers to bmi160.o(i.null_ptr_check) for null_ptr_check
    bmi160.o(i.bmi160_read_aux_data_auto_mode) refers to bmi160.o(i.bmi160_get_regs) for bmi160_get_regs
    bmi160.o(i.bmi160_read_step_counter) refers to bmi160.o(i.null_ptr_check) for null_ptr_check
    bmi160.o(i.bmi160_read_step_counter) refers to bmi160.o(i.bmi160_get_regs) for bmi160_get_regs
    bmi160.o(i.bmi160_set_aux_auto_mode) refers to bmi160.o(i.null_ptr_check) for null_ptr_check
[...]
    i.HAL_FLASH_Lock                         0x08001078   Section        0  stm32l4xx_hal_flash.o(i.HAL_FLASH_Lock)
    i.HAL_FLASH_Program                      0x0800108c   Section        0  stm32l4xx_hal_flash.o(i.HAL_FLASH_Program)
    i.HAL_FLASH_Unlock                       0x0800114c   Section        0  stm32l4xx_hal_flash.o(i.HAL_FLASH_Unlock)
    i.HAL_GPIO_DeInit                        0x0800117c   Section        0  stm32l4xx_hal_gpio.o(i.HAL_GPIO_DeInit)
    i.HAL_GPIO_EXTI_Callback                 0x0800127c   Section        0  gpio.o(i.HAL_GPIO_EXTI_Callback)
    i.HAL_GPIO_EXTI_IRQHandler               0x08001284   Section        0  stm32l4xx_hal_gpio.o(i.HAL_GPIO_EXTI_IRQHandler)
    i.HAL_GPIO_Init                          0x080012a0   Section        0  stm32l4xx_hal_gpio.o(i.HAL_GPIO_Init)
    i.HAL_GPIO_ReadPin                       0x0800144c   Section        0  stm32l4xx_hal_gpio.o(i.HAL_GPIO_ReadPin)
    i.HAL_GPIO_TogglePin                     0x0800145c   Section        0  stm32l4xx_hal_gpio.o(i.HAL_GPIO_TogglePin)
    i.HAL_GPIO_WritePin                      0x08001470   Section        0  stm32l4xx_hal_gpio.o(i.HAL_GPIO_WritePin)
    i.HAL_GetTick                            0x0800147c   Section        0  stm32l4xx_hal.o(i.HAL_GetTick)
    i.HAL_I2CEx_ConfigAnalogFilter           0x08001488   Section        0  stm32l4xx_hal_i2c_ex.o(i.HAL_I2CEx_ConfigAnalogFilter)
    i.HAL_I2CEx_ConfigDigitalFilter          0x080014f2   Section        0  stm32l4xx_hal_i2c_ex.o(i.HAL_I2CEx_ConfigDigitalFilter)
    i.HAL_I2C_Init                           0x0800155c   Section        0  stm32l4xx_hal_i2c.o(i.HAL_I2C_Init)
    i.HAL_I2C_MspDeInit                      0x08001620   Section        0  stm32l4xx_hal_msp.o(i.HAL_I2C_MspDeInit)
    i.HAL_I2C_MspInit                        0x08001678   Section        0  stm32l4xx_hal_msp.o(i.HAL_I2C_MspInit)
    i.HAL_IWDG_Refresh                       0x080016f4   Section        0  stm32l4xx_hal_iwdg.o(i.HAL_IWDG_Refresh)
    i.HAL_IncTick                            0x08001704   Section        0  stm32l4xx_hal.o(i.HAL_IncTick)
    i.HAL_Init                               0x0800171c   Section        0  stm32l4xx_hal.o(i.HAL_Init)
    i.HAL_InitTick                           0x0800173c   Section        0  stm32l4xx_hal.o(i.HAL_InitTick)
    i.HAL_MspInit                            0x08001794   Section        0  stm32l4xx_hal_msp.o(i.HAL_MspInit)
    i.HAL_NVIC_DisableIRQ                    0x080017d8   Section        0  stm32l4xx_hal_cortex.o(i.HAL_NVIC_DisableIRQ)
    i.HAL_NVIC_EnableIRQ                     0x0800181c   Section        0  stm32l4xx_hal_cortex.o(i.HAL_NVIC_EnableIRQ)
    i.HAL_NVIC_SetPriority                   0x08001844   Section        0  stm32l4xx_hal_cortex.o(i.HAL_NVIC_SetPriority)
    i.HAL_NVIC_SetPriorityGrouping           0x080018c8   Section        0  stm32l4xx_hal_cortex.o(i.HAL_NVIC_SetPriorityGrouping)
    i.HAL_PWREx_ControlVoltageScaling        0x080018f0   Section        0  stm32l4xx_hal_pwr_ex.o(i.HAL_PWREx_ControlVoltageScaling)
    i.HAL_PWREx_EnterSTOP2Mode               0x0800197c   Section        0  stm32l4xx_hal_pwr_ex.o(i.HAL_PWREx_EnterSTOP2Mode)
    i.HAL_PWREx_GetVoltageRange              0x080019bc   Section        0  stm32l4xx_hal_pwr_ex.o(i.HAL_PWREx_GetVoltageRange)
    i.HAL_RCCEx_PeriphCLKConfig              0x080019cc   Section        0  stm32l4xx_hal_rcc_ex.o(i.HAL_RCCEx_PeriphCLKConfig)
    i.HAL_RCC_ClockConfig                    0x08001d18   Section        0  stm32l4xx_hal_rcc.o(i.HAL_RCC_ClockConfig)
    i.HAL_RCC_GetHCLKFreq                    0x08001e94   Section        0  stm32l4xx_hal_rcc.o(i.HAL_RCC_GetHCLKFreq)
    i.HAL_RCC_GetPCLK1Freq                   0x08001ea0   Section        0  stm32l4xx_hal_rcc.o(i.HAL_RCC_GetPCLK1Freq)
    i.HAL_RCC_GetPCLK2Freq                   0x08001ec4   Section        0  stm32l4xx_hal_rcc.o(i.HAL_RCC_GetPCLK2Freq)
    i.HAL_RCC_GetSysClockFreq                0x08001ee8   Section        0  stm32l4xx_hal_rcc.o(i.HAL_RCC_GetSysClockFreq)
    i.HAL_RCC_OscConfig                      0x08001fd4   Section        0  stm32l4xx_hal_rcc.o(i.HAL_RCC_OscConfig)
    i.HAL_RTCEx_DeactivateWakeUpTimer        0x0800273c   Section        0  stm32l4xx_hal_rtc_ex.o(i.HAL_RTCEx_DeactivateWakeUpTimer)
    i.HAL_RTCEx_SetWakeUpTimer_IT            0x080027e0   Section        0  stm32l4xx_hal_rtc_ex.o(i.HAL_RTCEx_SetWakeUpTimer_IT)
    i.HAL_RTCEx_WakeUpTimerEventCallback     0x080028e4   Section        0  main.o(i.HAL_RTCEx_WakeUpTimerEventCallback)
    i.HAL_RTCEx_WakeUpTimerIRQHandler        0x080028f0   Section        0  stm32l4xx_hal_rtc_ex.o(i.HAL_RTCEx_WakeUpTimerIRQHandler)
    i.HAL_RTC_Init                           0x08002928   Section        0  stm32l4xx_hal_rtc.o(i.HAL_RTC_Init)
    i.HAL_RTC_MspInit                        0x080029d8   Section        0  stm32l4xx_hal_msp.o(i.HAL_RTC_MspInit)
    i.HAL_RTC_WaitForSynchro                 0x08002a34   Section        0  stm32l4xx_hal_rtc.o(i.HAL_RTC_WaitForSynchro)
    i.HAL_SPI_Init                           0x08002a6c   Section        0  stm32l4xx_hal_spi.o(i.HAL_SPI_Init)
    i.HAL_SPI_MspDeInit                      0x08002b5c   Section        0  stm32l4xx_hal_msp.o(i.HAL_SPI_MspDeInit)
    i.HAL_SPI_MspInit                        0x08002b90   Section        0  stm32l4xx_hal_msp.o(i.HAL_SPI_MspInit)
    i.HAL_SPI_Receive                        0x08002c08   Section        0  stm32l4xx_hal_spi.o(i.HAL_SPI_Receive)
    i.HAL_SPI_Transmit                       0x08002dae   Section        0  stm32l4xx_hal_spi.o(i.HAL_SPI_Transmit)
    i.HAL_SPI_TransmitReceive                0x08002f9e   Section        0  stm32l4xx_hal_spi.o(i.HAL_SPI_TransmitReceive)
    i.HAL_SYSTICK_CLKSourceConfig            0x08003260   Section        0  stm32l4xx_hal_cortex.o(i.HAL_SYSTICK_CLKSourceConfig)
    i.HAL_SYSTICK_Config                     0x08003288   Section        0  stm32l4xx_hal_cortex.o(i.HAL_SYSTICK_Config)
    i.HAL_TIMEx_Break2Callback               0x080032bc   Section        0  stm32l4xx_hal_tim_ex.o(i.HAL_TIMEx_Break2Callback)
    i.HAL_TIMEx_BreakCallback                0x080032be   Section        0  stm32l4xx_hal_tim_ex.o(i.HAL_TIMEx_BreakCallback)
    i.HAL_TIMEx_CommutCallback               0x080032c0   Section        0  stm32l4xx_hal_tim_ex.o(i.HAL_TIMEx_CommutCallback)
    i.HAL_TIM_IC_CaptureCallback             0x080032c2   Section        0  stm32l4xx_hal_tim.o(i.HAL_TIM_IC_CaptureCallback)
    i.HAL_TIM_IRQHandler                     0x080032c4   Section        0  stm32l4xx_hal_tim.o(i.HAL_TIM_IRQHandler)
    i.HAL_TIM_OC_DelayElapsedCallback        0x0800347c   Section        0  stm32l4xx_hal_tim.o(i.HAL_TIM_OC_DelayElapsedCallback)
    i.HAL_TIM_PWM_PulseFinishedCallback      0x0800347e   Section        0  stm32l4xx_hal_tim.o(i.HAL_TIM_PWM_PulseFinishedCallback)
    i.HAL_TIM_PeriodElapsedCallback          0x08003480   Section        0  tim.o(i.HAL_TIM_PeriodElapsedCallback)
    i.HAL_TIM_TriggerCallback                0x080034c0   Section        0  stm32l4xx_hal_tim.o(i.HAL_TIM_TriggerCallback)
    i.HAL_UARTEx_WakeupCallback              0x080034c2   Section        0  stm32l4xx_hal_uart_ex.o(i.HAL_UARTEx_WakeupCallback)
    i.HAL_UART_ErrorCallback                 0x080034c4   Section        0  stm32l4xx_hal_uart.o(i.HAL_UART_ErrorCallback)
    i.HAL_UART_IRQHandler                    0x080034c8   Section        0  stm32l4xx_hal_uart.o(i.HAL_UART_IRQHandler)
    i.HAL_UART_Init                          0x08003680   Section        0  stm32l4xx_hal_uart.o(i.HAL_UART_Init)
    i.HAL_UART_MspDeInit                     0x080036f4   Section        0  stm32l4xx_hal_msp.o(i.HAL_UART_MspDeInit)
    i.HAL_UART_MspInit                       0x08003764   Section        0  stm32l4xx_hal_msp.o(i.HAL_UART_MspInit)
    i.HAL_UART_Receive_DMA                   0x08003910   Section        0  stm32l4xx_hal_uart.o(i.HAL_UART_Receive_DMA)
    i.HAL_UART_RxCpltCallback                0x080039d0   Section        0  stm32l4xx_hal_uart.o(i.HAL_UART_RxCpltCallback)
    i.HAL_UART_RxHalfCpltCallback            0x080039d2   Section        0  stm32l4xx_hal_uart.o(i.HAL_UART_RxHalfCpltCallback)
    i.HAL_UART_Transmit                      0x080039d4   Section        0  stm32l4xx_hal_uart.o(i.HAL_UART_Transmit)
    i.HAL_UART_TxCpltCallback                0x08003aac   Section        0  stm32l4xx_hal_uart.o(i.HAL_UART_TxCpltCallback)
    i.HardFault_Handler                      0x08003aae   Section        0  stm32l4xx_it.o(i.HardFault_Handler)
    i.IWDG_Feed                              0x08003ab4   Section        0  wtd.o(i.IWDG_Feed)
    i.MX_DMA_Init                            0x08003ac4   Section        0  uart.o(i.MX_DMA_Init)
    i.MX_GPIO_Init                           0x08003b08   Section        0  gpio.o(i.MX_GPIO_Init)
    i.MX_I2C1_Init                           0x08003ca0   Section        0  i2c.o(i.MX_I2C1_Init)
    i.MX_SPI3_Init                           0x08003cf8   Section        0  spi.o(i.MX_SPI3_Init)
    i.MX_USART1_UART_Init                    0x08003d4c   Section        0  uart.o(i.MX_USART1_UART_Init)
    i.MX_USART2_UART_Init                    0x08003db4   Section        0  uart.o(i.MX_USART2_UART_Init)
    i.MemManage_Handler                      0x08003e1c   Section        0  stm32l4xx_it.o(i.MemManage_Handler)
    i.NMI_Handler                            0x08003e20   Section        0  stm32l4xx_it.o(i.NMI_Handler)
    i.PendSV_Handler                         0x08003e24   Section        0  stm32l4xx_it.o(i.PendSV_Handler)
    i.RCCEx_PLLSAI1_Config                   0x08003e28   Section        0  stm32l4xx_hal_rcc_ex.o(i.RCCEx_PLLSAI1_Config)
    RCCEx_PLLSAI1_Config                     0x08003e29   Thumb Code   376  stm32l4xx_hal_rcc_ex.o(i.RCCEx_PLLSAI1_Config)
    i.RCC_SetFlashLatencyFromMSIRange        0x08003fb0   Section        0  stm32l4xx_hal_rcc.o(i.RCC_SetFlashLatencyFromMSIRange)
    RCC_SetFlashLatencyFromMSIRange          0x08003fb1   Thumb Code   148  stm32l4xx_hal_rcc.o(i.RCC_SetFlashLatencyFromMSIRange)
    i.RTC_EnterInitMode                      0x0800404c   Section        0  stm32l4xx_hal_rtc.o(i.RTC_EnterInitMode)
    i.RTC_ExitInitMode                       0x08004090   Section        0  stm32l4xx_hal_rtc.o(i.RTC_ExitInitMode)
    i.RTC_WKUP_IRQHandler                    0x080040f8   Section        0  stm32l4xx_it.o(i.RTC_WKUP_IRQHandler)
    i.SPI_EndRxTransaction                   0x08004108   Section        0  stm32l4xx_hal_spi.o(i.SPI_EndRxTransaction)
    SPI_EndRxTransaction                     0x08004109   Thumb Code   130  stm32l4xx_hal_spi.o(i.SPI_EndRxTransaction)
    i.SPI_EndRxTxTransaction                 0x0800418a   Section        0  stm32l4xx_hal_spi.o(i.SPI_EndRxTxTransaction)
    SPI_EndRxTxTransaction                   0x0800418b   Thumb Code   100  stm32l4xx_hal_spi.o(i.SPI_EndRxTxTransaction)
    i.SPI_Read                               0x080041f0   Section        0  comm.o(i.SPI_Read)
    i.SPI_WaitFifoStateUntilTimeout          0x08004220   Section        0  stm32l4xx_hal_spi.o(i.SPI_WaitFifoStateUntilTimeout)
    SPI_WaitFifoStateUntilTimeout            0x08004221   Thumb Code   222  stm32l4xx_hal_spi.o(i.SPI_WaitFifoStateUntilTimeout)
    i.SPI_WaitFlagStateUntilTimeout          0x0800430c   Section        0  stm32l4xx_hal_spi.o(i.SPI_WaitFlagStateUntilTimeout)
    SPI_WaitFlagStateUntilTimeout            0x0800430d   Thumb Code   210  stm32l4xx_hal_spi.o(i.SPI_WaitFlagStateUntilTimeout)
    i.SVC_Handler                            0x080043ea   Section        0  stm32l4xx_it.o(i.SVC_Handler)
    i.SysTick_Handler                        0x080043ec   Section        0  stm32l4xx_it.o(i.SysTick_Handler)
    i.SystemClock_Config                     0x080043f4   Section        0  main.o(i.SystemClock_Config)
    SystemClock_Config                       0x080043f5   Thumb Code   188  main.o(i.SystemClock_Config)
    i.SystemInit                             0x080044b8   Section        0  system_stm32l4xx.o(i.SystemInit)
    i.SystemPower_Config                     0x08004508   Section        0  main.o(i.SystemPower_Config)
    SystemPower_Config                       0x08004509   Thumb Code    80  main.o(i.SystemPower_Config)
    i.System_Config_When_Enter_StopMode      0x08004564   Section        0  main.o(i.System_Config_When_Enter_StopMode)
    System_Config_When_Enter_StopMode        0x08004565   Thumb Code   128  main.o(i.System_Config_When_Enter_StopMode)
    i.TIM2_IRQHandler                        0x08004604   Section        0  stm32l4xx_it.o(i.TIM2_IRQHandler)
    i.UART_AdvFeatureConfig                  0x08004614   Section        0  stm32l4xx_hal_uart.o(i.UART_AdvFeatureConfig)
    i.UART_CheckIdleState                    0x0800470c   Section        0  stm32l4xx_hal_uart.o(i.UART_CheckIdleState)
    i.UART_DMAAbortOnError                   0x0800477a   Section        0  stm32l4xx_hal_uart.o(i.UART_DMAAbortOnError)
    UART_DMAAbortOnError                     0x0800477b   Thumb Code    24  stm32l4xx_hal_uart.o(i.UART_DMAAbortOnError)
    i.UART_DMAError                          0x08004792   Section        0  stm32l4xx_hal_uart.o(i.UART_DMAError)
    UART_DMAError                            0x08004793   Thumb Code    86  stm32l4xx_hal_uart.o(i.UART_DMAError)
    i.UART_DMAReceiveCplt                    0x080047e8   Section        0  stm32l4xx_hal_uart.o(i.UART_DMAReceiveCplt)
    UART_DMAReceiveCplt                      0x080047e9   Thumb Code    70  stm32l4xx_hal_uart.o(i.UART_DMAReceiveCplt)
    i.UART_DMARxHalfCplt                     0x0800482e   Section        0  stm32l4xx_hal_uart.o(i.UART_DMARxHalfCplt)
    UART_DMARxHalfCplt                       0x0800482f   Thumb Code    14  stm32l4xx_hal_uart.o(i.UART_DMARxHalfCplt)
    i.UART_EndRxTransfer                     0x0800483c   Section        0  stm32l4xx_hal_uart.o(i.UART_EndRxTransfer)
    UART_EndRxTransfer                       0x0800483d   Thumb Code    34  stm32l4xx_hal_uart.o(i.UART_EndRxTransfer)
    i.UART_EndTransmit_IT                    0x0800485e   Section        0  stm32l4xx_hal_uart.o(i.UART_EndTransmit_IT)
    UART_EndTransmit_IT                      0x0800485f   Thumb Code    32  stm32l4xx_hal_uart.o(i.UART_EndTransmit_IT)
    i.UART_EndTxTransfer                     0x0800487e   Section        0  stm32l4xx_hal_uart.o(i.UART_EndTxTransfer)
    UART_EndTxTransfer                       0x0800487f   Thumb Code    18  stm32l4xx_hal_uart.o(i.UART_EndTxTransfer)
    i.UART_SetConfig                         0x08004890   Section        0  stm32l4xx_hal_uart.o(i.UART_SetConfig)
    i.UART_WaitOnFlagUntilTimeout            0x08004b5a   Section        0  stm32l4xx_hal_uart.o(i.UART_WaitOnFlagUntilTimeout)
    i.USART1_IRQHandler                      0x08004c10   Section        0  stm32l4xx_it.o(i.USART1_IRQHandler)
    i.USART2_IRQHandler                      0x08004c40   Section        0  stm32l4xx_it.o(i.USART2_IRQHandler)
    i.UsageFault_Handler                     0x08004c70   Section        0  stm32l4xx_it.o(i.UsageFault_Handler)
    i.__0printf                              0x08004c74   Section        0  printfa.o(i.__0printf)
    i.__NVIC_GetPriorityGrouping             0x08004c94   Section        0  stm32l4xx_hal_cortex.o(i.__NVIC_GetPriorityGrouping)
    __NVIC_GetPriorityGrouping               0x08004c95   Thumb Code    10  stm32l4xx_hal_cortex.o(i.__NVIC_GetPriorityGrouping)
    i.__NVIC_SetPriority                     0x08004ca4   Section        0  stm32l4xx_hal_cortex.o(i.__NVIC_SetPriority)
    __NVIC_SetPriority                       0x08004ca5   Thumb Code    32  stm32l4xx_hal_cortex.o(i.__NVIC_SetPriority)
    i.__scatterload_copy                     0x08004ccc   Section       14  handlers.o(i.__scatterload_copy)
    i.__scatterload_null                     0x08004cda   Section        2  handlers.o(i.__scatterload_null)
    i.__scatterload_zeroinit                 0x08004cdc   Section       14  handlers.o(i.__scatterload_zeroinit)
    i._fp_digits                             0x08004cec   Section        0  printfa.o(i._fp_digits)
    _fp_digits                               0x08004ced   Thumb Code   366  printfa.o(i._fp_digits)
    i._printf_core                           0x08004e78   Section        0  printfa.o(i._printf_core)
    _printf_core                             0x08004e79   Thumb Code  1704  printfa.o(i._printf_core)
    i._printf_post_padding                   0x08005532   Section        0  printfa.o(i._printf_post_padding)
    _printf_post_padding                     0x08005533   Thumb Code    36  printfa.o(i._printf_post_padding)
    i._printf_pre_padding                    0x08005556   Section        0  printfa.o(i._printf_pre_padding)
    _printf_pre_padding                      0x08005557   Thumb Code    46  printfa.o(i._printf_pre_padding)
    i.accel_data_convert                     0x08005584   Section        0  bmi160_bsp.o(i.accel_data_convert)
    i.ad7193_continuous_readavg              0x080055cc   Section        0  ad7193.o(i.ad7193_continuous_readavg)
    i.ad7193_convert_to_volts                0x08005610   Section        0  ad7193.o(i.ad7193_convert_to_volts)
    i.ad7193_get_register_value              0x08005694   Section        0  ad7193.o(i.ad7193_get_register_value)
    i.ad7193_temperature_read                0x080056fc   Section        0  ad7193.o(i.ad7193_temperature_read)
    i.bmi160_get_regs                        0x08005738   Section        0  bmi160.o(i.bmi160_get_regs)
    i.bmi160_get_sensor_data                 0x080057c0   Section        0  bmi160.o(i.bmi160_get_sensor_data)
    i.bmi160_read_sensor_data                0x08005858   Section        0  bmi160_bsp.o(i.bmi160_read_sensor_data)
    i.device_ad7193_handle                   0x08005980   Section        0  ad7193.o(i.device_ad7193_handle)
    i.device_bmi160_handle                   0x08005bf0   Section        0  bmi160_bsp.o(i.device_bmi160_handle)
    i.device_key_handle                      0x08005c00   Section        0  main.o(i.device_key_handle)
    device_key_handle                        0x08005c01   Thumb Code    96  main.o(i.device_key_handle)
    i.device_led_handle                      0x08005c74   Section        0  main.o(i.device_led_handle)
    device_led_handle                        0x08005c75   Thumb Code   104  main.o(i.device_led_handle)
    i.device_lpw_handle                      0x08005ce0   Section        0  main.o(i.device_lpw_handle)
    device_lpw_handle                        0x08005ce1   Thumb Code    18  main.o(i.device_lpw_handle)
    i.device_temper_handle                   0x08005cf8   Section        0  main.o(i.device_temper_handle)
    device_temper_handle                     0x08005cf9   Thumb Code     2  main.o(i.device_temper_handle)
    i.device_uart_handle                     0x08005cfc   Section        0  uart.o(i.device_uart_handle)
    i.flash_page_get                         0x08005d14   Section        0  flash.o(i.flash_page_get)
    flash_page_get                           0x08005d15   Thumb Code    86  flash.o(i.flash_page_get)
    i.flash_read                             0x08005d70   Section        0  flash.o(i.flash_read)
    i.flash_write                            0x08005d90   Section        0  flash.o(i.flash_write)
    i.fputc                                  0x08005e70   Section        0  uart.o(i.fputc)
    i.free                                   0x08005e8c   Section        0  malloc.o(i.free)
    i.get_accel_data                         0x08005edc   Section        0  bmi160.o(i.get_accel_data)
    get_accel_data                           0x08005edd   Thumb Code   226  bmi160.o(i.get_accel_data)
    i.get_accel_gyro_data                    0x08005fc4   Section        0  bmi160.o(i.get_accel_gyro_data)
    get_accel_gyro_data                      0x08005fc5   Thumb Code   354  bmi160.o(i.get_accel_gyro_data)
    i.get_gyro_data                          0x0800612c   Section        0  bmi160.o(i.get_gyro_data)
    get_gyro_data                            0x0800612d   Thumb Code   352  bmi160.o(i.get_gyro_data)
    i.gyro_data_convert                      0x08006294   Section        0  bmi160_bsp.o(i.gyro_data_convert)
    i.hook_idle_handle                       0x080062d8   Section        0  main.o(i.hook_idle_handle)
    hook_idle_handle                         0x080062d9   Thumb Code    16  main.o(i.hook_idle_handle)
    i.main                                   0x08006308   Section        0  main.o(i.main)
    i.malloc                                 0x0800651c   Section        0  malloc.o(i.malloc)
    i.midval_filter                          0x08006588   Section        0  bmi160_bsp.o(i.midval_filter)
    i.sem_create                             0x080065d8   Section        0  os.o(i.sem_create)
    i.sem_release                            0x080065e0   Section        0  os.o(i.sem_release)
    i.sem_take                               0x080065ea   Section        0  os.o(i.sem_take)
    i.sem_wait                               0x080065f8   Section        0  os.o(i.sem_wait)
    i.tasks_os_run                           0x0800662c   Section        0  os.o(i.tasks_os_run)
    i.uart_dma_recvlen                       0x080066a2   Section        0  uart.o(i.uart_dma_recvlen)
    uart_dma_recvlen                         0x080066a3   Thumb Code    14  uart.o(i.uart_dma_recvlen)
    i.uart_dma_reset                         0x080066b0   Section        0  uart.o(i.uart_dma_reset)
    uart_dma_reset                           0x080066b1   Thumb Code    44  uart.o(i.uart_dma_reset)
    i.uart_rx_task                           0x080066dc   Section        0  uart.o(i.uart_rx_task)
    uart_rx_task                             0x080066dd   Thumb Code   124  uart.o(i.uart_rx_task)
    .constdata                               0x08006770   Section       72  system_stm32l4xx.o(.constdata)
    .data                                    0x20000000   Section       24  bmi160_bsp.o(.data)
    .data                                    0x20000018   Section        8  ad7193.o(.data)
    .data                                    0x20000020   Section        4  tim.o(.data)
    cnt                                      0x20000020   Data           4  tim.o(.data)
    .data                                    0x20000024   Section      175  main.o(.data)
    last_key                                 0x200000d0   Data           1  main.o(.data)
    now_key                                  0x200000d1   Data           1  main.o(.data)
    key_count                                0x200000d2   Data           1  main.o(.data)
    .data                                    0x200000d4   Section        9  stm32l4xx_hal.o(.data)
    .data                                    0x200000e0   Section       32  stm32l4xx_hal_flash.o(.data)
    .data                                    0x20000100   Section        4  system_stm32l4xx.o(.data)
    .data                                    0x20000104   Section        4  stdout.o(.data)
    .data                                    0x20000108   Section        4  mvars.o(.data)
    .data                                    0x2000010c   Section        4  mvars.o(.data)
    .bss                                     0x20000110   Section       44  bmi160_bsp.o(.bss)
    .bss                                     0x2000013c   Section       80  ad7193.o(.bss)
    ch_tmp                                   0x20000164   Data          40  ad7193.o(.bss)
    .bss                                     0x2000018c   Section     1440  uart.o(.bss)
    .bss                                     0x2000072c   Section       76  i2c.o(.bss)
    .bss                                     0x20000778   Section      100  spi.o(.bss)
    .bss                                     0x200007dc   Section       16  wtd.o(.bss)
    .bss                                     0x200007ec   Section     2048  flash.o(.bss)
    .bss                                     0x20000fec   Section       76  tim.o(.bss)
    .bss                                     0x20001038   Section       36  main.o(.bss)
    HEAP                                     0x20001060   Section      512  startup_stm32l432xx.o(HEAP)
    STACK                                    0x20001260   Section     1024  startup_stm32l432xx.o(STACK)

    Global Symbols

    Symbol Name                              Value     Ov Type        Size  Object(Section)

    BuildAttributes$$THM_ISAv4$E$P$D$K$B$S$7EM$VFPi3$EXTD16$VFPS$VFMA$PE$A:L22UL41UL21$X:L11$S22US41US21$IEEE1$IW$USESV6$~STKCKD$USESV7$~SHL$OTIME$ROPI$EBA8$MICROLIB$REQ8$PRES8$EABIv2 0x00000000   Number         0  anon$$obj.o ABSOLUTE
    __ARM_use_no_argv                        0x00000000   Number         0  main.o ABSOLUTE
    _printf_a                                0x00000000   Number         0  stubs.o ABSOLUTE
    _printf_c                                0x00000000   Number         0  stubs.o ABSOLUTE
    _printf_charcount                        0x00000000   Number         0  stubs.o ABSOLUTE
    _printf_d                                0x00000000   Number         0  stubs.o ABSOLUTE
    _printf_e                                0x00000000   Number         0  stubs.o ABSOLUTE
    _printf_f                                0x00000000   Number         0  stubs.o ABSOLUTE
    _printf_flags                            0x00000000   Number         0  stubs.o ABSOLUTE
    _printf_fp_dec                           0x00000000   Number         0  stubs.o ABSOLUTE
    _printf_fp_hex                           0x00000000   Number         0  stubs.o ABSOLUTE
    _printf_g                                0x00000000   Number         0  stubs.o ABSOLUTE
    _printf_i                                0x00000000   Number         0  stubs.o ABSOLUTE
    _printf_int_dec                          0x00000000   Number         0  stubs.o ABSOLUTE
    _printf_l                                0x00000000   Number         0  stubs.o ABSOLUTE
    _printf_lc                               0x00000000   Number         0  stubs.o ABSOLUTE
    _printf_ll                               0x00000000   Number         0  stubs.o ABSOLUTE
    _printf_lld                              0x00000000   Number         0  stubs.o ABSOLUTE
    _printf_lli                              0x00000000   Number         0  stubs.o ABSOLUTE
    _printf_llo                              0x00000000   Number         0  stubs.o ABSOLUTE
    _printf_llu                              0x00000000   Number         0  stubs.o ABSOLUTE
    _printf_llx                              0x00000000   Number         0  stubs.o ABSOLUTE
    _printf_longlong_dec                     0x00000000   Number         0  stubs.o ABSOLUTE
    _printf_longlong_hex                     0x00000000   Number         0  stubs.o ABSOLUTE
    _printf_longlong_oct                     0x00000000   Number         0  stubs.o ABSOLUTE
    _printf_ls                               0x00000000   Number         0  stubs.o ABSOLUTE
    _printf_mbtowc                           0x00000000   Number         0  stubs.o ABSOLUTE
    _printf_n                                0x00000000   Number         0  stubs.o ABSOLUTE
    _printf_o                                0x00000000   Number         0  stubs.o ABSOLUTE
    _printf_p                                0x00000000   Number         0  stubs.o ABSOLUTE
    _printf_percent                          0x00000000   Number         0  stubs.o ABSOLUTE
    _printf_pre_padding                      0x00000000   Number         0  stubs.o ABSOLUTE
    _printf_return_value                     0x00000000   Number         0  stubs.o ABSOLUTE
    _printf_s                                0x00000000   Number         0  stubs.o ABSOLUTE
    _printf_sizespec                         0x00000000   Number         0  stubs.o ABSOLUTE
    _printf_str                              0x00000000   Number         0  stubs.o ABSOLUTE
    _printf_truncate_signed                  0x00000000   Number         0  stubs.o ABSOLUTE
    _printf_truncate_unsigned                0x00000000   Number         0  stubs.o ABSOLUTE
    _printf_u                                0x00000000   Number         0  stubs.o ABSOLUTE
    _printf_wc                               0x00000000   Number         0  stubs.o ABSOLUTE
    _printf_wctomb                           0x00000000   Number         0  stubs.o ABSOLUTE
    _printf_widthprec                        0x00000000   Number         0  stubs.o ABSOLUTE
    _printf_x                                0x00000000   Number         0  stubs.o ABSOLUTE
    __arm_fini_                               - Undefined Weak Reference
    __cpp_initialize__aeabi_                  - Undefined Weak Reference
    __cxa_finalize                            - Undefined Weak Reference
    __decompress                              - Undefined Weak Reference
    _clock_init                               - Undefined Weak Reference
    _microlib_exit                            - Undefined Weak Reference
    __Vectors_Size                           0x0000018c   Number         0  startup_stm32l432xx.o ABSOLUTE
    __Vectors                                0x08000000   Data           4  startup_stm32l432xx.o(RESET)
    __Vectors_End                            0x0800018c   Data           0  startup_stm32l432xx.o(RESET)
    __main                                   0x0800018d   Thumb Code     0  entry.o(.ARM.Collect$$$$00000000)
    _main_stk                                0x0800018d   Thumb Code     0  entry2.o(.ARM.Collect$$$$00000001)
    _main_scatterload                        0x08000191   Thumb Code     0  entry5.o(.ARM.Collect$$$$00000004)
    __main_after_scatterload                 0x08000195   Thumb Code     0  entry5.o(.ARM.Collect$$$$00000004)
    _main_clock                              0x08000195   Thumb Code     0  entry7b.o(.ARM.Collect$$$$00000008)
    _main_cpp_init                           0x08000195   Thumb Code     0  entry8b.o(.ARM.Collect$$$$0000000A)
    _main_init                               0x08000195   Thumb Code     0  entry9a.o(.ARM.Collect$$$$0000000B)
    __rt_lib_shutdown_fini                   0x0800019d   Thumb Code     0  entry12b.o(.ARM.Collect$$$$0000000E)
    __rt_final_cpp                           0x080001a1   Thumb Code     0  entry10a.o(.ARM.Collect$$$$0000000F)
    __rt_final_exit                          0x080001a1   Thumb Code     0  entry11a.o(.ARM.Collect$$$$00000011)
    Reset_Handler                            0x080001a5   Thumb Code     8  startup_stm32l432xx.o(.text)
    ADC1_IRQHandler                          0x080001bf   Thumb Code     0  startup_stm32l432xx.o(.text)
    CAN1_RX0_IRQHandler                      0x080001bf   Thumb Code     0  startup_stm32l432xx.o(.text)
    CAN1_RX1_IRQHandler                      0x080001bf   Thumb Code     0  startup_stm32l432xx.o(.text)
    CAN1_SCE_IRQHandler                      0x080001bf   Thumb Code     0  startup_stm32l432xx.o(.text)
    CAN1_TX_IRQHandler                       0x080001bf   Thumb Code     0  startup_stm32l432xx.o(.text)
    COMP_IRQHandler                          0x080001bf   Thumb Code     0  startup_stm32l432xx.o(.text)
    CRS_IRQHandler                           0x080001bf   Thumb Code     0  startup_stm32l432xx.o(.text)
    DMA1_Channel1_IRQHandler                 0x080001bf   Thumb Code     0  startup_stm32l432xx.o(.text)
    DMA1_Channel2_IRQHandler                 0x080001bf   Thumb Code     0  startup_stm32l432xx.o(.text)
    DMA1_Channel3_IRQHandler                 0x080001bf   Thumb Code     0  startup_stm32l432xx.o(.text)
    DMA1_Channel4_IRQHandler                 0x080001bf   Thumb Code     0  startup_stm32l432xx.o(.text)
    DMA1_Channel5_IRQHandler                 0x080001bf   Thumb Code     0  startup_stm32l432xx.o(.text)
    DMA1_Channel6_IRQHandler                 0x080001bf   Thumb Code     0  startup_stm32l432xx.o(.text)
    DMA1_Channel7_IRQHandler                 0x080001bf   Thumb Code     0  startup_stm32l432xx.o(.text)
    DMA2_Channel1_IRQHandler                 0x080001bf   Thumb Code     0  startup_stm32l432xx.o(.text)
    DMA2_Channel2_IRQHandler                 0x080001bf   Thumb Code     0  startup_stm32l432xx.o(.text)
    DMA2_Channel3_IRQHandler                 0x080001bf   Thumb Code     0  startup_stm32l432xx.o(.text)
    DMA2_Channel4_IRQHandler                 0x080001bf   Thumb Code     0  startup_stm32l432xx.o(.text)
    DMA2_Channel5_IRQHandler                 0x080001bf   Thumb Code     0  startup_stm32l432xx.o(.text)
    DMA2_Channel6_IRQHandler                 0x080001bf   Thumb Code     0  startup_stm32l432xx.o(.text)
    DMA2_Channel7_IRQHandler                 0x080001bf   Thumb Code     0  startup_stm32l432xx.o(.text)
    EXTI1_IRQHandler                         0x080001bf   Thumb Code     0  startup_stm32l432xx.o(.text)
    EXTI2_IRQHandler                         0x080001bf   Thumb Code     0  startup_stm32l432xx.o(.text)
    EXTI3_IRQHandler                         0x080001bf   Thumb Code     0  startup_stm32l432xx.o(.text)
    EXTI4_IRQHandler                         0x080001bf   Thumb Code     0  startup_stm32l432xx.o(.text)
    EXTI9_5_IRQHandler                       0x080001bf   Thumb Code     0  startup_stm32l432xx.o(.text)
    FLASH_IRQHandler                         0x080001bf   Thumb Code     0  startup_stm32l432xx.o(.text)
    FPU_IRQHandler                           0x080001bf   Thumb Code     0  startup_stm32l432xx.o(.text)
    I2C1_ER_IRQHandler                       0x080001bf   Thumb Code     0  startup_stm32l432xx.o(.text)
    I2C1_EV_IRQHandler                       0x080001bf   Thumb Code     0  startup_stm32l432xx.o(.text)
    I2C3_ER_IRQHandler                       0x080001bf   Thumb Code     0  startup_stm32l432xx.o(.text)
    I2C3_EV_IRQHandler                       0x080001bf   Thumb Code     0  startup_stm32l432xx.o(.text)
    LPTIM1_IRQHandler                        0x080001bf   Thumb Code     0  startup_stm32l432xx.o(.text)
    LPTIM2_IRQHandler                        0x080001bf   Thumb Code     0  startup_stm32l432xx.o(.text)
    LPUART1_IRQHandler                       0x080001bf   Thumb Code     0  startup_stm32l432xx.o(.text)
    PVD_PVM_IRQHandler                       0x080001bf   Thumb Code     0  startup_stm32l432xx.o(.text)
    QUADSPI_IRQHandler                       0x080001bf   Thumb Code     0  startup_stm32l432xx.o(.text)
    RCC_IRQHandler                           0x080001bf   Thumb Code     0  startup_stm32l432xx.o(.text)
    RNG_IRQHandler                           0x080001bf   Thumb Code     0  startup_stm32l432xx.o(.text)
    RTC_Alarm_IRQHandler                     0x080001bf   Thumb Code     0  startup_stm32l432xx.o(.text)
    SAI1_IRQHandler                          0x080001bf   Thumb Code     0  startup_stm32l432xx.o(.text)
    SPI1_IRQHandler                          0x080001bf   Thumb Code     0  startup_stm32l432xx.o(.text)
    SPI3_IRQHandler                          0x080001bf   Thumb Code     0  startup_stm32l432xx.o(.text)
    SWPMI1_IRQHandler                        0x080001bf   Thumb Code     0  startup_stm32l432xx.o(.text)
    TAMP_STAMP_IRQHandler                    0x080001bf   Thumb Code     0  startup_stm32l432xx.o(.text)
    TIM1_BRK_TIM15_IRQHandler                0x080001bf   Thumb Code     0  startup_stm32l432xx.o(.text)
    TIM1_CC_IRQHandler                       0x080001bf   Thumb Code     0  startup_stm32l432xx.o(.text)
    TIM1_TRG_COM_IRQHandler                  0x080001bf   Thumb Code     0  startup_stm32l432xx.o(.text)
    TIM1_UP_TIM16_IRQHandler                 0x080001bf   Thumb Code     0  startup_stm32l432xx.o(.text)
    TIM6_DAC_IRQHandler                      0x080001bf   Thumb Code     0  startup_stm32l432xx.o(.text)
    TIM7_IRQHandler                          0x080001bf   Thumb Code     0  startup_stm32l432xx.o(.text)
    TSC_IRQHandler                           0x080001bf   Thumb Code     0  startup_stm32l432xx.o(.text)
    USB_IRQHandler                           0x080001bf   Thumb Code     0  startup_stm32l432xx.o(.text)
    WWDG_IRQHandler                          0x080001bf   Thumb Code     0  startup_stm32l432xx.o(.text)
    __aeabi_uldivmod                         0x080001c9   Thumb Code    98  uldiv.o(.text)
    __aeabi_memcpy                           0x08000231   Thumb Code    36  memcpya.o(.text)
    __aeabi_memcpy4                          0x08000231   Thumb Code     0  memcpya.o(.text)
    __aeabi_memcpy8                          0x08000231   Thumb Code     0  memcpya.o(.text)
    __aeabi_memset                           0x08000255   Thumb Code    14  memseta.o(.text)
    __aeabi_memset4                          0x08000255   Thumb Code     0  memseta.o(.text)
    __aeabi_memset8                          0x08000255   Thumb Code     0  memseta.o(.text)
    __aeabi_memclr                           0x08000263   Thumb Code     4  memseta.o(.text)
    __aeabi_memclr4                          0x08000263   Thumb Code     0  memseta.o(.text)
    __aeabi_memclr8                          0x08000263   Thumb Code     0  memseta.o(.text)
    _memset$wrapper                          0x08000267   Thumb Code    18  memseta.o(.text)
    __aeabi_dmul                             0x08000279   Thumb Code   228  dmul.o(.text)
    __aeabi_ddiv                             0x08000363   Thumb Code   222  ddiv.o(.text)
    __aeabi_i2d                              0x08000441   Thumb Code    34  dflti.o(.text)
    __aeabi_f2d                              0x08000463   Thumb Code    38  f2d.o(.text)
    __aeabi_d2f                              0x08000489   Thumb Code    56  d2f.o(.text)
    __aeabi_uidiv                            0x080004c1   Thumb Code     0  uidiv.o(.text)
    __aeabi_uidivmod                         0x080004c1   Thumb Code    44  uidiv.o(.text)
    __aeabi_llsl                             0x080004ed   Thumb Code    30  llshl.o(.text)
    _ll_shift_l                              0x080004ed   Thumb Code     0  llshl.o(.text)
    __aeabi_llsr                             0x0800050b   Thumb Code    32  llushr.o(.text)
    _ll_ushift_r                             0x0800050b   Thumb Code     0  llushr.o(.text)
    __I$use$fp                               0x0800052b   Thumb Code     0  iusefp.o(.text)
    _float_round                             0x0800052b   Thumb Code    18  fepilogue.o(.text)
    _float_epilogue                          0x0800053d   Thumb Code    92  fepilogue.o(.text)
    _double_round                            0x08000599   Thumb Code    30  depilogue.o(.text)
    _double_epilogue                         0x080005b7   Thumb Code   156  depilogue.o(.text)
    __aeabi_dadd                             0x08000653   Thumb Code   322  dadd.o(.text)
    __aeabi_dsub                             0x08000795   Thumb Code     6  dadd.o(.text)
    __aeabi_drsub                            0x0800079b   Thumb Code     6  dadd.o(.text)
    __aeabi_d2ulz                            0x080007b1   Thumb Code    48  dfixul.o(.text)
    __aeabi_cdrcmple                         0x080007e1   Thumb Code    48  cdrcmple.o(.text)
    __scatterload                            0x08000811   Thumb Code    28  init.o(.text)
    __scatterload_rt2                        0x08000811   Thumb Code     0  init.o(.text)
    __aeabi_lasr                             0x08000835   Thumb Code    36  llsshr.o(.text)
    _ll_sshift_r                             0x08000835   Thumb Code     0  llsshr.o(.text)
    BusFault_Handler                         0x08000859   Thumb Code     4  stm32l4xx_it.o(i.BusFault_Handler)
    DebugMon_Handler                         0x0800088d   Thumb Code     2  stm32l4xx_it.o(i.DebugMon_Handler)
    EXTI0_IRQHandler                         0x0800088f   Thumb Code    10  stm32l4xx_it.o(i.EXTI0_IRQHandler)
    EXTI15_10_IRQHandler                     0x08000899   Thumb Code    12  stm32l4xx_it.o(i.EXTI15_10_IRQHandler)
    Error_Handler                            0x080008a5   Thumb Code     6  misc.o(i.Error_Handler)
    FLASH_FlushCaches                        0x080008f1   Thumb Code   100  stm32l4xx_hal_flash_ex.o(i.FLASH_FlushCaches)
    FLASH_PageErase                          0x08000981   Thumb Code    40  stm32l4xx_hal_flash_ex.o(i.FLASH_PageErase)
    FLASH_WaitForLastOperation               0x08000a1d   Thumb Code   130  stm32l4xx_hal_flash.o(i.FLASH_WaitForLastOperation)
    HAL_DMA_Abort_IT                         0x08000c7b   Thumb Code    92  stm32l4xx_hal_dma.o(i.HAL_DMA_Abort_IT)
    HAL_DMA_DeInit                           0x08000cd9   Thumb Code   188  stm32l4xx_hal_dma.o(i.HAL_DMA_DeInit)
    HAL_DMA_Init                             0x08000d9d   Thumb Code   258  stm32l4xx_hal_dma.o(i.HAL_DMA_Init)
    HAL_DMA_Start_IT                         0x08000ea9   Thumb Code   156  stm32l4xx_hal_dma.o(i.HAL_DMA_Start_IT)
    HAL_Delay                                0x08000f45   Thumb Code    36  stm32l4xx_hal.o(i.HAL_Delay)
    HAL_FLASHEx_Erase                        0x08000f6d   Thumb Code   260  stm32l4xx_hal_flash_ex.o(i.HAL_FLASHEx_Erase)
    HAL_FLASH_Lock                           0x08001079   Thumb Code    16  stm32l4xx_hal_flash.o(i.HAL_FLASH_Lock)
    HAL_FLASH_Program                        0x0800108d   Thumb Code   182  stm32l4xx_hal_flash.o(i.HAL_FLASH_Program)
    HAL_FLASH_Unlock                         0x0800114d   Thumb Code    36  stm32l4xx_hal_flash.o(i.HAL_FLASH_Unlock)
    HAL_GPIO_DeInit                          0x0800117d   Thumb Code   238  stm32l4xx_hal_gpio.o(i.HAL_GPIO_DeInit)
    HAL_GPIO_EXTI_Callback                   0x0800127d   Thumb Code     8  gpio.o(i.HAL_GPIO_EXTI_Callback)
    HAL_GPIO_EXTI_IRQHandler                 0x08001285   Thumb Code    24  stm32l4xx_hal_gpio.o(i.HAL_GPIO_EXTI_IRQHandler)
    HAL_GPIO_Init                            0x080012a1   Thumb Code   408  stm32l4xx_hal_gpio.o(i.HAL_GPIO_Init)
    HAL_GPIO_ReadPin                         0x0800144d   Thumb Code    16  stm32l4xx_hal_gpio.o(i.HAL_GPIO_ReadPin)
    HAL_GPIO_TogglePin                       0x0800145d   Thumb Code    20  stm32l4xx_hal_gpio.o(i.HAL_GPIO_TogglePin)
    HAL_GPIO_WritePin                        0x08001471   Thumb Code    10  stm32l4xx_hal_gpio.o(i.HAL_GPIO_WritePin)
    HAL_GetTick                              0x0800147d   Thumb Code     6  stm32l4xx_hal.o(i.HAL_GetTick)
    HAL_I2CEx_ConfigAnalogFilter             0x08001489   Thumb Code   106  stm32l4xx_hal_i2c_ex.o(i.HAL_I2CEx_ConfigAnalogFilter)
    HAL_I2CEx_ConfigDigitalFilter            0x080014f3   Thumb Code   104  stm32l4xx_hal_i2c_ex.o(i.HAL_I2CEx_ConfigDigitalFilter)
    HAL_I2C_Init                             0x0800155d   Thumb Code   192  stm32l4xx_hal_i2c.o(i.HAL_I2C_Init)
    HAL_I2C_MspDeInit                        0x08001621   Thumb Code    74  stm32l4xx_hal_msp.o(i.HAL_I2C_MspDeInit)
    HAL_I2C_MspInit                          0x08001679   Thumb Code   110  stm32l4xx_hal_msp.o(i.HAL_I2C_MspInit)
    HAL_IWDG_Refresh                         0x080016f5   Thumb Code    14  stm32l4xx_hal_iwdg.o(i.HAL_IWDG_Refresh)
    HAL_IncTick                              0x08001705   Thumb Code    16  stm32l4xx_hal.o(i.HAL_IncTick)
    HAL_Init                                 0x0800171d   Thumb Code    30  stm32l4xx_hal.o(i.HAL_Init)
    HAL_InitTick                             0x0800173d   Thumb Code    74  stm32l4xx_hal.o(i.HAL_InitTick)
    HAL_MspInit                              0x08001795   Thumb Code    64  stm32l4xx_hal_msp.o(i.HAL_MspInit)
    HAL_NVIC_DisableIRQ                      0x080017d9   Thumb Code    62  stm32l4xx_hal_cortex.o(i.HAL_NVIC_DisableIRQ)
    HAL_NVIC_EnableIRQ                       0x0800181d   Thumb Code    40  stm32l4xx_hal_cortex.o(i.HAL_NVIC_EnableIRQ)
    HAL_NVIC_SetPriority                     0x08001845   Thumb Code   124  stm32l4xx_hal_cortex.o(i.HAL_NVIC_SetPriority)
    HAL_NVIC_SetPriorityGrouping             0x080018c9   Thumb Code    32  stm32l4xx_hal_cortex.o(i.HAL_NVIC_SetPriorityGrouping)
    HAL_PWREx_ControlVoltageScaling          0x080018f1   Thumb Code   128  stm32l4xx_hal_pwr_ex.o(i.HAL_PWREx_ControlVoltageScaling)
    HAL_PWREx_EnterSTOP2Mode                 0x0800197d   Thumb Code    54  stm32l4xx_hal_pwr_ex.o(i.HAL_PWREx_EnterSTOP2Mode)
    HAL_PWREx_GetVoltageRange                0x080019bd   Thumb Code    10  stm32l4xx_hal_pwr_ex.o(i.HAL_PWREx_GetVoltageRange)
    HAL_RCCEx_PeriphCLKConfig                0x080019cd   Thumb Code   834  stm32l4xx_hal_rcc_ex.o(i.HAL_RCCEx_PeriphCLKConfig)
    HAL_RCC_ClockConfig                      0x08001d19   Thumb Code   360  stm32l4xx_hal_rcc.o(i.HAL_RCC_ClockConfig)
    HAL_RCC_GetHCLKFreq                      0x08001e95   Thumb Code     6  stm32l4xx_hal_rcc.o(i.HAL_RCC_GetHCLKFreq)
    HAL_RCC_GetPCLK1Freq                     0x08001ea1   Thumb Code    26  stm32l4xx_hal_rcc.o(i.HAL_RCC_GetPCLK1Freq)
    HAL_RCC_GetPCLK2Freq                     0x08001ec5   Thumb Code    26  stm32l4xx_hal_rcc.o(i.HAL_RCC_GetPCLK2Freq)
    HAL_RCC_GetSysClockFreq                  0x08001ee9   Thumb Code   220  stm32l4xx_hal_rcc.o(i.HAL_RCC_GetSysClockFreq)
    HAL_RCC_OscConfig                        0x08001fd5   Thumb Code  1878  stm32l4xx_hal_rcc.o(i.HAL_RCC_OscConfig)
    HAL_RTCEx_DeactivateWakeUpTimer          0x0800273d   Thumb Code   164  stm32l4xx_hal_rtc_ex.o(i.HAL_RTCEx_DeactivateWakeUpTimer)
    HAL_RTCEx_SetWakeUpTimer_IT              0x080027e1   Thumb Code   256  stm32l4xx_hal_rtc_ex.o(i.HAL_RTCEx_SetWakeUpTimer_IT)
    HAL_RTCEx_WakeUpTimerEventCallback       0x080028e5   Thumb Code    10  main.o(i.HAL_RTCEx_WakeUpTimerEventCallback)
    HAL_RTCEx_WakeUpTimerIRQHandler          0x080028f1   Thumb Code    52  stm32l4xx_hal_rtc_ex.o(i.HAL_RTCEx_WakeUpTimerIRQHandler)
    HAL_RTC_Init                             0x08002929   Thumb Code   170  stm32l4xx_hal_rtc.o(i.HAL_RTC_Init)
    HAL_RTC_MspInit                          0x080029d9   Thumb Code    88  stm32l4xx_hal_msp.o(i.HAL_RTC_MspInit)
    HAL_RTC_WaitForSynchro                   0x08002a35   Thumb Code    56  stm32l4xx_hal_rtc.o(i.HAL_RTC_WaitForSynchro)
    HAL_SPI_Init                             0x08002a6d   Thumb Code   240  stm32l4xx_hal_spi.o(i.HAL_SPI_Init)
    HAL_SPI_MspDeInit                        0x08002b5d   Thumb Code    40  stm32l4xx_hal_msp.o(i.HAL_SPI_MspDeInit)
    HAL_SPI_MspInit                          0x08002b91   Thumb Code   108  stm32l4xx_hal_msp.o(i.HAL_SPI_MspInit)
    HAL_SPI_Receive                          0x08002c09   Thumb Code   422  stm32l4xx_hal_spi.o(i.HAL_SPI_Receive)
    HAL_SPI_Transmit                         0x08002daf   Thumb Code   490  stm32l4xx_hal_spi.o(i.HAL_SPI_Transmit)
    HAL_SPI_TransmitReceive                  0x08002f9f   Thumb Code   700  stm32l4xx_hal_spi.o(i.HAL_SPI_TransmitReceive)
    HAL_SYSTICK_CLKSourceConfig              0x08003261   Thumb Code    40  stm32l4xx_hal_cortex.o(i.HAL_SYSTICK_CLKSourceConfig)
    HAL_SYSTICK_Config                       0x08003289   Thumb Code    52  stm32l4xx_hal_cortex.o(i.HAL_SYSTICK_Config)
    HAL_TIMEx_Break2Callback                 0x080032bd   Thumb Code     2  stm32l4xx_hal_tim_ex.o(i.HAL_TIMEx_Break2Callback)
    HAL_TIMEx_BreakCallback                  0x080032bf   Thumb Code     2  stm32l4xx_hal_tim_ex.o(i.HAL_TIMEx_BreakCallback)
    HAL_TIMEx_CommutCallback                 0x080032c1   Thumb Code     2  stm32l4xx_hal_tim_ex.o(i.HAL_TIMEx_CommutCallback)
    HAL_TIM_IC_CaptureCallback               0x080032c3   Thumb Code     2  stm32l4xx_hal_tim.o(i.HAL_TIM_IC_CaptureCallback)
    HAL_TIM_IRQHandler                       0x080032c5   Thumb Code   440  stm32l4xx_hal_tim.o(i.HAL_TIM_IRQHandler)
    HAL_TIM_OC_DelayElapsedCallback          0x0800347d   Thumb Code     2  stm32l4xx_hal_tim.o(i.HAL_TIM_OC_DelayElapsedCallback)
    HAL_TIM_PWM_PulseFinishedCallback        0x0800347f   Thumb Code     2  stm32l4xx_hal_tim.o(i.HAL_TIM_PWM_PulseFinishedCallback)
    HAL_TIM_PeriodElapsedCallback            0x08003481   Thumb Code    56  tim.o(i.HAL_TIM_PeriodElapsedCallback)
    HAL_TIM_TriggerCallback                  0x080034c1   Thumb Code     2  stm32l4xx_hal_tim.o(i.HAL_TIM_TriggerCallback)
    HAL_UARTEx_WakeupCallback                0x080034c3   Thumb Code     2  stm32l4xx_hal_uart_ex.o(i.HAL_UARTEx_WakeupCallback)
    HAL_UART_ErrorCallback                   0x080034c5   Thumb Code     2  stm32l4xx_hal_uart.o(i.HAL_UART_ErrorCallback)
    HAL_UART_IRQHandler                      0x080034c9   Thumb Code   430  stm32l4xx_hal_uart.o(i.HAL_UART_IRQHandler)
    HAL_UART_Init                            0x08003681   Thumb Code   116  stm32l4xx_hal_uart.o(i.HAL_UART_Init)
    HAL_UART_MspDeInit                       0x080036f5   Thumb Code    94  stm32l4xx_hal_msp.o(i.HAL_UART_MspDeInit)
    HAL_UART_MspInit                         0x08003765   Thumb Code   404  stm32l4xx_hal_msp.o(i.HAL_UART_MspInit)
    HAL_UART_Receive_DMA                     0x08003911   Thumb Code   180  stm32l4xx_hal_uart.o(i.HAL_UART_Receive_DMA)
    HAL_UART_RxCpltCallback                  0x080039d1   Thumb Code     2  stm32l4xx_hal_uart.o(i.HAL_UART_RxCpltCallback)
    HAL_UART_RxHalfCpltCallback              0x080039d3   Thumb Code     2  stm32l4xx_hal_uart.o(i.HAL_UART_RxHalfCpltCallback)
    HAL_UART_Transmit                        0x080039d5   Thumb Code   210  stm32l4xx_hal_uart.o(i.HAL_UART_Transmit)
    HAL_UART_TxCpltCallback                  0x08003aad   Thumb Code     2  stm32l4xx_hal_uart.o(i.HAL_UART_TxCpltCallback)
    HardFault_Handler                        0x08003aaf   Thumb Code     4  stm32l4xx_it.o(i.HardFault_Handler)
    IWDG_Feed                                0x08003ab5   Thumb Code    10  wtd.o(i.IWDG_Feed)
    MX_DMA_Init                              0x08003ac5   Thumb Code    64  uart.o(i.MX_DMA_Init)
    MX_GPIO_Init                             0x08003b09   Thumb Code   390  gpio.o(i.MX_GPIO_Init)
    MX_I2C1_Init                             0x08003ca1   Thumb Code    74  i2c.o(i.MX_I2C1_Init)
    MX_SPI3_Init                             0x08003cf9   Thumb Code    74  spi.o(i.MX_SPI3_Init)
    MX_USART1_UART_Init                      0x08003d4d   Thumb Code    92  uart.o(i.MX_USART1_UART_Init)
    MX_USART2_UART_Init                      0x08003db5   Thumb Code    92  uart.o(i.MX_USART2_UART_Init)
    MemManage_Handler                        0x08003e1d   Thumb Code     4  stm32l4xx_it.o(i.MemManage_Handler)
    NMI_Handler                              0x08003e21   Thumb Code     4  stm32l4xx_it.o(i.NMI_Handler)
    PendSV_Handler                           0x08003e25   Thumb Code     2  stm32l4xx_it.o(i.PendSV_Handler)
    RTC_EnterInitMode                        0x0800404d   Thumb Code    68  stm32l4xx_hal_rtc.o(i.RTC_EnterInitMode)
    RTC_ExitInitMode                         0x08004091   Thumb Code    98  stm32l4xx_hal_rtc.o(i.RTC_ExitInitMode)
    RTC_WKUP_IRQHandler                      0x080040f9   Thumb Code    10  stm32l4xx_it.o(i.RTC_WKUP_IRQHandler)
    SPI_Read                                 0x080041f1   Thumb Code    44  comm.o(i.SPI_Read)
    SVC_Handler                              0x080043eb   Thumb Code     2  stm32l4xx_it.o(i.SVC_Handler)
    SysTick_Handler                          0x080043ed   Thumb Code     8  stm32l4xx_it.o(i.SysTick_Handler)
    SystemInit                               0x080044b9   Thumb Code    68  system_stm32l4xx.o(i.SystemInit)
    TIM2_IRQHandler                          0x08004605   Thumb Code    10  stm32l4xx_it.o(i.TIM2_IRQHandler)
    UART_AdvFeatureConfig                    0x08004615   Thumb Code   248  stm32l4xx_hal_uart.o(i.UART_AdvFeatureConfig)
    UART_CheckIdleState                      0x0800470d   Thumb Code   110  stm32l4xx_hal_uart.o(i.UART_CheckIdleState)
    UART_SetConfig                           0x08004891   Thumb Code   684  stm32l4xx_hal_uart.o(i.UART_SetConfig)
    UART_WaitOnFlagUntilTimeout              0x08004b5b   Thumb Code   180  stm32l4xx_hal_uart.o(i.UART_WaitOnFlagUntilTimeout)
    USART1_IRQHandler                        0x08004c11   Thumb Code    38  stm32l4xx_it.o(i.USART1_IRQHandler)
    USART2_IRQHandler                        0x08004c41   Thumb Code    38  stm32l4xx_it.o(i.USART2_IRQHandler)
    UsageFault_Handler                       0x08004c71   Thumb Code     4  stm32l4xx_it.o(i.UsageFault_Handler)
    __0printf                                0x08004c75   Thumb Code    22  printfa.o(i.__0printf)
    __1printf                                0x08004c75   Thumb Code     0  printfa.o(i.__0printf)
    __2printf                                0x08004c75   Thumb Code     0  printfa.o(i.__0printf)
    __c89printf                              0x08004c75   Thumb Code     0  printfa.o(i.__0printf)
    printf                                   0x08004c75   Thumb Code     0  printfa.o(i.__0printf)
    __scatterload_copy                       0x08004ccd   Thumb Code    14  handlers.o(i.__scatterload_copy)
    __scatterload_null                       0x08004cdb   Thumb Code     2  handlers.o(i.__scatterload_null)
    __scatterload_zeroinit                   0x08004cdd   Thumb Code    14  handlers.o(i.__scatterload_zeroinit)
    accel_data_convert                       0x08005585   Thumb Code    60  bmi160_bsp.o(i.accel_data_convert)
    ad7193_continuous_readavg                0x080055cd   Thumb Code    66  ad7193.o(i.ad7193_continuous_readavg)
    ad7193_convert_to_volts                  0x08005611   Thumb Code   110  ad7193.o(i.ad7193_convert_to_volts)
    ad7193_get_register_value                0x08005695   Thumb Code   102  ad7193.o(i.ad7193_get_register_value)
    ad7193_temperature_read                  0x080056fd   Thumb Code    46  ad7193.o(i.ad7193_temperature_read)
    bmi160_get_regs                          0x08005739   Thumb Code   130  bmi160.o(i.bmi160_get_regs)
    bmi160_get_sensor_data                   0x080057c1   Thumb Code   144  bmi160.o(i.bmi160_get_sensor_data)
    bmi160_read_sensor_data                  0x08005859   Thumb Code   270  bmi160_bsp.o(i.bmi160_read_sensor_data)
    device_ad7193_handle                     0x08005981   Thumb Code   392  ad7193.o(i.device_ad7193_handle)
    device_bmi160_handle                     0x08005bf1   Thumb Code    10  bmi160_bsp.o(i.device_bmi160_handle)
    device_uart_handle                       0x08005cfd   Thumb Code    16  uart.o(i.device_uart_handle)
    flash_read                               0x08005d71   Thumb Code    32  flash.o(i.flash_read)
    flash_write                              0x08005d91   Thumb Code   206  flash.o(i.flash_write)
    fputc                                    0x08005e71   Thumb Code    22  uart.o(i.fputc)
    free                                     0x08005e8d   Thumb Code    76  malloc.o(i.free)
    gyro_data_convert                        0x08006295   Thumb Code    58  bmi160_bsp.o(i.gyro_data_convert)
    main                                     0x08006309   Thumb Code   222  main.o(i.main)
    malloc                                   0x0800651d   Thumb Code    92  malloc.o(i.malloc)
    midval_filter                            0x08006589   Thumb Code    80  bmi160_bsp.o(i.midval_filter)
    sem_create                               0x080065d9   Thumb Code     8  os.o(i.sem_create)
    sem_release                              0x080065e1   Thumb Code    10  os.o(i.sem_release)
    sem_take                                 0x080065eb   Thumb Code    14  os.o(i.sem_take)
    sem_wait                                 0x080065f9   Thumb Code    52  os.o(i.sem_wait)
    tasks_os_run                             0x0800662d   Thumb Code   118  os.o(i.tasks_os_run)
    AHBPrescTable                            0x08006770   Data          16  system_stm32l4xx.o(.constdata)
    APBPrescTable                            0x08006780   Data           8  system_stm32l4xx.o(.constdata)
    MSIRangeTable                            0x08006788   Data          48  system_stm32l4xx.o(.constdata)
    Region$$Table$$Base                      0x080067b8   Number         0  anon$$obj.o(Region$$Table)
    Region$$Table$$Limit                     0x080067d8   Number         0  anon$$obj.o(Region$$Table)
    conv_accel_x                             0x20000000   Data           4  bmi160_bsp.o(.data)
    conv_accel_y                             0x20000004   Data           4  bmi160_bsp.o(.data)
    conv_accel_z                             0x20000008   Data           4  bmi160_bsp.o(.data)
    conv_gyro_x                              0x2000000c   Data           4  bmi160_bsp.o(.data)
    conv_gyro_y                              0x20000010   Data           4  bmi160_bsp.o(.data)
    conv_gyro_z                              0x20000014   Data           4  bmi160_bsp.o(.data)
    currentPolarity                          0x20000018   Data           1  ad7193.o(.data)
    currentGain                              0x20000019   Data           1  ad7193.o(.data)
    tmp_RegValue                             0x2000001c   Data           4  ad7193.o(.data)
    multi_task                               0x20000024   Data         160  main.o(.data)
    LED_Status_Flag                          0x200000c4   Data           1  main.o(.data)
    slp_sem                                  0x200000c8   Data           8  main.o(.data)
    uwTick                                   0x200000d4   Data           4  stm32l4xx_hal.o(.data)
    uwTickPrio                               0x200000d8   Data           4  stm32l4xx_hal.o(.data)
    uwTickFreq                               0x200000dc   Data           1  stm32l4xx_hal.o(.data)
    pFlash                                   0x200000e0   Data          32  stm32l4xx_hal_flash.o(.data)
    SystemCoreClock                          0x20000100   Data           4  system_stm32l4xx.o(.data)
    __stdout                                 0x20000104   Data           4  stdout.o(.data)
    __microlib_freelist                      0x20000108   Data           4  mvars.o(.data)
    __microlib_freelist_initialised          0x2000010c   Data           4  mvars.o(.data)
    sensor_bmi160                            0x20000110   Data          44  bmi160_bsp.o(.bss)
    ch                                       0x2000013c   Data          40  ad7193.o(.bss)
    huart1                                   0x2000018c   Data         128  uart.o(.bss)
    huart2                                   0x2000020c   Data         128  uart.o(.bss)
    hdma_usart1_rx                           0x2000028c   Data          72  uart.o(.bss)
    hdma_usart2_rx                           0x200002d4   Data          72  uart.o(.bss)
    uart1                                    0x2000031c   Data         520  uart.o(.bss)
    uart2                                    0x20000524   Data         520  uart.o(.bss)
    hi2c1                                    0x2000072c   Data          76  i2c.o(.bss)
    hspi3                                    0x20000778   Data         100  spi.o(.bss)
    hiwdg                                    0x200007dc   Data          16  wtd.o(.bss)
    pageBuffer                               0x200007ec   Data        2048  flash.o(.bss)
    htim2                                    0x20000fec   Data          76  tim.o(.bss)
    hrtc                                     0x20001038   Data          36  main.o(.bss)
    __heap_base                              0x20001060   Data           0  startup_stm32l432xx.o(HEAP)
    __heap_limit                             0x20001260   Data           0  startup_stm32l432xx.o(HEAP)
    __initial_sp                             0x20001660   Data           0  startup_stm32l432xx.o(STACK)



==============================================================================

Memory Map of the image

  Image Entry point : 0x080001a5

  Load Region LR_1 (Base: 0x08000000, Size: 0x000068e8, Max: 0xffffffff, ABSOLUTE)

    Execution Region ER_RO (Exec base: 0x08000000, Load base: 0x08000000, Size: 0x000067d8, Max: 0xffffffff, ABSOLUTE)

    Exec Addr    Load Addr    Size         Type   Attr      Idx    E Section Name        Object

    0x08000000   0x08000000   0x0000018c   Data   RO         6085    RESET               startup_stm32l432xx.o
    0x0800018c   0x0800018c   0x00000000   Code   RO         6127  * .ARM.Collect$$$$00000000  mc_w.l(entry.o)
    0x0800018c   0x0800018c   0x00000004   Code   RO         6437    .ARM.Collect$$$$00000001  mc_w.l(entry2.o)
    0x08000190   0x08000190   0x00000004   Code   RO         6440    .ARM.Collect$$$$00000004  mc_w.l(entry5.o)
    0x08000194   0x08000194   0x00000000   Code   RO         6442    .ARM.Collect$$$$00000008  mc_w.l(entry7b.o)
    0x08000194   0x08000194   0x00000000   Code   RO         6444    .ARM.Collect$$$$0000000A  mc_w.l(entry8b.o)
    0x08000194   0x08000194   0x00000008   Code   RO         6445    .ARM.Collect$$$$0000000B  mc_w.l(entry9a.o)
    0x0800019c   0x0800019c   0x00000004   Code   RO         6452    .ARM.Collect$$$$0000000E  mc_w.l(entry12b.o)
    0x080001a0   0x080001a0   0x00000000   Code   RO         6447    .ARM.Collect$$$$0000000F  mc_w.l(entry10a.o)
    0x080001a0   0x080001a0   0x00000000   Code   RO         6449    .ARM.Collect$$$$00000011  mc_w.l(entry11a.o)
    0x080001a0   0x080001a0   0x00000004   Code   RO         6438    .ARM.Collect$$$$00002712  mc_w.l(entry2.o)
    0x080001a4   0x080001a4   0x00000024   Code   RO         6086  * .text               startup_stm32l432xx.o
    0x080001c8   0x080001c8   0x00000068   Code   RO         6130    .text               mc_w.l(uldiv.o)
    0x08000230   0x08000230   0x00000024   Code   RO         6132    .text               mc_w.l(memcpya.o)
    0x08000254   0x08000254   0x00000024   Code   RO         6134    .text               mc_w.l(memseta.o)
    0x08000278   0x08000278   0x000000ea   Code   RO         6427    .text               mf_w.l(dmul.o)
    0x08000362   0x08000362   0x000000de   Code   RO         6429    .text               mf_w.l(ddiv.o)
    0x08000440   0x08000440   0x00000022   Code   RO         6431    .text               mf_w.l(dflti.o)
    0x08000462   0x08000462   0x00000026   Code   RO         6433    .text               mf_w.l(f2d.o)
    0x08000488   0x08000488   0x00000038   Code   RO         6435    .text               mf_w.l(d2f.o)
    0x080004c0   0x080004c0   0x0000002c   Code   RO         6454    .text               mc_w.l(uidiv.o)
    0x080004ec   0x080004ec   0x0000001e   Code   RO         6456    .text               mc_w.l(llshl.o)
    0x0800050a   0x0800050a   0x00000020   Code   RO         6458    .text               mc_w.l(llushr.o)
    0x0800052a   0x0800052a   0x00000000   Code   RO         6462    .text               mc_w.l(iusefp.o)
    0x0800052a   0x0800052a   0x0000006e   Code   RO         6463    .text               mf_w.l(fepilogue.o)
    0x08000598   0x08000598   0x000000ba   Code   RO         6465    .text               mf_w.l(depilogue.o)
    0x08000652   0x08000652   0x0000015e   Code   RO         6467    .text               mf_w.l(dadd.o)
    0x080007b0   0x080007b0   0x00000030   Code   RO         6469    .text               mf_w.l(dfixul.o)
    0x080007e0   0x080007e0   0x00000030   Code   RO         6471    .text               mf_w.l(cdrcmple.o)
    0x08000810   0x08000810   0x00000024   Code   RO         6473    .text               mc_w.l(init.o)
    0x08000834   0x08000834   0x00000024   Code   RO         6475    .text               mc_w.l(llsshr.o)
    0x08000858   0x08000858   0x00000004   Code   RO         1747    i.BusFault_Handler  stm32l4xx_it.o
    0x0800085c   0x0800085c   0x00000030   Code   RO         2239    i.DMA_SetConfig     stm32l4xx_hal_dma.o
    0x0800088c   0x0800088c   0x00000002   Code   RO         1748    i.DebugMon_Handler  stm32l4xx_it.o
    0x0800088e   0x0800088e   0x0000000a   Code   RO         1749    i.EXTI0_IRQHandler  stm32l4xx_it.o
    0x08000898   0x08000898   0x0000000c   Code   RO         1750    i.EXTI15_10_IRQHandler  stm32l4xx_it.o
    0x080008a4   0x080008a4   0x00000006   Code   RO         1181    i.Error_Handler     misc.o
    0x080008aa   0x080008aa   0x00000002   PAD
    0x080008ac   0x080008ac   0x00000044   Code   RO         1454    i.FLASH_ErasePage   flash.o
    0x080008f0   0x080008f0   0x0000006c   Code   RO         2533    i.FLASH_FlushCaches  stm32l4xx_hal_flash_ex.o
    0x0800095c   0x0800095c   0x00000024   Code   RO         2534    i.FLASH_MassErase   stm32l4xx_hal_flash_ex.o
    0x08000980   0x08000980   0x0000002c   Code   RO         2543    i.FLASH_PageErase   stm32l4xx_hal_flash_ex.o
    0x080009ac   0x080009ac   0x00000028   Code   RO         2424    i.FLASH_Program_DoubleWord  stm32l4xx_hal_flash.o
    0x080009d4   0x080009d4   0x00000040   Code   RO         2425    i.FLASH_Program_Fast  stm32l4xx_hal_flash.o
    0x08000a14   0x08000a14   0x00000006   Code   RO         1455    i.FLASH_ReadByte    flash.o
    0x08000a1a   0x08000a1a   0x00000002   PAD
    0x08000a1c   0x08000a1c   0x00000090   Code   RO         2426    i.FLASH_WaitForLastOperation  stm32l4xx_hal_flash.o
    0x08000aac   0x08000aac   0x000001ce   Code   RO         1456    i.FLASH_WriteNoCheck  flash.o
    0x08000c7a   0x08000c7a   0x0000005c   Code   RO         2241    i.HAL_DMA_Abort_IT  stm32l4xx_hal_dma.o
    0x08000cd6   0x08000cd6   0x00000002   PAD
    0x08000cd8   0x08000cd8   0x000000c4   Code   RO         2242    i.HAL_DMA_DeInit    stm32l4xx_hal_dma.o
    0x08000d9c   0x08000d9c   0x0000010c   Code   RO         2246    i.HAL_DMA_Init      stm32l4xx_hal_dma.o
    0x08000ea8   0x08000ea8   0x0000009c   Code   RO         2250    i.HAL_DMA_Start_IT  stm32l4xx_hal_dma.o
    0x08000f44   0x08000f44   0x00000028   Code   RO         1866    i.HAL_Delay         stm32l4xx_hal.o
    0x08000f6c   0x08000f6c   0x0000010c   Code   RO         2544    i.HAL_FLASHEx_Erase  stm32l4xx_hal_flash_ex.o
    0x08001078   0x08001078   0x00000014   Code   RO         2430    i.HAL_FLASH_Lock    stm32l4xx_hal_flash.o
    0x0800108c   0x0800108c   0x000000c0   Code   RO         2435    i.HAL_FLASH_Program  stm32l4xx_hal_flash.o
    0x0800114c   0x0800114c   0x00000030   Code   RO         2437    i.HAL_FLASH_Unlock  stm32l4xx_hal_flash.o
    0x0800117c   0x0800117c   0x00000100   Code   RO         2632    i.HAL_GPIO_DeInit   stm32l4xx_hal_gpio.o
    0x0800127c   0x0800127c   0x00000008   Code   RO         1286    i.HAL_GPIO_EXTI_Callback  gpio.o
    0x08001284   0x08001284   0x0000001c   Code   RO         2634    i.HAL_GPIO_EXTI_IRQHandler  stm32l4xx_hal_gpio.o
    0x080012a0   0x080012a0   0x000001ac   Code   RO         2635    i.HAL_GPIO_Init     stm32l4xx_hal_gpio.o
    0x0800144c   0x0800144c   0x00000010   Code   RO         2637    i.HAL_GPIO_ReadPin  stm32l4xx_hal_gpio.o
    0x0800145c   0x0800145c   0x00000014   Code   RO         2638    i.HAL_GPIO_TogglePin  stm32l4xx_hal_gpio.o
    0x08001470   0x08001470   0x0000000a   Code   RO         2639    i.HAL_GPIO_WritePin  stm32l4xx_hal_gpio.o
    0x0800147a   0x0800147a   0x00000002   PAD
    0x0800147c   0x0800147c   0x0000000c   Code   RO         1870    i.HAL_GetTick       stm32l4xx_hal.o
    0x08001488   0x08001488   0x0000006a   Code   RO         3160    i.HAL_I2CEx_ConfigAnalogFilter  stm32l4xx_hal_i2c_ex.o
    0x080014f2   0x080014f2   0x00000068   Code   RO         3161    i.HAL_I2CEx_ConfigDigitalFilter  stm32l4xx_hal_i2c_ex.o
    0x0800155a   0x0800155a   0x00000002   PAD
    0x0800155c   0x0800155c   0x000000c4   Code   RO         2709    i.HAL_I2C_Init      stm32l4xx_hal_i2c.o
    0x08001620   0x08001620   0x00000058   Code   RO         1674    i.HAL_I2C_MspDeInit  stm32l4xx_hal_msp.o
    0x08001678   0x08001678   0x0000007c   Code   RO         1675    i.HAL_I2C_MspInit   stm32l4xx_hal_msp.o
    0x080016f4   0x080016f4   0x0000000e   Code   RO         3215    i.HAL_IWDG_Refresh  stm32l4xx_hal_iwdg.o
    0x08001702   0x08001702   0x00000002   PAD
    0x08001704   0x08001704   0x00000018   Code   RO         1876    i.HAL_IncTick       stm32l4xx_hal.o
    0x0800171c   0x0800171c   0x0000001e   Code   RO         1877    i.HAL_Init          stm32l4xx_hal.o
    0x0800173a   0x0800173a   0x00000002   PAD
    0x0800173c   0x0800173c   0x00000058   Code   RO         1878    i.HAL_InitTick      stm32l4xx_hal.o
    0x08001794   0x08001794   0x00000044   Code   RO         1676    i.HAL_MspInit       stm32l4xx_hal_msp.o
    0x080017d8   0x080017d8   0x00000044   Code   RO         2103    i.HAL_NVIC_DisableIRQ  stm32l4xx_hal_cortex.o
    0x0800181c   0x0800181c   0x00000028   Code   RO         2104    i.HAL_NVIC_EnableIRQ  stm32l4xx_hal_cortex.o
    0x08001844   0x08001844   0x00000082   Code   RO         2110    i.HAL_NVIC_SetPriority  stm32l4xx_hal_cortex.o
    0x080018c6   0x080018c6   0x00000002   PAD
    0x080018c8   0x080018c8   0x00000028   Code   RO         2111    i.HAL_NVIC_SetPriorityGrouping  stm32l4xx_hal_cortex.o
    0x080018f0   0x080018f0   0x0000008c   Code   RO         3359    i.HAL_PWREx_ControlVoltageScaling  stm32l4xx_hal_pwr_ex.o
    0x0800197c   0x0800197c   0x00000040   Code   RO         3385    i.HAL_PWREx_EnterSTOP2Mode  stm32l4xx_hal_pwr_ex.o
    0x080019bc   0x080019bc   0x00000010   Code   RO         3386    i.HAL_PWREx_GetVoltageRange  stm32l4xx_hal_pwr_ex.o
    0x080019cc   0x080019cc   0x0000034c   Code   RO         3703    i.HAL_RCCEx_PeriphCLKConfig  stm32l4xx_hal_rcc_ex.o
    0x08001d18   0x08001d18   0x0000017c   Code   RO         3581    i.HAL_RCC_ClockConfig  stm32l4xx_hal_rcc.o
    0x08001e94   0x08001e94   0x0000000c   Code   RO         3585    i.HAL_RCC_GetHCLKFreq  stm32l4xx_hal_rcc.o
    0x08001ea0   0x08001ea0   0x00000024   Code   RO         3587    i.HAL_RCC_GetPCLK1Freq  stm32l4xx_hal_rcc.o
    0x08001ec4   0x08001ec4   0x00000024   Code   RO         3588    i.HAL_RCC_GetPCLK2Freq  stm32l4xx_hal_rcc.o
    0x08001ee8   0x08001ee8   0x000000ec   Code   RO         3589    i.HAL_RCC_GetSysClockFreq  stm32l4xx_hal_rcc.o
    0x08001fd4   0x08001fd4   0x00000768   Code   RO         3592    i.HAL_RCC_OscConfig  stm32l4xx_hal_rcc.o
    0x0800273c   0x0800273c   0x000000a4   Code   RO         4011    i.HAL_RTCEx_DeactivateWakeUpTimer  stm32l4xx_hal_rtc_ex.o
    0x080027e0   0x080027e0   0x00000104   Code   RO         4030    i.HAL_RTCEx_SetWakeUpTimer_IT  stm32l4xx_hal_rtc_ex.o
    0x080028e4   0x080028e4   0x0000000a   Code   RO         1553    i.HAL_RTCEx_WakeUpTimerEventCallback  main.o
    0x080028ee   0x080028ee   0x00000002   PAD
    0x080028f0   0x080028f0   0x00000038   Code   RO         4035    i.HAL_RTCEx_WakeUpTimerIRQHandler  stm32l4xx_hal_rtc_ex.o
    0x08002928   0x08002928   0x000000b0   Code   RO         3867    i.HAL_RTC_Init      stm32l4xx_hal_rtc.o
    0x080029d8   0x080029d8   0x0000005c   Code   RO         1678    i.HAL_RTC_MspInit   stm32l4xx_hal_msp.o
    0x08002a34   0x08002a34   0x00000038   Code   RO         3875    i.HAL_RTC_WaitForSynchro  stm32l4xx_hal_rtc.o
    0x08002a6c   0x08002a6c   0x000000f0   Code   RO         4230    i.HAL_SPI_Init      stm32l4xx_hal_spi.o
    0x08002b5c   0x08002b5c   0x00000034   Code   RO         1679    i.HAL_SPI_MspDeInit  stm32l4xx_hal_msp.o
    0x08002b90   0x08002b90   0x00000078   Code   RO         1680    i.HAL_SPI_MspInit   stm32l4xx_hal_msp.o
    0x08002c08   0x08002c08   0x000001a6   Code   RO         4233    i.HAL_SPI_Receive   stm32l4xx_hal_spi.o
    0x08002dae   0x08002dae   0x000001f0   Code   RO         4238    i.HAL_SPI_Transmit  stm32l4xx_hal_spi.o
    0x08002f9e   0x08002f9e   0x000002c2   Code   RO         4239    i.HAL_SPI_TransmitReceive  stm32l4xx_hal_spi.o
    0x08003260   0x08003260   0x00000028   Code   RO         2113    i.HAL_SYSTICK_CLKSourceConfig  stm32l4xx_hal_cortex.o
    0x08003288   0x08003288   0x00000034   Code   RO         2115    i.HAL_SYSTICK_Config  stm32l4xx_hal_cortex.o
    0x080032bc   0x080032bc   0x00000002   Code   RO         5297    i.HAL_TIMEx_Break2Callback  stm32l4xx_hal_tim_ex.o
    0x080032be   0x080032be   0x00000002   Code   RO         5298    i.HAL_TIMEx_BreakCallback  stm32l4xx_hal_tim_ex.o
    0x080032c0   0x080032c0   0x00000002   Code   RO         5299    i.HAL_TIMEx_CommutCallback  stm32l4xx_hal_tim_ex.o
    0x080032c2   0x080032c2   0x00000002   Code   RO         4606    i.HAL_TIM_IC_CaptureCallback  stm32l4xx_hal_tim.o
    0x080032c4   0x080032c4   0x000001b8   Code   RO         4620    i.HAL_TIM_IRQHandler  stm32l4xx_hal_tim.o
    0x0800347c   0x0800347c   0x00000002   Code   RO         4623    i.HAL_TIM_OC_DelayElapsedCallback  stm32l4xx_hal_tim.o
    0x0800347e   0x0800347e   0x00000002   Code   RO         4650    i.HAL_TIM_PWM_PulseFinishedCallback  stm32l4xx_hal_tim.o
    0x08003480   0x08003480   0x00000040   Code   RO         1511    i.HAL_TIM_PeriodElapsedCallback  tim.o
    0x080034c0   0x080034c0   0x00000002   Code   RO         4663    i.HAL_TIM_TriggerCallback  stm32l4xx_hal_tim.o
    0x080034c2   0x080034c2   0x00000002   Code   RO         5968    i.HAL_UARTEx_WakeupCallback  stm32l4xx_hal_uart_ex.o
    0x080034c4   0x080034c4   0x00000002   Code   RO         5606    i.HAL_UART_ErrorCallback  stm32l4xx_hal_uart.o
    0x080034c6   0x080034c6   0x00000002   PAD
    0x080034c8   0x080034c8   0x000001b8   Code   RO         5609    i.HAL_UART_IRQHandler  stm32l4xx_hal_uart.o
    0x08003680   0x08003680   0x00000074   Code   RO         5610    i.HAL_UART_Init     stm32l4xx_hal_uart.o
    0x080036f4   0x080036f4   0x00000070   Code   RO         1681    i.HAL_UART_MspDeInit  stm32l4xx_hal_msp.o
    0x08003764   0x08003764   0x000001ac   Code   RO         1682    i.HAL_UART_MspInit  stm32l4xx_hal_msp.o
    0x08003910   0x08003910   0x000000c0   Code   RO         5614    i.HAL_UART_Receive_DMA  stm32l4xx_hal_uart.o
    0x080039d0   0x080039d0   0x00000002   Code   RO         5617    i.HAL_UART_RxCpltCallback  stm32l4xx_hal_uart.o
    0x080039d2   0x080039d2   0x00000002   Code   RO         5618    i.HAL_UART_RxHalfCpltCallback  stm32l4xx_hal_uart.o
    0x080039d4   0x080039d4   0x000000d8   Code   RO         5619    i.HAL_UART_Transmit  stm32l4xx_hal_uart.o
    0x08003aac   0x08003aac   0x00000002   Code   RO         5622    i.HAL_UART_TxCpltCallback  stm32l4xx_hal_uart.o
    0x08003aae   0x08003aae   0x00000004   Code   RO         1751    i.HardFault_Handler  stm32l4xx_it.o
    0x08003ab2   0x08003ab2   0x00000002   PAD
    0x08003ab4   0x08003ab4   0x00000010   Code   RO         1379    i.IWDG_Feed         wtd.o
    0x08003ac4   0x08003ac4   0x00000044   Code   RO         1205    i.MX_DMA_Init       uart.o
    0x08003b08   0x08003b08   0x00000198   Code   RO         1287    i.MX_GPIO_Init      gpio.o
    0x08003ca0   0x08003ca0   0x00000058   Code   RO         1319    i.MX_I2C1_Init      i2c.o
    0x08003cf8   0x08003cf8   0x00000054   Code   RO         1349    i.MX_SPI3_Init      spi.o
    0x08003d4c   0x08003d4c   0x00000068   Code   RO         1206    i.MX_USART1_UART_Init  uart.o
    0x08003db4   0x08003db4   0x00000068   Code   RO         1207    i.MX_USART2_UART_Init  uart.o
    0x08003e1c   0x08003e1c   0x00000004   Code   RO         1752    i.MemManage_Handler  stm32l4xx_it.o
    0x08003e20   0x08003e20   0x00000004   Code   RO         1753    i.NMI_Handler       stm32l4xx_it.o
    0x08003e24   0x08003e24   0x00000002   Code   RO         1754    i.PendSV_Handler    stm32l4xx_it.o
    0x08003e26   0x08003e26   0x00000002   PAD
    0x08003e28   0x08003e28   0x00000188   Code   RO         3707    i.RCCEx_PLLSAI1_Config  stm32l4xx_hal_rcc_ex.o
    0x08003fb0   0x08003fb0   0x0000009c   Code   RO         3593    i.RCC_SetFlashLatencyFromMSIRange  stm32l4xx_hal_rcc.o
    0x0800404c   0x0800404c   0x00000044   Code   RO         3878    i.RTC_EnterInitMode  stm32l4xx_hal_rtc.o
    0x08004090   0x08004090   0x00000068   Code   RO         3879    i.RTC_ExitInitMode  stm32l4xx_hal_rtc.o
    0x080040f8   0x080040f8   0x00000010   Code   RO         1755    i.RTC_WKUP_IRQHandler  stm32l4xx_it.o
    0x08004108   0x08004108   0x00000082   Code   RO         4267    i.SPI_EndRxTransaction  stm32l4xx_hal_spi.o
    0x0800418a   0x0800418a   0x00000064   Code   RO         4268    i.SPI_EndRxTxTransaction  stm32l4xx_hal_spi.o
    0x080041ee   0x080041ee   0x00000002   PAD
    0x080041f0   0x080041f0   0x00000030   Code   RO         1130    i.SPI_Read          comm.o
    0x08004220   0x08004220   0x000000ea   Code   RO         4273    i.SPI_WaitFifoStateUntilTimeout  stm32l4xx_hal_spi.o
    0x0800430a   0x0800430a   0x00000002   PAD
    0x0800430c   0x0800430c   0x000000de   Code   RO         4274    i.SPI_WaitFlagStateUntilTimeout  stm32l4xx_hal_spi.o
    0x080043ea   0x080043ea   0x00000002   Code   RO         1756    i.SVC_Handler       stm32l4xx_it.o
    0x080043ec   0x080043ec   0x00000008   Code   RO         1757    i.SysTick_Handler   stm32l4xx_it.o
    0x080043f4   0x080043f4   0x000000c4   Code   RO         1554    i.SystemClock_Config  main.o
    0x080044b8   0x080044b8   0x00000050   Code   RO         6094    i.SystemInit        system_stm32l4xx.o
    0x08004508   0x08004508   0x0000005c   Code   RO         1555    i.SystemPower_Config  main.o
    0x08004564   0x08004564   0x000000a0   Code   RO         1556    i.System_Config_When_Enter_StopMode  main.o
    0x08004604   0x08004604   0x00000010   Code   RO         1758    i.TIM2_IRQHandler   stm32l4xx_it.o
    0x08004614   0x08004614   0x000000f8   Code   RO         5624    i.UART_AdvFeatureConfig  stm32l4xx_hal_uart.o
    0x0800470c   0x0800470c   0x0000006e   Code   RO         5625    i.UART_CheckIdleState  stm32l4xx_hal_uart.o
    0x0800477a   0x0800477a   0x00000018   Code   RO         5626    i.UART_DMAAbortOnError  stm32l4xx_hal_uart.o
    0x08004792   0x08004792   0x00000056   Code   RO         5627    i.UART_DMAError     stm32l4xx_hal_uart.o
    0x080047e8   0x080047e8   0x00000046   Code   RO         5628    i.UART_DMAReceiveCplt  stm32l4xx_hal_uart.o
    0x0800482e   0x0800482e   0x0000000e   Code   RO         5630    i.UART_DMARxHalfCplt  stm32l4xx_hal_uart.o
    0x0800483c   0x0800483c   0x00000022   Code   RO         5636    i.UART_EndRxTransfer  stm32l4xx_hal_uart.o
    0x0800485e   0x0800485e   0x00000020   Code   RO         5637    i.UART_EndTransmit_IT  stm32l4xx_hal_uart.o
    0x0800487e   0x0800487e   0x00000012   Code   RO         5638    i.UART_EndTxTransfer  stm32l4xx_hal_uart.o
    0x08004890   0x08004890   0x000002ca   Code   RO         5641    i.UART_SetConfig    stm32l4xx_hal_uart.o
    0x08004b5a   0x08004b5a   0x000000b4   Code   RO         5644    i.UART_WaitOnFlagUntilTimeout  stm32l4xx_hal_uart.o
    0x08004c0e   0x08004c0e   0x00000002   PAD
    0x08004c10   0x08004c10   0x00000030   Code   RO         1759    i.USART1_IRQHandler  stm32l4xx_it.o
    0x08004c40   0x08004c40   0x00000030   Code   RO         1760    i.USART2_IRQHandler  stm32l4xx_it.o
    0x08004c70   0x08004c70   0x00000004   Code   RO         1761    i.UsageFault_Handler  stm32l4xx_it.o
    0x08004c74   0x08004c74   0x00000020   Code   RO         6371    i.__0printf         mc_w.l(printfa.o)
    0x08004c94   0x08004c94   0x00000010   Code   RO         2117    i.__NVIC_GetPriorityGrouping  stm32l4xx_hal_cortex.o
    0x08004ca4   0x08004ca4   0x00000028   Code   RO         2118    i.__NVIC_SetPriority  stm32l4xx_hal_cortex.o
    0x08004ccc   0x08004ccc   0x0000000e   Code   RO         6479    i.__scatterload_copy  mc_w.l(handlers.o)
    0x08004cda   0x08004cda   0x00000002   Code   RO         6480    i.__scatterload_null  mc_w.l(handlers.o)
    0x08004cdc   0x08004cdc   0x0000000e   Code   RO         6481    i.__scatterload_zeroinit  mc_w.l(handlers.o)
    0x08004cea   0x08004cea   0x00000002   PAD
    0x08004cec   0x08004cec   0x0000018a   Code   RO         6378    i._fp_digits        mc_w.l(printfa.o)
    0x08004e76   0x08004e76   0x00000002   PAD
    0x08004e78   0x08004e78   0x000006ba   Code   RO         6379    i._printf_core      mc_w.l(printfa.o)
    0x08005532   0x08005532   0x00000024   Code   RO         6380    i._printf_post_padding  mc_w.l(printfa.o)
    0x08005556   0x08005556   0x0000002e   Code   RO         6381    i._printf_pre_padding  mc_w.l(printfa.o)
    0x08005584   0x08005584   0x00000048   Code   RO          736    i.accel_data_convert  bmi160_bsp.o
    0x080055cc   0x080055cc   0x00000042   Code   RO         1001    i.ad7193_continuous_readavg  ad7193.o
    0x0800560e   0x0800560e   0x00000002   PAD
    0x08005610   0x08005610   0x00000084   Code   RO         1002    i.ad7193_convert_to_volts  ad7193.o
    0x08005694   0x08005694   0x00000066   Code   RO         1003    i.ad7193_get_register_value  ad7193.o
    0x080056fa   0x080056fa   0x00000002   PAD
    0x080056fc   0x080056fc   0x0000003c   Code   RO         1010    i.ad7193_temperature_read  ad7193.o
    0x08005738   0x08005738   0x00000088   Code   RO           14    i.bmi160_get_regs   bmi160.o
    0x080057c0   0x080057c0   0x00000096   Code   RO           15    i.bmi160_get_sensor_data  bmi160.o
    0x08005856   0x08005856   0x00000002   PAD
    0x08005858   0x08005858   0x00000128   Code   RO          745    i.bmi160_read_sensor_data  bmi160_bsp.o
    0x08005980   0x08005980   0x00000270   Code   RO         1012    i.device_ad7193_handle  ad7193.o
    0x08005bf0   0x08005bf0   0x00000010   Code   RO          752    i.device_bmi160_handle  bmi160_bsp.o
    0x08005c00   0x08005c00   0x00000074   Code   RO         1557    i.device_key_handle  main.o
    0x08005c74   0x08005c74   0x0000006c   Code   RO         1558    i.device_led_handle  main.o
    0x08005ce0   0x08005ce0   0x00000018   Code   RO         1559    i.device_lpw_handle  main.o
    0x08005cf8   0x08005cf8   0x00000002   Code   RO         1560    i.device_temper_handle  main.o
    0x08005cfa   0x08005cfa   0x00000002   PAD
    0x08005cfc   0x08005cfc   0x00000018   Code   RO         1208    i.device_uart_handle  uart.o
    0x08005d14   0x08005d14   0x0000005c   Code   RO         1457    i.flash_page_get    flash.o
    0x08005d70   0x08005d70   0x00000020   Code   RO         1458    i.flash_read        flash.o
    0x08005d90   0x08005d90   0x000000de   Code   RO         1459    i.flash_write       flash.o
    0x08005e6e   0x08005e6e   0x00000002   PAD
    0x08005e70   0x08005e70   0x0000001c   Code   RO         1210    i.fputc             uart.o
    0x08005e8c   0x08005e8c   0x00000050   Code   RO         6399    i.free              mc_w.l(malloc.o)
    0x08005edc   0x08005edc   0x000000e8   Code   RO           83    i.get_accel_data    bmi160.o
    0x08005fc4   0x08005fc4   0x00000168   Code   RO           84    i.get_accel_gyro_data  bmi160.o
    0x0800612c   0x0800612c   0x00000166   Code   RO           89    i.get_gyro_data     bmi160.o
    0x08006292   0x08006292   0x00000002   PAD
    0x08006294   0x08006294   0x00000044   Code   RO          753    i.gyro_data_convert  bmi160_bsp.o
    0x080062d8   0x080062d8   0x00000030   Code   RO         1561    i.hook_idle_handle  main.o
    0x08006308   0x08006308   0x00000214   Code   RO         1562    i.main              main.o
    0x0800651c   0x0800651c   0x0000006c   Code   RO         6400    i.malloc            mc_w.l(malloc.o)
    0x08006588   0x08006588   0x00000050   Code   RO          754    i.midval_filter     bmi160_bsp.o
    0x080065d8   0x080065d8   0x00000008   Code   RO         1412    i.sem_create        os.o
    0x080065e0   0x080065e0   0x0000000a   Code   RO         1413    i.sem_release       os.o
    0x080065ea   0x080065ea   0x0000000e   Code   RO         1414    i.sem_take          os.o
    0x080065f8   0x080065f8   0x00000034   Code   RO         1415    i.sem_wait          os.o
    0x0800662c   0x0800662c   0x00000076   Code   RO         1416    i.tasks_os_run      os.o
    0x080066a2   0x080066a2   0x0000000e   Code   RO         1211    i.uart_dma_recvlen  uart.o
    0x080066b0   0x080066b0   0x0000002c   Code   RO         1212    i.uart_dma_reset    uart.o
    0x080066dc   0x080066dc   0x00000094   Code   RO         1213    i.uart_rx_task      uart.o
    0x08006770   0x08006770   0x00000048   Data   RO         6095    .constdata          system_stm32l4xx.o
    0x080067b8   0x080067b8   0x00000020   Data   RO         6477    Region$$Table       anon$$obj.o


    Execution Region ER_RW (Exec base: 0x20000000, Load base: 0x080067d8, Size: 0x00000110, Max: 0xffffffff, ABSOLUTE)

    Exec Addr    Load Addr    Size         Type   Attr      Idx    E Section Name        Object

    0x20000000   0x080067d8   0x00000018   Data   RW          756    .data               bmi160_bsp.o
    0x20000018   0x080067f0   0x00000008   Data   RW         1014    .data               ad7193.o
    0x20000020   0x080067f8   0x00000004   Data   RW         1514    .data               tim.o
    0x20000024   0x080067fc   0x000000af   Data   RW         1564    .data               main.o
    0x200000d3   0x080068ab   0x00000001   PAD
    0x200000d4   0x080068ac   0x00000009   Data   RW         1889    .data               stm32l4xx_hal.o
    0x200000dd   0x080068b5   0x00000003   PAD
    0x200000e0   0x080068b8   0x00000020   Data   RW         2438    .data               stm32l4xx_hal_flash.o
    0x20000100   0x080068d8   0x00000004   Data   RW         6096    .data               system_stm32l4xx.o
    0x20000104   0x080068dc   0x00000004   Data   RW         6453    .data               mc_w.l(stdout.o)
    0x20000108   0x080068e0   0x00000004   Data   RW         6460    .data               mc_w.l(mvars.o)
    0x2000010c   0x080068e4   0x00000004   Data   RW         6461    .data               mc_w.l(mvars.o)


    Execution Region ER_ZI (Exec base: 0x20000110, Load base: 0x080068e8, Size: 0x00001550, Max: 0xffffffff, ABSOLUTE)

    Exec Addr    Load Addr    Size         Type   Attr      Idx    E Section Name        Object

    0x20000110        -       0x0000002c   Zero   RW          755    .bss                bmi160_bsp.o
    0x2000013c        -       0x00000050   Zero   RW         1013    .bss                ad7193.o
    0x2000018c        -       0x000005a0   Zero   RW         1215    .bss                uart.o
    0x2000072c        -       0x0000004c   Zero   RW         1320    .bss                i2c.o
    0x20000778        -       0x00000064   Zero   RW         1350    .bss                spi.o
    0x200007dc        -       0x00000010   Zero   RW         1381    .bss                wtd.o
    0x200007ec        -       0x00000800   Zero   RW         1460    .bss                flash.o
    0x20000fec        -       0x0000004c   Zero   RW         1513    .bss                tim.o
    0x20001038        -       0x00000024   Zero   RW         1563    .bss                main.o
    0x2000105c   0x080068e8   0x00000004   PAD
    0x20001060        -       0x00000200   Zero   RW         6084    HEAP                startup_stm32l432xx.o
    0x20001260        -       0x00000400   Zero   RW         6083    STACK               startup_stm32l432xx.o


==============================================================================

Image component sizes


      Code (inc. data)   RO Data    RW Data    ZI Data      Debug   Object Name

       984        278          0          8         80       4361   ad7193.o
      1236          0          0          0          0      33527   bmi160.o
       532         54          0         24         44     716182   bmi160_bsp.o
        48          4          0          0          0        675   comm.o
       882         22          0          0       2048       5044   flash.o
       416         18          0          0          0       1580   gpio.o
        88         14          0          0         76        711   i2c.o
      1288        424          0        175         36       6946   main.o
         6          0          0          0          0        440   misc.o
       202          0          0          0          0       3548   os.o
        84         10          0          0        100        711   spi.o
        36          8        396          0       1536        852   startup_stm32l432xx.o
       194         32          0          9          0      12129   stm32l4xx_hal.o
       426         28          0          0          0      36151   stm32l4xx_hal_cortex.o
       760         18          0          0          0       4618   stm32l4xx_hal_dma.o
       508         48          0         32          0      22950   stm32l4xx_hal_flash.o
       456         24          0          0          0       3510   stm32l4xx_hal_flash_ex.o
       758         42          0          0          0       5593   stm32l4xx_hal_gpio.o
       196          4          0          0          0       2815   stm32l4xx_hal_i2c.o
       210          0          0          0          0       2171   stm32l4xx_hal_i2c_ex.o
        14          0          0          0          0       1143   stm32l4xx_hal_iwdg.o
      1084        102          0          0          0       5844   stm32l4xx_hal_msp.o
       220         28          0          0          0       2213   stm32l4xx_hal_pwr_ex.o
      2752        108          0          0          0       8000   stm32l4xx_hal_rcc.o
      1236         26          0          0          0       3052   stm32l4xx_hal_rcc_ex.o
       404         12          0          0          0       3643   stm32l4xx_hal_rtc.o
       480          8          0          0          0       3126   stm32l4xx_hal_rtc_ex.o
      2550         12          0          0          0       9850   stm32l4xx_hal_spi.o
       448          0          0          0          0       4130   stm32l4xx_hal_tim.o
         6          0          0          0          0       2456   stm32l4xx_hal_tim_ex.o
      2502         66          0          0          0      16233   stm32l4xx_hal_uart.o
         2          0          0          0          0       1092   stm32l4xx_hal_uart_ex.o
       184         32          0          0          0       7160   stm32l4xx_it.o
        80         12         72          4          0       1365   system_stm32l4xx.o
        64          8          0          4         76       1084   tim.o
       534         66          0          0       1440       5437   uart.o
        16          6          0          0         16        652   wtd.o

    ----------------------------------------------------------------------
     21928       1514        500        260       5456     940994   Object Totals
         0          0         32          0          0          0   (incl. Generated)
        42          0          0          4          4          0   (incl. Padding)

    ----------------------------------------------------------------------

      Code (inc. data)   RO Data    RW Data    ZI Data      Debug   Library Member Name

         0          0          0          0          0          0   entry.o
         0          0          0          0          0          0   entry10a.o
         0          0          0          0          0          0   entry11a.o
         4          0          0          0          0          0   entry12b.o
         8          4          0          0          0          0   entry2.o
         4          0          0          0          0          0   entry5.o
         0          0          0          0          0          0   entry7b.o
         0          0          0          0          0          0   entry8b.o
         8          4          0          0          0          0   entry9a.o
        30          0          0          0          0          0   handlers.o
        36          8          0          0          0         68   init.o
         0          0          0          0          0          0   iusefp.o
        30          0          0          0          0         68   llshl.o
        36          0          0          0          0         68   llsshr.o
        32          0          0          0          0         68   llushr.o
       188         20          0          0          0        160   malloc.o
        36          0          0          0          0         68   memcpya.o
        36          0          0          0          0        108   memseta.o
         0          0          0          8          0          0   mvars.o
      2230         90          0          0          0        464   printfa.o
         0          0          0          4          0          0   stdout.o
        44          0          0          0          0         80   uidiv.o
       104          0          0          0          0         92   uldiv.o
        48          0          0          0          0         68   cdrcmple.o
        56          0          0          0          0         88   d2f.o
       350          0          0          0          0        148   dadd.o
       222          0          0          0          0        100   ddiv.o
       186          0          0          0          0        176   depilogue.o
        48          0          0          0          0         68   dfixul.o
        34          0          0          0          0         76   dflti.o
       234          0          0          0          0         96   dmul.o
        38          0          0          0          0         68   f2d.o
       110          0          0          0          0        168   fepilogue.o

    ----------------------------------------------------------------------
      4156        126          0         12          0       2300   Library Totals
         4          0          0          0          0          0   (incl. Padding)

    ----------------------------------------------------------------------

      Code (inc. data)   RO Data    RW Data    ZI Data      Debug   Library Name

      2826        126          0         12          0       1244   mc_w.l
      1326          0          0          0          0       1056   mf_w.l

    ----------------------------------------------------------------------
      4156        126          0         12          0       2300   Library Totals

    ----------------------------------------------------------------------

==============================================================================


      Code (inc. data)   RO Data    RW Data    ZI Data      Debug   

     26084       1640        500        272       5456     926254   Grand Totals
     26084       1640        500        272       5456     926254   ELF Image Totals
     26084       1640        500        272          0          0   ROM Totals

==============================================================================

    Total RO  Size (Code + RO Data)                26584 (  25.96kB)
    Total RW  Size (RW Data + ZI Data)              5728 (   5.59kB)
    Total ROM Size (Code + RO Data + RW Data)      26856 (  26.23kB)

==============================================================================

