Component: ARM Compiler 5.06 update 7 (build 960) Tool: armlink [4d3601]

==============================================================================

Section Cross References

    bmi160.o(i.accel_self_test_negative_excitation) refers to bmi160.o(i.bmi160_set_regs) for bmi160_set_regs
    bmi160.o(i.accel_self_test_negative_excitation) refers to bmi160.o(i.bmi160_get_sensor_data) for bmi160_get_sensor_data
    bmi160.o(i.accel_self_test_positive_excitation) refers to bmi160.o(i.bmi160_set_regs) for bmi160_set_regs
    bmi160.o(i.accel_self_test_positive_excitation) refers to bmi160.o(i.bmi160_get_sensor_data) for bmi160_get_sensor_data
    bmi160.o(i.bmi160_aux_init) refers to bmi160.o(i.null_ptr_check) for null_ptr_check
    bmi160.o(i.bmi160_aux_init) refers to bmi160.o(i.config_aux_settg) for config_aux_settg
    bmi160.o(i.bmi160_aux_read) refers to bmi160.o(i.map_read_len) for map_read_len
    bmi160.o(i.bmi160_aux_read) refers to bmi160.o(i.extract_aux_read) for extract_aux_read
    bmi160.o(i.bmi160_aux_write) refers to bmi160.o(i.bmi160_set_regs) for bmi160_set_regs
    bmi160.o(i.bmi160_config_aux_mode) refers to bmi160.o(i.bmi160_get_regs) for bmi160_get_regs
    bmi160.o(i.bmi160_config_aux_mode) refers to bmi160.o(i.bmi160_set_regs) for bmi160_set_regs
    bmi160.o(i.bmi160_extract_accel) refers to bmi160.o(i.get_accel_len_to_parse) for get_accel_len_to_parse
    bmi160.o(i.bmi160_extract_accel) refers to bmi160.o(i.check_frame_validity) for check_frame_validity
    bmi160.o(i.bmi160_extract_accel) refers to bmi160.o(i.unpack_accel_frame) for unpack_accel_frame
    bmi160.o(i.bmi160_extract_accel) refers to bmi160.o(i.extract_accel_header_mode) for extract_accel_header_mode
    bmi160.o(i.bmi160_extract_aux) refers to bmi160.o(i.get_aux_len_to_parse) for get_aux_len_to_parse
    bmi160.o(i.bmi160_extract_aux) refers to bmi160.o(i.check_frame_validity) for check_frame_validity
    bmi160.o(i.bmi160_extract_aux) refers to bmi160.o(i.unpack_aux_frame) for unpack_aux_frame
    bmi160.o(i.bmi160_extract_aux) refers to bmi160.o(i.extract_aux_header_mode) for extract_aux_header_mode
    bmi160.o(i.bmi160_extract_gyro) refers to bmi160.o(i.get_gyro_len_to_parse) for get_gyro_len_to_parse
    bmi160.o(i.bmi160_extract_gyro) refers to bmi160.o(i.check_frame_validity) for check_frame_validity
    bmi160.o(i.bmi160_extract_gyro) refers to bmi160.o(i.unpack_gyro_frame) for unpack_gyro_frame
    bmi160.o(i.bmi160_extract_gyro) refers to bmi160.o(i.extract_gyro_header_mode) for extract_gyro_header_mode
    bmi160.o(i.bmi160_get_fifo_data) refers to bmi160.o(i.reset_fifo_data_structure) for reset_fifo_data_structure
    bmi160.o(i.bmi160_get_fifo_data) refers to bmi160.o(i.get_fifo_byte_counter) for get_fifo_byte_counter
    bmi160.o(i.bmi160_get_fifo_data) refers to bmi160.o(i.bmi160_get_regs) for bmi160_get_regs
    bmi160.o(i.bmi160_get_int_status) refers to bmi160.o(i.bmi160_get_regs) for bmi160_get_regs
    bmi160.o(i.bmi160_get_offsets) refers to bmi160.o(i.null_ptr_check) for null_ptr_check
    bmi160.o(i.bmi160_get_offsets) refers to bmi160.o(i.bmi160_get_regs) for bmi160_get_regs
    bmi160.o(i.bmi160_get_power_mode) refers to bmi160.o(i.bmi160_get_regs) for bmi160_get_regs
    bmi160.o(i.bmi160_get_regs) refers to malloc.o(i.malloc) for malloc
    bmi160.o(i.bmi160_get_regs) refers to malloc.o(i.free) for free
    bmi160.o(i.bmi160_get_sensor_data) refers to bmi160.o(i.get_accel_data) for get_accel_data
    bmi160.o(i.bmi160_get_sensor_data) refers to bmi160.o(i.get_gyro_data) for get_gyro_data
    bmi160.o(i.bmi160_get_sensor_data) refers to bmi160.o(i.get_accel_gyro_data) for get_accel_gyro_data
    bmi160.o(i.bmi160_init) refers to bmi160.o(i.null_ptr_check) for null_ptr_check
    bmi160.o(i.bmi160_init) refers to bmi160.o(i.bmi160_get_regs) for bmi160_get_regs
    bmi160.o(i.bmi160_init) refers to bmi160.o(i.bmi160_soft_reset) for bmi160_soft_reset
    bmi160.o(i.bmi160_perform_self_test) refers to bmi160.o(i.null_ptr_check) for null_ptr_check
    bmi160.o(i.bmi160_perform_self_test) refers to bmi160.o(i.perform_accel_self_test) for perform_accel_self_test
    bmi160.o(i.bmi160_perform_self_test) refers to bmi160.o(i.bmi160_set_power_mode) for bmi160_set_power_mode
    bmi160.o(i.bmi160_perform_self_test) refers to bmi160.o(i.perform_gyro_self_test) for perform_gyro_self_test
    bmi160.o(i.bmi160_perform_self_test) refers to bmi160.o(i.bmi160_soft_reset) for bmi160_soft_reset
    bmi160.o(i.bmi160_read_aux_data_auto_mode) refers to bmi160.o(i.null_ptr_check) for null_ptr_check
    bmi160.o(i.bmi160_read_aux_data_auto_mode) refers to bmi160.o(i.bmi160_get_regs) for bmi160_get_regs
    bmi160.o(i.bmi160_read_step_counter) refers to bmi160.o(i.null_ptr_check) for null_ptr_check
    bmi160.o(i.bmi160_read_step_counter) refers to bmi160.o(i.bmi160_get_regs) for bmi160_get_regs
    bmi160.o(i.bmi160_set_aux_auto_mode) refers to bmi160.o(i.null_ptr_check) for null_ptr_check
[...]
    i.HAL_UART_RxHalfCpltCallback            0x080035f2   Section        0  stm32l4xx_hal_uart.o(i.HAL_UART_RxHalfCpltCallback)
    i.HAL_UART_Transmit                      0x080035f4   Section        0  stm32l4xx_hal_uart.o(i.HAL_UART_Transmit)
    i.HAL_UART_TxCpltCallback                0x080036cc   Section        0  stm32l4xx_hal_uart.o(i.HAL_UART_TxCpltCallback)
    i.HardFault_Handler                      0x080036ce   Section        0  stm32l4xx_it.o(i.HardFault_Handler)
    i.I2C_Flush_TXDR                         0x080036d2   Section        0  stm32l4xx_hal_i2c.o(i.I2C_Flush_TXDR)
    I2C_Flush_TXDR                           0x080036d3   Thumb Code    40  stm32l4xx_hal_i2c.o(i.I2C_Flush_TXDR)
    i.I2C_IsAcknowledgeFailed                0x080036fc   Section        0  stm32l4xx_hal_i2c.o(i.I2C_IsAcknowledgeFailed)
    I2C_IsAcknowledgeFailed                  0x080036fd   Thumb Code   148  stm32l4xx_hal_i2c.o(i.I2C_IsAcknowledgeFailed)
    i.I2C_RequestMemoryRead                  0x08003794   Section        0  stm32l4xx_hal_i2c.o(i.I2C_RequestMemoryRead)
    I2C_RequestMemoryRead                    0x08003795   Thumb Code   118  stm32l4xx_hal_i2c.o(i.I2C_RequestMemoryRead)
    i.I2C_RequestMemoryWrite                 0x08003810   Section        0  stm32l4xx_hal_i2c.o(i.I2C_RequestMemoryWrite)
    I2C_RequestMemoryWrite                   0x08003811   Thumb Code   118  stm32l4xx_hal_i2c.o(i.I2C_RequestMemoryWrite)
    i.I2C_TransferConfig                     0x0800388c   Section        0  stm32l4xx_hal_i2c.o(i.I2C_TransferConfig)
    I2C_TransferConfig                       0x0800388d   Thumb Code    52  stm32l4xx_hal_i2c.o(i.I2C_TransferConfig)
    i.I2C_WaitOnFlagUntilTimeout             0x080038c0   Section        0  stm32l4xx_hal_i2c.o(i.I2C_WaitOnFlagUntilTimeout)
    I2C_WaitOnFlagUntilTimeout               0x080038c1   Thumb Code    94  stm32l4xx_hal_i2c.o(i.I2C_WaitOnFlagUntilTimeout)
    i.I2C_WaitOnSTOPFlagUntilTimeout         0x0800391e   Section        0  stm32l4xx_hal_i2c.o(i.I2C_WaitOnSTOPFlagUntilTimeout)
    I2C_WaitOnSTOPFlagUntilTimeout           0x0800391f   Thumb Code    86  stm32l4xx_hal_i2c.o(i.I2C_WaitOnSTOPFlagUntilTimeout)
    i.I2C_WaitOnTXISFlagUntilTimeout         0x08003974   Section        0  stm32l4xx_hal_i2c.o(i.I2C_WaitOnTXISFlagUntilTimeout)
    I2C_WaitOnTXISFlagUntilTimeout           0x08003975   Thumb Code    90  stm32l4xx_hal_i2c.o(i.I2C_WaitOnTXISFlagUntilTimeout)
    i.IWDG_Feed                              0x080039d0   Section        0  wtd.o(i.IWDG_Feed)
    i.MX_DMA_Init                            0x080039e0   Section        0  uart.o(i.MX_DMA_Init)
    i.MX_GPIO_Init                           0x08003a24   Section        0  gpio.o(i.MX_GPIO_Init)
    i.MX_I2C1_Init                           0x08003bbc   Section        0  i2c.o(i.MX_I2C1_Init)
    i.MX_SPI3_Init                           0x08003c14   Section        0  spi.o(i.MX_SPI3_Init)
    i.MX_USART1_UART_Init                    0x08003c68   Section        0  uart.o(i.MX_USART1_UART_Init)
    i.MX_USART2_UART_Init                    0x08003cd0   Section        0  uart.o(i.MX_USART2_UART_Init)
    i.MemManage_Handler                      0x08003d38   Section        0  stm32l4xx_it.o(i.MemManage_Handler)
    i.NMI_Handler                            0x08003d3c   Section        0  stm32l4xx_it.o(i.NMI_Handler)
    i.PendSV_Handler                         0x08003d40   Section        0  stm32l4xx_it.o(i.PendSV_Handler)
    i.RCCEx_PLLSAI1_Config                   0x08003d44   Section        0  stm32l4xx_hal_rcc_ex.o(i.RCCEx_PLLSAI1_Config)
    RCCEx_PLLSAI1_Config                     0x08003d45   Thumb Code   376  stm32l4xx_hal_rcc_ex.o(i.RCCEx_PLLSAI1_Config)
    i.RCC_SetFlashLatencyFromMSIRange        0x08003ecc   Section        0  stm32l4xx_hal_rcc.o(i.RCC_SetFlashLatencyFromMSIRange)
    RCC_SetFlashLatencyFromMSIRange          0x08003ecd   Thumb Code   148  stm32l4xx_hal_rcc.o(i.RCC_SetFlashLatencyFromMSIRange)
    i.RTC_EnterInitMode                      0x08003f68   Section        0  stm32l4xx_hal_rtc.o(i.RTC_EnterInitMode)
    i.RTC_ExitInitMode                       0x08003fac   Section        0  stm32l4xx_hal_rtc.o(i.RTC_ExitInitMode)
    i.RTC_WKUP_IRQHandler                    0x08004014   Section        0  stm32l4xx_it.o(i.RTC_WKUP_IRQHandler)
    i.SPI_EndRxTransaction                   0x08004024   Section        0  stm32l4xx_hal_spi.o(i.SPI_EndRxTransaction)
    SPI_EndRxTransaction                     0x08004025   Thumb Code   130  stm32l4xx_hal_spi.o(i.SPI_EndRxTransaction)
    i.SPI_EndRxTxTransaction                 0x080040a6   Section        0  stm32l4xx_hal_spi.o(i.SPI_EndRxTxTransaction)
    SPI_EndRxTxTransaction                   0x080040a7   Thumb Code   100  stm32l4xx_hal_spi.o(i.SPI_EndRxTxTransaction)
    i.SPI_Read                               0x0800410c   Section        0  comm.o(i.SPI_Read)
    i.SPI_WaitFifoStateUntilTimeout          0x0800413c   Section        0  stm32l4xx_hal_spi.o(i.SPI_WaitFifoStateUntilTimeout)
    SPI_WaitFifoStateUntilTimeout            0x0800413d   Thumb Code   222  stm32l4xx_hal_spi.o(i.SPI_WaitFifoStateUntilTimeout)
    i.SPI_WaitFlagStateUntilTimeout          0x08004228   Section        0  stm32l4xx_hal_spi.o(i.SPI_WaitFlagStateUntilTimeout)
    SPI_WaitFlagStateUntilTimeout            0x08004229   Thumb Code   210  stm32l4xx_hal_spi.o(i.SPI_WaitFlagStateUntilTimeout)
    i.SPI_Write                              0x08004308   Section        0  comm.o(i.SPI_Write)
    i.SVC_Handler                            0x08004338   Section        0  stm32l4xx_it.o(i.SVC_Handler)
    i.SysTick_Handler                        0x0800433a   Section        0  stm32l4xx_it.o(i.SysTick_Handler)
    i.SystemClock_Config                     0x08004344   Section        0  main.o(i.SystemClock_Config)
    SystemClock_Config                       0x08004345   Thumb Code   188  main.o(i.SystemClock_Config)
    i.SystemInit                             0x08004408   Section        0  system_stm32l4xx.o(i.SystemInit)
    i.SystemPower_Config                     0x08004458   Section        0  main.o(i.SystemPower_Config)
    SystemPower_Config                       0x08004459   Thumb Code    80  main.o(i.SystemPower_Config)
    i.System_Config_When_Enter_StopMode      0x080044b4   Section        0  main.o(i.System_Config_When_Enter_StopMode)
    System_Config_When_Enter_StopMode        0x080044b5   Thumb Code   128  main.o(i.System_Config_When_Enter_StopMode)
    i.UART_AdvFeatureConfig                  0x08004554   Section        0  stm32l4xx_hal_uart.o(i.UART_AdvFeatureConfig)
    i.UART_CheckIdleState                    0x0800464c   Section        0  stm32l4xx_hal_uart.o(i.UART_CheckIdleState)
    i.UART_DMAAbortOnError                   0x080046ba   Section        0  stm32l4xx_hal_uart.o(i.UART_DMAAbortOnError)
    UART_DMAAbortOnError                     0x080046bb   Thumb Code    24  stm32l4xx_hal_uart.o(i.UART_DMAAbortOnError)
    i.UART_DMAError                          0x080046d2   Section        0  stm32l4xx_hal_uart.o(i.UART_DMAError)
    UART_DMAError                            0x080046d3   Thumb Code    86  stm32l4xx_hal_uart.o(i.UART_DMAError)
    i.UART_DMAReceiveCplt                    0x08004728   Section        0  stm32l4xx_hal_uart.o(i.UART_DMAReceiveCplt)
    UART_DMAReceiveCplt                      0x08004729   Thumb Code    70  stm32l4xx_hal_uart.o(i.UART_DMAReceiveCplt)
    i.UART_DMARxHalfCplt                     0x0800476e   Section        0  stm32l4xx_hal_uart.o(i.UART_DMARxHalfCplt)
    UART_DMARxHalfCplt                       0x0800476f   Thumb Code    14  stm32l4xx_hal_uart.o(i.UART_DMARxHalfCplt)
    i.UART_EndRxTransfer                     0x0800477c   Section        0  stm32l4xx_hal_uart.o(i.UART_EndRxTransfer)
    UART_EndRxTransfer                       0x0800477d   Thumb Code    34  stm32l4xx_hal_uart.o(i.UART_EndRxTransfer)
    i.UART_EndTransmit_IT                    0x0800479e   Section        0  stm32l4xx_hal_uart.o(i.UART_EndTransmit_IT)
    UART_EndTransmit_IT                      0x0800479f   Thumb Code    32  stm32l4xx_hal_uart.o(i.UART_EndTransmit_IT)
    i.UART_EndTxTransfer                     0x080047be   Section        0  stm32l4xx_hal_uart.o(i.UART_EndTxTransfer)
    UART_EndTxTransfer                       0x080047bf   Thumb Code    18  stm32l4xx_hal_uart.o(i.UART_EndTxTransfer)
    i.UART_RxISR_16BIT                       0x080047d0   Section        0  stm32l4xx_hal_uart.o(i.UART_RxISR_16BIT)
    UART_RxISR_16BIT                         0x080047d1   Thumb Code   106  stm32l4xx_hal_uart.o(i.UART_RxISR_16BIT)
    i.UART_RxISR_8BIT                        0x0800483a   Section        0  stm32l4xx_hal_uart.o(i.UART_RxISR_8BIT)
    UART_RxISR_8BIT                          0x0800483b   Thumb Code   102  stm32l4xx_hal_uart.o(i.UART_RxISR_8BIT)
    i.UART_SetConfig                         0x080048a0   Section        0  stm32l4xx_hal_uart.o(i.UART_SetConfig)
    i.UART_WaitOnFlagUntilTimeout            0x08004b6a   Section        0  stm32l4xx_hal_uart.o(i.UART_WaitOnFlagUntilTimeout)
    i.USART1_IRQHandler                      0x08004c20   Section        0  stm32l4xx_it.o(i.USART1_IRQHandler)
    i.USART2_IRQHandler                      0x08004c50   Section        0  stm32l4xx_it.o(i.USART2_IRQHandler)
    i.UsageFault_Handler                     0x08004c80   Section        0  stm32l4xx_it.o(i.UsageFault_Handler)
    i.__0printf                              0x08004c84   Section        0  printfa.o(i.__0printf)
    i.__NVIC_GetPriorityGrouping             0x08004ca4   Section        0  stm32l4xx_hal_cortex.o(i.__NVIC_GetPriorityGrouping)
    __NVIC_GetPriorityGrouping               0x08004ca5   Thumb Code    10  stm32l4xx_hal_cortex.o(i.__NVIC_GetPriorityGrouping)
    i.__NVIC_SetPriority                     0x08004cb4   Section        0  stm32l4xx_hal_cortex.o(i.__NVIC_SetPriority)
    __NVIC_SetPriority                       0x08004cb5   Thumb Code    32  stm32l4xx_hal_cortex.o(i.__NVIC_SetPriority)
    i.__scatterload_copy                     0x08004cdc   Section       14  handlers.o(i.__scatterload_copy)
    i.__scatterload_null                     0x08004cea   Section        2  handlers.o(i.__scatterload_null)
    i.__scatterload_zeroinit                 0x08004cec   Section       14  handlers.o(i.__scatterload_zeroinit)
    i._fp_digits                             0x08004cfc   Section        0  printfa.o(i._fp_digits)
    _fp_digits                               0x08004cfd   Thumb Code   366  printfa.o(i._fp_digits)
    i._printf_core                           0x08004e88   Section        0  printfa.o(i._printf_core)
    _printf_core                             0x08004e89   Thumb Code  1704  printfa.o(i._printf_core)
    i._printf_post_padding                   0x08005542   Section        0  printfa.o(i._printf_post_padding)
    _printf_post_padding                     0x08005543   Thumb Code    36  printfa.o(i._printf_post_padding)
    i._printf_pre_padding                    0x08005566   Section        0  printfa.o(i._printf_pre_padding)
    _printf_pre_padding                      0x08005567   Thumb Code    46  printfa.o(i._printf_pre_padding)
    i.accel_data_convert                     0x08005594   Section        0  bmi160_bsp.o(i.accel_data_convert)
    i.ad7193_bpdsw_set                       0x080055dc   Section        0  ad7193.o(i.ad7193_bpdsw_set)
    i.ad7193_calibrate                       0x080055f2   Section        0  ad7193.o(i.ad7193_calibrate)
    i.ad7193_channel_clear                   0x08005648   Section        0  ad7193.o(i.ad7193_channel_clear)
    i.ad7193_channel_select                  0x080056ac   Section        0  ad7193.o(i.ad7193_channel_select)
    i.ad7193_config_init                     0x080056fc   Section        0  ad7193.o(i.ad7193_config_init)
    i.ad7193_continuous_readavg              0x08005860   Section        0  ad7193.o(i.ad7193_continuous_readavg)
    i.ad7193_convert_to_volts                0x080058a4   Section        0  ad7193.o(i.ad7193_convert_to_volts)
    i.ad7193_get_register_value              0x08005928   Section        0  ad7193.o(i.ad7193_get_register_value)
    i.ad7193_init                            0x08005990   Section        0  ad7193.o(i.ad7193_init)
    i.ad7193_range_setup1                    0x080059e8   Section        0  ad7193.o(i.ad7193_range_setup1)
    i.ad7193_reset                           0x08005a5c   Section        0  ad7193.o(i.ad7193_reset)
    i.ad7193_set_register_value              0x08005aa4   Section        0  ad7193.o(i.ad7193_set_register_value)
    i.ad7193_temperature_read                0x08005b10   Section        0  ad7193.o(i.ad7193_temperature_read)
    i.bmi160_bsp_init                        0x08005b4c   Section        0  bmi160_bsp.o(i.bmi160_bsp_init)
    i.bmi160_config_accel_gyro_sensors_in_normal_mode 0x08005b80   Section        0  bmi160_bsp.o(i.bmi160_config_accel_gyro_sensors_in_normal_mode)
    i.bmi160_config_init                     0x08005bb4   Section        0  bmi160_bsp.o(i.bmi160_config_init)
    i.bmi160_get_regs                        0x08005bc4   Section        0  bmi160.o(i.bmi160_get_regs)
    i.bmi160_get_sensor_data                 0x08005c4c   Section        0  bmi160.o(i.bmi160_get_sensor_data)
    i.bmi160_init                            0x08005ce2   Section        0  bmi160.o(i.bmi160_init)
    i.bmi160_rd                              0x08005d5c   Section        0  bmi160_bsp.o(i.bmi160_rd)
    i.bmi160_read_sensor_data                0x08005d98   Section        0  bmi160_bsp.o(i.bmi160_read_sensor_data)
    i.bmi160_set_power_mode                  0x08005fb4   Section        0  bmi160.o(i.bmi160_set_power_mode)
    i.bmi160_set_regs                        0x08005fdc   Section        0  bmi160.o(i.bmi160_set_regs)
    i.bmi160_set_sens_conf                   0x0800606a   Section        0  bmi160.o(i.bmi160_set_sens_conf)
    i.bmi160_soft_reset                      0x080060a6   Section        0  bmi160.o(i.bmi160_soft_reset)
    i.bmi160_wr                              0x080060f0   Section        0  bmi160_bsp.o(i.bmi160_wr)
    i.check_accel_config                     0x0800612c   Section        0  bmi160.o(i.check_accel_config)
    check_accel_config                       0x0800612d   Thumb Code    60  bmi160.o(i.check_accel_config)
    i.check_gyro_config                      0x08006168   Section        0  bmi160.o(i.check_gyro_config)
    check_gyro_config                        0x08006169   Thumb Code    60  bmi160.o(i.check_gyro_config)
    i.check_invalid_settg                    0x080061a4   Section        0  bmi160.o(i.check_invalid_settg)
    check_invalid_settg                      0x080061a5   Thumb Code    96  bmi160.o(i.check_invalid_settg)
    i.default_param_settg                    0x08006204   Section        0  bmi160.o(i.default_param_settg)
    default_param_settg                      0x08006205   Thumb Code    42  bmi160.o(i.default_param_settg)
    i.device_ad7193_handle                   0x08006230   Section        0  ad7193.o(i.device_ad7193_handle)
    i.device_bmi160_handle                   0x08006494   Section        0  bmi160_bsp.o(i.device_bmi160_handle)
    i.device_key_handle                      0x080064a4   Section        0  main.o(i.device_key_handle)
    device_key_handle                        0x080064a5   Thumb Code   102  main.o(i.device_key_handle)
    i.device_led_handle                      0x08006538   Section        0  main.o(i.device_led_handle)
    device_led_handle                        0x08006539   Thumb Code   104  main.o(i.device_led_handle)
    i.device_lpw_handle                      0x080065a4   Section        0  main.o(i.device_lpw_handle)
    device_lpw_handle                        0x080065a5   Thumb Code    18  main.o(i.device_lpw_handle)
    i.device_temper_handle                   0x080065bc   Section        0  main.o(i.device_temper_handle)
    device_temper_handle                     0x080065bd   Thumb Code     2  main.o(i.device_temper_handle)
    i.device_uart_handle                     0x080065c0   Section        0  uart.o(i.device_uart_handle)
    i.fputc                                  0x080065d8   Section        0  uart.o(i.fputc)
    i.free                                   0x080065f4   Section        0  malloc.o(i.free)
    i.get_accel_data                         0x08006644   Section        0  bmi160.o(i.get_accel_data)
    get_accel_data                           0x08006645   Thumb Code   226  bmi160.o(i.get_accel_data)
    i.get_accel_gyro_data                    0x0800672c   Section        0  bmi160.o(i.get_accel_gyro_data)
    get_accel_gyro_data                      0x0800672d   Thumb Code   354  bmi160.o(i.get_accel_gyro_data)
    i.get_gyro_data                          0x08006894   Section        0  bmi160.o(i.get_gyro_data)
    get_gyro_data                            0x08006895   Thumb Code   352  bmi160.o(i.get_gyro_data)
    i.gyro_data_convert                      0x080069fc   Section        0  bmi160_bsp.o(i.gyro_data_convert)
    i.hook_idle_handle                       0x08006a40   Section        0  main.o(i.hook_idle_handle)
    hook_idle_handle                         0x08006a41   Thumb Code    16  main.o(i.hook_idle_handle)
    i.main                                   0x08006a68   Section        0  main.o(i.main)
    i.malloc                                 0x08006c64   Section        0  malloc.o(i.malloc)
    i.midval_filter                          0x08006cd0   Section        0  bmi160_bsp.o(i.midval_filter)
    i.null_ptr_check                         0x08006d20   Section        0  bmi160.o(i.null_ptr_check)
    null_ptr_check                           0x08006d21   Thumb Code    26  bmi160.o(i.null_ptr_check)
    i.process_accel_bw                       0x08006d3a   Section        0  bmi160.o(i.process_accel_bw)
    process_accel_bw                         0x08006d3b   Thumb Code    50  bmi160.o(i.process_accel_bw)
    i.process_accel_odr                      0x08006d6c   Section        0  bmi160.o(i.process_accel_odr)
    process_accel_odr                        0x08006d6d   Thumb Code    48  bmi160.o(i.process_accel_odr)
    i.process_accel_range                    0x08006d9c   Section        0  bmi160.o(i.process_accel_range)
    process_accel_range                      0x08006d9d   Thumb Code    48  bmi160.o(i.process_accel_range)
    i.process_gyro_bw                        0x08006dcc   Section        0  bmi160.o(i.process_gyro_bw)
    process_gyro_bw                          0x08006dcd   Thumb Code    42  bmi160.o(i.process_gyro_bw)
    i.process_gyro_odr                       0x08006df6   Section        0  bmi160.o(i.process_gyro_odr)
    process_gyro_odr                         0x08006df7   Thumb Code    48  bmi160.o(i.process_gyro_odr)
    i.process_gyro_range                     0x08006e26   Section        0  bmi160.o(i.process_gyro_range)
    process_gyro_range                       0x08006e27   Thumb Code    48  bmi160.o(i.process_gyro_range)
    i.process_under_sampling                 0x08006e56   Section        0  bmi160.o(i.process_under_sampling)
    process_under_sampling                   0x08006e57   Thumb Code   112  bmi160.o(i.process_under_sampling)
    i.sem_create                             0x08006ec6   Section        0  os.o(i.sem_create)
    i.sem_release                            0x08006ece   Section        0  os.o(i.sem_release)
    i.sem_take                               0x08006ed8   Section        0  os.o(i.sem_take)
    i.sem_wait                               0x08006ee6   Section        0  os.o(i.sem_wait)
    i.set_accel_conf                         0x08006f1a   Section        0  bmi160.o(i.set_accel_conf)
    set_accel_conf                           0x08006f1b   Thumb Code    70  bmi160.o(i.set_accel_conf)
    i.set_accel_pwr                          0x08006f60   Section        0  bmi160.o(i.set_accel_pwr)
    set_accel_pwr                            0x08006f61   Thumb Code    82  bmi160.o(i.set_accel_pwr)
    i.set_gyro_conf                          0x08006fb2   Section        0  bmi160.o(i.set_gyro_conf)
    set_gyro_conf                            0x08006fb3   Thumb Code    70  bmi160.o(i.set_gyro_conf)
    i.set_gyro_pwr                           0x08006ff8   Section        0  bmi160.o(i.set_gyro_pwr)
    set_gyro_pwr                             0x08006ff9   Thumb Code    94  bmi160.o(i.set_gyro_pwr)
    i.tasks_os_run                           0x08007056   Section        0  os.o(i.tasks_os_run)
    i.uart_dma_recvlen                       0x080070cc   Section        0  uart.o(i.uart_dma_recvlen)
    uart_dma_recvlen                         0x080070cd   Thumb Code    14  uart.o(i.uart_dma_recvlen)
    i.uart_dma_reset                         0x080070da   Section        0  uart.o(i.uart_dma_reset)
    uart_dma_reset                           0x080070db   Thumb Code    44  uart.o(i.uart_dma_reset)
    i.uart_rx_task                           0x08007108   Section        0  uart.o(i.uart_rx_task)
    uart_rx_task                             0x08007109   Thumb Code   154  uart.o(i.uart_rx_task)
    .constdata                               0x0800721c   Section       72  system_stm32l4xx.o(.constdata)
    .data                                    0x20000000   Section       24  bmi160_bsp.o(.data)
    .data                                    0x20000018   Section        8  ad7193.o(.data)
    .data                                    0x20000020   Section      175  main.o(.data)
    last_key                                 0x200000cc   Data           1  main.o(.data)
    now_key                                  0x200000cd   Data           1  main.o(.data)
    key_count                                0x200000ce   Data           1  main.o(.data)
    .data                                    0x200000d0   Section        9  stm32l4xx_hal.o(.data)
    .data                                    0x200000dc   Section        4  system_stm32l4xx.o(.data)
    .data                                    0x200000e0   Section        4  stdout.o(.data)
    .data                                    0x200000e4   Section        4  mvars.o(.data)
    .data                                    0x200000e8   Section        4  mvars.o(.data)
    .bss                                     0x200000ec   Section       44  bmi160_bsp.o(.bss)
    .bss                                     0x20000118   Section       80  ad7193.o(.bss)
    ch_tmp                                   0x20000140   Data          40  ad7193.o(.bss)
    .bss                                     0x20000168   Section     1440  uart.o(.bss)
    .bss                                     0x20000708   Section       76  i2c.o(.bss)
    .bss                                     0x20000754   Section      100  spi.o(.bss)
    .bss                                     0x200007b8   Section       16  wtd.o(.bss)
    .bss                                     0x200007c8   Section       36  main.o(.bss)
    HEAP                                     0x200007f0   Section      512  startup_stm32l432xx.o(HEAP)
    STACK                                    0x200009f0   Section     1024  startup_stm32l432xx.o(STACK)

    Global Symbols

    Symbol Name                              Value     Ov Type        Size  Object(Section)

    BuildAttributes$$THM_ISAv4$E$P$D$K$B$S$7EM$VFPi3$EXTD16$VFPS$VFMA$PE$A:L22UL41UL21$X:L11$S22US41US21$IEEE1$IW$USESV6$~STKCKD$USESV7$~SHL$OTIME$ROPI$EBA8$MICROLIB$REQ8$PRES8$EABIv2 0x00000000   Number         0  anon$$obj.o ABSOLUTE
    __ARM_use_no_argv                        0x00000000   Number         0  main.o ABSOLUTE
    _printf_a                                0x00000000   Number         0  stubs.o ABSOLUTE
    _printf_c                                0x00000000   Number         0  stubs.o ABSOLUTE
    _printf_charcount                        0x00000000   Number         0  stubs.o ABSOLUTE
    _printf_d                                0x00000000   Number         0  stubs.o ABSOLUTE
    _printf_e                                0x00000000   Number         0  stubs.o ABSOLUTE
    _printf_f                                0x00000000   Number         0  stubs.o ABSOLUTE
    _printf_flags                            0x00000000   Number         0  stubs.o ABSOLUTE
    _printf_fp_dec                           0x00000000   Number         0  stubs.o ABSOLUTE
    _printf_fp_hex                           0x00000000   Number         0  stubs.o ABSOLUTE
    _printf_g                                0x00000000   Number         0  stubs.o ABSOLUTE
    _printf_i                                0x00000000   Number         0  stubs.o ABSOLUTE
    _printf_int_dec                          0x00000000   Number         0  stubs.o ABSOLUTE
    _printf_l                                0x00000000   Number         0  stubs.o ABSOLUTE
    _printf_lc                               0x00000000   Number         0  stubs.o ABSOLUTE
    _printf_ll                               0x00000000   Number         0  stubs.o ABSOLUTE
    _printf_lld                              0x00000000   Number         0  stubs.o ABSOLUTE
    _printf_lli                              0x00000000   Number         0  stubs.o ABSOLUTE
    _printf_llo                              0x00000000   Number         0  stubs.o ABSOLUTE
    _printf_llu                              0x00000000   Number         0  stubs.o ABSOLUTE
    _printf_llx                              0x00000000   Number         0  stubs.o ABSOLUTE
    _printf_longlong_dec                     0x00000000   Number         0  stubs.o ABSOLUTE
    _printf_longlong_hex                     0x00000000   Number         0  stubs.o ABSOLUTE
    _printf_longlong_oct                     0x00000000   Number         0  stubs.o ABSOLUTE
    _printf_ls                               0x00000000   Number         0  stubs.o ABSOLUTE
    _printf_mbtowc                           0x00000000   Number         0  stubs.o ABSOLUTE
    _printf_n                                0x00000000   Number         0  stubs.o ABSOLUTE
    _printf_o                                0x00000000   Number         0  stubs.o ABSOLUTE
    _printf_p                                0x00000000   Number         0  stubs.o ABSOLUTE
    _printf_percent                          0x00000000   Number         0  stubs.o ABSOLUTE
    _printf_pre_padding                      0x00000000   Number         0  stubs.o ABSOLUTE
    _printf_return_value                     0x00000000   Number         0  stubs.o ABSOLUTE
    _printf_s                                0x00000000   Number         0  stubs.o ABSOLUTE
    _printf_sizespec                         0x00000000   Number         0  stubs.o ABSOLUTE
    _printf_str                              0x00000000   Number         0  stubs.o ABSOLUTE
    _printf_truncate_signed                  0x00000000   Number         0  stubs.o ABSOLUTE
    _printf_truncate_unsigned                0x00000000   Number         0  stubs.o ABSOLUTE
    _printf_u                                0x00000000   Number         0  stubs.o ABSOLUTE
    _printf_wc                               0x00000000   Number         0  stubs.o ABSOLUTE
    _printf_wctomb                           0x00000000   Number         0  stubs.o ABSOLUTE
    _printf_widthprec                        0x00000000   Number         0  stubs.o ABSOLUTE
    _printf_x                                0x00000000   Number         0  stubs.o ABSOLUTE
    __arm_fini_                               - Undefined Weak Reference
    __cpp_initialize__aeabi_                  - Undefined Weak Reference
    __cxa_finalize                            - Undefined Weak Reference
    __decompress                              - Undefined Weak Reference
    _clock_init                               - Undefined Weak Reference
    _microlib_exit                            - Undefined Weak Reference
    __Vectors_Size                           0x0000018c   Number         0  startup_stm32l432xx.o ABSOLUTE
    __Vectors                                0x08000000   Data           4  startup_stm32l432xx.o(RESET)
    __Vectors_End                            0x0800018c   Data           0  startup_stm32l432xx.o(RESET)
    __main                                   0x0800018d   Thumb Code     0  entry.o(.ARM.Collect$$$$00000000)
    _main_stk                                0x0800018d   Thumb Code     0  entry2.o(.ARM.Collect$$$$00000001)
    _main_scatterload                        0x08000191   Thumb Code     0  entry5.o(.ARM.Collect$$$$00000004)
    __main_after_scatterload                 0x08000195   Thumb Code     0  entry5.o(.ARM.Collect$$$$00000004)
    _main_clock                              0x08000195   Thumb Code     0  entry7b.o(.ARM.Collect$$$$00000008)
    _main_cpp_init                           0x08000195   Thumb Code     0  entry8b.o(.ARM.Collect$$$$0000000A)
    _main_init                               0x08000195   Thumb Code     0  entry9a.o(.ARM.Collect$$$$0000000B)
    __rt_lib_shutdown_fini                   0x0800019d   Thumb Code     0  entry12b.o(.ARM.Collect$$$$0000000E)
    __rt_final_cpp                           0x080001a1   Thumb Code     0  entry10a.o(.ARM.Collect$$$$0000000F)
    __rt_final_exit                          0x080001a1   Thumb Code     0  entry11a.o(.ARM.Collect$$$$00000011)
    Reset_Handler                            0x080001a5   Thumb Code     8  startup_stm32l432xx.o(.text)
    ADC1_IRQHandler                          0x080001bf   Thumb Code     0  startup_stm32l432xx.o(.text)
    CAN1_RX0_IRQHandler                      0x080001bf   Thumb Code     0  startup_stm32l432xx.o(.text)
    CAN1_RX1_IRQHandler                      0x080001bf   Thumb Code     0  startup_stm32l432xx.o(.text)
    CAN1_SCE_IRQHandler                      0x080001bf   Thumb Code     0  startup_stm32l432xx.o(.text)
    CAN1_TX_IRQHandler                       0x080001bf   Thumb Code     0  startup_stm32l432xx.o(.text)
    COMP_IRQHandler                          0x080001bf   Thumb Code     0  startup_stm32l432xx.o(.text)
    CRS_IRQHandler                           0x080001bf   Thumb Code     0  startup_stm32l432xx.o(.text)
    DMA1_Channel1_IRQHandler                 0x080001bf   Thumb Code     0  startup_stm32l432xx.o(.text)
    DMA1_Channel2_IRQHandler                 0x080001bf   Thumb Code     0  startup_stm32l432xx.o(.text)
    DMA1_Channel3_IRQHandler                 0x080001bf   Thumb Code     0  startup_stm32l432xx.o(.text)
    DMA1_Channel4_IRQHandler                 0x080001bf   Thumb Code     0  startup_stm32l432xx.o(.text)
    DMA1_Channel5_IRQHandler                 0x080001bf   Thumb Code     0  startup_stm32l432xx.o(.text)
    DMA1_Channel6_IRQHandler                 0x080001bf   Thumb Code     0  startup_stm32l432xx.o(.text)
    DMA1_Channel7_IRQHandler                 0x080001bf   Thumb Code     0  startup_stm32l432xx.o(.text)
    DMA2_Channel1_IRQHandler                 0x080001bf   Thumb Code     0  startup_stm32l432xx.o(.text)
    DMA2_Channel2_IRQHandler                 0x080001bf   Thumb Code     0  startup_stm32l432xx.o(.text)
    DMA2_Channel3_IRQHandler                 0x080001bf   Thumb Code     0  startup_stm32l432xx.o(.text)
    DMA2_Channel4_IRQHandler                 0x080001bf   Thumb Code     0  startup_stm32l432xx.o(.text)
    DMA2_Channel5_IRQHandler                 0x080001bf   Thumb Code     0  startup_stm32l432xx.o(.text)
    DMA2_Channel6_IRQHandler                 0x080001bf   Thumb Code     0  startup_stm32l432xx.o(.text)
    DMA2_Channel7_IRQHandler                 0x080001bf   Thumb Code     0  startup_stm32l432xx.o(.text)
    EXTI1_IRQHandler                         0x080001bf   Thumb Code     0  startup_stm32l432xx.o(.text)
    EXTI2_IRQHandler                         0x080001bf   Thumb Code     0  startup_stm32l432xx.o(.text)
    EXTI3_IRQHandler                         0x080001bf   Thumb Code     0  startup_stm32l432xx.o(.text)
    EXTI4_IRQHandler                         0x080001bf   Thumb Code     0  startup_stm32l432xx.o(.text)
    EXTI9_5_IRQHandler                       0x080001bf   Thumb Code     0  startup_stm32l432xx.o(.text)
    FLASH_IRQHandler                         0x080001bf   Thumb Code     0  startup_stm32l432xx.o(.text)
    FPU_IRQHandler                           0x080001bf   Thumb Code     0  startup_stm32l432xx.o(.text)
    I2C1_ER_IRQHandler                       0x080001bf   Thumb Code     0  startup_stm32l432xx.o(.text)
    I2C1_EV_IRQHandler                       0x080001bf   Thumb Code     0  startup_stm32l432xx.o(.text)
    I2C3_ER_IRQHandler                       0x080001bf   Thumb Code     0  startup_stm32l432xx.o(.text)
    I2C3_EV_IRQHandler                       0x080001bf   Thumb Code     0  startup_stm32l432xx.o(.text)
    LPTIM1_IRQHandler                        0x080001bf   Thumb Code     0  startup_stm32l432xx.o(.text)
    LPTIM2_IRQHandler                        0x080001bf   Thumb Code     0  startup_stm32l432xx.o(.text)
    LPUART1_IRQHandler                       0x080001bf   Thumb Code     0  startup_stm32l432xx.o(.text)
    PVD_PVM_IRQHandler                       0x080001bf   Thumb Code     0  startup_stm32l432xx.o(.text)
    QUADSPI_IRQHandler                       0x080001bf   Thumb Code     0  startup_stm32l432xx.o(.text)
    RCC_IRQHandler                           0x080001bf   Thumb Code     0  startup_stm32l432xx.o(.text)
    RNG_IRQHandler                           0x080001bf   Thumb Code     0  startup_stm32l432xx.o(.text)
    RTC_Alarm_IRQHandler                     0x080001bf   Thumb Code     0  startup_stm32l432xx.o(.text)
    SAI1_IRQHandler                          0x080001bf   Thumb Code     0  startup_stm32l432xx.o(.text)
    SPI1_IRQHandler                          0x080001bf   Thumb Code     0  startup_stm32l432xx.o(.text)
    SPI3_IRQHandler                          0x080001bf   Thumb Code     0  startup_stm32l432xx.o(.text)
    SWPMI1_IRQHandler                        0x080001bf   Thumb Code     0  startup_stm32l432xx.o(.text)
    TAMP_STAMP_IRQHandler                    0x080001bf   Thumb Code     0  startup_stm32l432xx.o(.text)
    TIM1_BRK_TIM15_IRQHandler                0x080001bf   Thumb Code     0  startup_stm32l432xx.o(.text)
    TIM1_CC_IRQHandler                       0x080001bf   Thumb Code     0  startup_stm32l432xx.o(.text)
    TIM1_TRG_COM_IRQHandler                  0x080001bf   Thumb Code     0  startup_stm32l432xx.o(.text)
    TIM1_UP_TIM16_IRQHandler                 0x080001bf   Thumb Code     0  startup_stm32l432xx.o(.text)
    TIM2_IRQHandler                          0x080001bf   Thumb Code     0  startup_stm32l432xx.o(.text)
    TIM6_DAC_IRQHandler                      0x080001bf   Thumb Code     0  startup_stm32l432xx.o(.text)
    TIM7_IRQHandler                          0x080001bf   Thumb Code     0  startup_stm32l432xx.o(.text)
    TSC_IRQHandler                           0x080001bf   Thumb Code     0  startup_stm32l432xx.o(.text)
    USB_IRQHandler                           0x080001bf   Thumb Code     0  startup_stm32l432xx.o(.text)
    WWDG_IRQHandler                          0x080001bf   Thumb Code     0  startup_stm32l432xx.o(.text)
    __aeabi_uldivmod                         0x080001c9   Thumb Code    98  uldiv.o(.text)
    __aeabi_memset                           0x08000231   Thumb Code    14  memseta.o(.text)
    __aeabi_memset4                          0x08000231   Thumb Code     0  memseta.o(.text)
    __aeabi_memset8                          0x08000231   Thumb Code     0  memseta.o(.text)
    __aeabi_memclr                           0x0800023f   Thumb Code     4  memseta.o(.text)
    __aeabi_memclr4                          0x0800023f   Thumb Code     0  memseta.o(.text)
    __aeabi_memclr8                          0x0800023f   Thumb Code     0  memseta.o(.text)
    _memset$wrapper                          0x08000243   Thumb Code    18  memseta.o(.text)
    __aeabi_dmul                             0x08000255   Thumb Code   228  dmul.o(.text)
    __aeabi_ddiv                             0x0800033f   Thumb Code   222  ddiv.o(.text)
    __aeabi_i2d                              0x0800041d   Thumb Code    34  dflti.o(.text)
    __aeabi_f2d                              0x0800043f   Thumb Code    38  f2d.o(.text)
    __aeabi_d2f                              0x08000465   Thumb Code    56  d2f.o(.text)
    __aeabi_uidiv                            0x0800049d   Thumb Code     0  uidiv.o(.text)
    __aeabi_uidivmod                         0x0800049d   Thumb Code    44  uidiv.o(.text)
    __aeabi_llsl                             0x080004c9   Thumb Code    30  llshl.o(.text)
    _ll_shift_l                              0x080004c9   Thumb Code     0  llshl.o(.text)
    __aeabi_llsr                             0x080004e7   Thumb Code    32  llushr.o(.text)
    _ll_ushift_r                             0x080004e7   Thumb Code     0  llushr.o(.text)
    __I$use$fp                               0x08000507   Thumb Code     0  iusefp.o(.text)
    _float_round                             0x08000507   Thumb Code    18  fepilogue.o(.text)
    _float_epilogue                          0x08000519   Thumb Code    92  fepilogue.o(.text)
    _double_round                            0x08000575   Thumb Code    30  depilogue.o(.text)
    _double_epilogue                         0x08000593   Thumb Code   156  depilogue.o(.text)
    __aeabi_dadd                             0x0800062f   Thumb Code   322  dadd.o(.text)
    __aeabi_dsub                             0x08000771   Thumb Code     6  dadd.o(.text)
    __aeabi_drsub                            0x08000777   Thumb Code     6  dadd.o(.text)
    __aeabi_d2ulz                            0x0800078d   Thumb Code    48  dfixul.o(.text)
    __aeabi_cdrcmple                         0x080007bd   Thumb Code    48  cdrcmple.o(.text)
    __scatterload                            0x080007ed   Thumb Code    28  init.o(.text)
    __scatterload_rt2                        0x080007ed   Thumb Code     0  init.o(.text)
    __aeabi_lasr                             0x08000811   Thumb Code    36  llsshr.o(.text)
    _ll_sshift_r                             0x08000811   Thumb Code     0  llsshr.o(.text)
    BusFault_Handler                         0x08000835   Thumb Code     4  stm32l4xx_it.o(i.BusFault_Handler)
    DebugMon_Handler                         0x08000869   Thumb Code     2  stm32l4xx_it.o(i.DebugMon_Handler)
    EXTI0_IRQHandler                         0x0800086b   Thumb Code    10  stm32l4xx_it.o(i.EXTI0_IRQHandler)
    EXTI15_10_IRQHandler                     0x08000875   Thumb Code    12  stm32l4xx_it.o(i.EXTI15_10_IRQHandler)
    Error_Handler                            0x08000881   Thumb Code     6  misc.o(i.Error_Handler)
    HAL_DMA_Abort_IT                         0x08000887   Thumb Code    92  stm32l4xx_hal_dma.o(i.HAL_DMA_Abort_IT)
    HAL_DMA_DeInit                           0x080008e5   Thumb Code   188  stm32l4xx_hal_dma.o(i.HAL_DMA_DeInit)
    HAL_DMA_Init                             0x080009a9   Thumb Code   258  stm32l4xx_hal_dma.o(i.HAL_DMA_Init)
    HAL_DMA_Start_IT                         0x08000ab5   Thumb Code   156  stm32l4xx_hal_dma.o(i.HAL_DMA_Start_IT)
    HAL_Delay                                0x08000b51   Thumb Code    36  stm32l4xx_hal.o(i.HAL_Delay)
    HAL_GPIO_DeInit                          0x08000b79   Thumb Code   238  stm32l4xx_hal_gpio.o(i.HAL_GPIO_DeInit)
    HAL_GPIO_EXTI_Callback                   0x08000c79   Thumb Code     8  gpio.o(i.HAL_GPIO_EXTI_Callback)
    HAL_GPIO_EXTI_IRQHandler                 0x08000c81   Thumb Code    24  stm32l4xx_hal_gpio.o(i.HAL_GPIO_EXTI_IRQHandler)
    HAL_GPIO_Init                            0x08000c9d   Thumb Code   408  stm32l4xx_hal_gpio.o(i.HAL_GPIO_Init)
    HAL_GPIO_ReadPin                         0x08000e49   Thumb Code    16  stm32l4xx_hal_gpio.o(i.HAL_GPIO_ReadPin)
    HAL_GPIO_TogglePin                       0x08000e59   Thumb Code    20  stm32l4xx_hal_gpio.o(i.HAL_GPIO_TogglePin)
    HAL_GPIO_WritePin                        0x08000e6d   Thumb Code    10  stm32l4xx_hal_gpio.o(i.HAL_GPIO_WritePin)
    HAL_GetTick                              0x08000e79   Thumb Code     6  stm32l4xx_hal.o(i.HAL_GetTick)
    HAL_I2CEx_ConfigAnalogFilter             0x08000e85   Thumb Code   106  stm32l4xx_hal_i2c_ex.o(i.HAL_I2CEx_ConfigAnalogFilter)
    HAL_I2CEx_ConfigDigitalFilter            0x08000eef   Thumb Code   104  stm32l4xx_hal_i2c_ex.o(i.HAL_I2CEx_ConfigDigitalFilter)
    HAL_I2C_Init                             0x08000f59   Thumb Code   192  stm32l4xx_hal_i2c.o(i.HAL_I2C_Init)
    HAL_I2C_Mem_Read                         0x0800101d   Thumb Code   408  stm32l4xx_hal_i2c.o(i.HAL_I2C_Mem_Read)
    HAL_I2C_Mem_Write                        0x080011c5   Thumb Code   402  stm32l4xx_hal_i2c.o(i.HAL_I2C_Mem_Write)
    HAL_I2C_MspDeInit                        0x08001365   Thumb Code    74  stm32l4xx_hal_msp.o(i.HAL_I2C_MspDeInit)
    HAL_I2C_MspInit                          0x080013bd   Thumb Code   110  stm32l4xx_hal_msp.o(i.HAL_I2C_MspInit)
    HAL_IWDG_Refresh                         0x08001439   Thumb Code    14  stm32l4xx_hal_iwdg.o(i.HAL_IWDG_Refresh)
    HAL_IncTick                              0x08001449   Thumb Code    16  stm32l4xx_hal.o(i.HAL_IncTick)
    HAL_Init                                 0x08001461   Thumb Code    30  stm32l4xx_hal.o(i.HAL_Init)
    HAL_InitTick                             0x08001481   Thumb Code    74  stm32l4xx_hal.o(i.HAL_InitTick)
    HAL_MspInit                              0x080014d9   Thumb Code    64  stm32l4xx_hal_msp.o(i.HAL_MspInit)
    HAL_NVIC_DisableIRQ                      0x0800151d   Thumb Code    62  stm32l4xx_hal_cortex.o(i.HAL_NVIC_DisableIRQ)
    HAL_NVIC_EnableIRQ                       0x08001561   Thumb Code    40  stm32l4xx_hal_cortex.o(i.HAL_NVIC_EnableIRQ)
    HAL_NVIC_SetPriority                     0x08001589   Thumb Code   124  stm32l4xx_hal_cortex.o(i.HAL_NVIC_SetPriority)
    HAL_NVIC_SetPriorityGrouping             0x0800160d   Thumb Code    32  stm32l4xx_hal_cortex.o(i.HAL_NVIC_SetPriorityGrouping)
    HAL_PWREx_ControlVoltageScaling          0x08001635   Thumb Code   128  stm32l4xx_hal_pwr_ex.o(i.HAL_PWREx_ControlVoltageScaling)
    HAL_PWREx_EnterSTOP2Mode                 0x080016c1   Thumb Code    54  stm32l4xx_hal_pwr_ex.o(i.HAL_PWREx_EnterSTOP2Mode)
    HAL_PWREx_GetVoltageRange                0x08001701   Thumb Code    10  stm32l4xx_hal_pwr_ex.o(i.HAL_PWREx_GetVoltageRange)
    HAL_RCCEx_PeriphCLKConfig                0x08001711   Thumb Code   834  stm32l4xx_hal_rcc_ex.o(i.HAL_RCCEx_PeriphCLKConfig)
    HAL_RCC_ClockConfig                      0x08001a5d   Thumb Code   360  stm32l4xx_hal_rcc.o(i.HAL_RCC_ClockConfig)
    HAL_RCC_GetHCLKFreq                      0x08001bd9   Thumb Code     6  stm32l4xx_hal_rcc.o(i.HAL_RCC_GetHCLKFreq)
    HAL_RCC_GetPCLK1Freq                     0x08001be5   Thumb Code    26  stm32l4xx_hal_rcc.o(i.HAL_RCC_GetPCLK1Freq)
    HAL_RCC_GetPCLK2Freq                     0x08001c09   Thumb Code    26  stm32l4xx_hal_rcc.o(i.HAL_RCC_GetPCLK2Freq)
    HAL_RCC_GetSysClockFreq                  0x08001c2d   Thumb Code   220  stm32l4xx_hal_rcc.o(i.HAL_RCC_GetSysClockFreq)
    HAL_RCC_OscConfig                        0x08001d19   Thumb Code  1878  stm32l4xx_hal_rcc.o(i.HAL_RCC_OscConfig)
    HAL_RTCEx_DeactivateWakeUpTimer          0x08002481   Thumb Code   164  stm32l4xx_hal_rtc_ex.o(i.HAL_RTCEx_DeactivateWakeUpTimer)
    HAL_RTCEx_SetWakeUpTimer_IT              0x08002525   Thumb Code   256  stm32l4xx_hal_rtc_ex.o(i.HAL_RTCEx_SetWakeUpTimer_IT)
    HAL_RTCEx_WakeUpTimerEventCallback       0x08002629   Thumb Code    10  main.o(i.HAL_RTCEx_WakeUpTimerEventCallback)
    HAL_RTCEx_WakeUpTimerIRQHandler          0x08002635   Thumb Code    52  stm32l4xx_hal_rtc_ex.o(i.HAL_RTCEx_WakeUpTimerIRQHandler)
    HAL_RTC_Init                             0x0800266d   Thumb Code   170  stm32l4xx_hal_rtc.o(i.HAL_RTC_Init)
    HAL_RTC_MspInit                          0x0800271d   Thumb Code    88  stm32l4xx_hal_msp.o(i.HAL_RTC_MspInit)
    HAL_RTC_WaitForSynchro                   0x08002779   Thumb Code    56  stm32l4xx_hal_rtc.o(i.HAL_RTC_WaitForSynchro)
    HAL_SPI_Init                             0x080027b1   Thumb Code   240  stm32l4xx_hal_spi.o(i.HAL_SPI_Init)
    HAL_SPI_MspDeInit                        0x080028a1   Thumb Code    40  stm32l4xx_hal_msp.o(i.HAL_SPI_MspDeInit)
    HAL_SPI_MspInit                          0x080028d5   Thumb Code   108  stm32l4xx_hal_msp.o(i.HAL_SPI_MspInit)
    HAL_SPI_Receive                          0x0800294d   Thumb Code   422  stm32l4xx_hal_spi.o(i.HAL_SPI_Receive)
    HAL_SPI_Transmit                         0x08002af3   Thumb Code   490  stm32l4xx_hal_spi.o(i.HAL_SPI_Transmit)
    HAL_SPI_TransmitReceive                  0x08002ce3   Thumb Code   700  stm32l4xx_hal_spi.o(i.HAL_SPI_TransmitReceive)
    HAL_SYSTICK_CLKSourceConfig              0x08002fa5   Thumb Code    40  stm32l4xx_hal_cortex.o(i.HAL_SYSTICK_CLKSourceConfig)
    HAL_SYSTICK_Config                       0x08002fcd   Thumb Code    52  stm32l4xx_hal_cortex.o(i.HAL_SYSTICK_Config)
    HAL_UARTEx_WakeupCallback                0x08003001   Thumb Code     2  stm32l4xx_hal_uart_ex.o(i.HAL_UARTEx_WakeupCallback)
    HAL_UART_ErrorCallback                   0x08003003   Thumb Code     2  stm32l4xx_hal_uart.o(i.HAL_UART_ErrorCallback)
    HAL_UART_IRQHandler                      0x08003005   Thumb Code   430  stm32l4xx_hal_uart.o(i.HAL_UART_IRQHandler)
    HAL_UART_Init                            0x080031bd   Thumb Code   116  stm32l4xx_hal_uart.o(i.HAL_UART_Init)
    HAL_UART_MspDeInit                       0x08003231   Thumb Code    94  stm32l4xx_hal_msp.o(i.HAL_UART_MspDeInit)
    HAL_UART_MspInit                         0x080032a1   Thumb Code   404  stm32l4xx_hal_msp.o(i.HAL_UART_MspInit)
    HAL_UART_Receive_DMA                     0x0800344d   Thumb Code   180  stm32l4xx_hal_uart.o(i.HAL_UART_Receive_DMA)
    HAL_UART_Receive_IT                      0x0800350d   Thumb Code   218  stm32l4xx_hal_uart.o(i.HAL_UART_Receive_IT)
    HAL_UART_RxCpltCallback                  0x080035f1   Thumb Code     2  stm32l4xx_hal_uart.o(i.HAL_UART_RxCpltCallback)
    HAL_UART_RxHalfCpltCallback              0x080035f3   Thumb Code     2  stm32l4xx_hal_uart.o(i.HAL_UART_RxHalfCpltCallback)
    HAL_UART_Transmit                        0x080035f5   Thumb Code   210  stm32l4xx_hal_uart.o(i.HAL_UART_Transmit)
    HAL_UART_TxCpltCallback                  0x080036cd   Thumb Code     2  stm32l4xx_hal_uart.o(i.HAL_UART_TxCpltCallback)
    HardFault_Handler                        0x080036cf   Thumb Code     4  stm32l4xx_it.o(i.HardFault_Handler)
    IWDG_Feed                                0x080039d1   Thumb Code    10  wtd.o(i.IWDG_Feed)
    MX_DMA_Init                              0x080039e1   Thumb Code    64  uart.o(i.MX_DMA_Init)
    MX_GPIO_Init                             0x08003a25   Thumb Code   390  gpio.o(i.MX_GPIO_Init)
    MX_I2C1_Init                             0x08003bbd   Thumb Code    74  i2c.o(i.MX_I2C1_Init)
    MX_SPI3_Init                             0x08003c15   Thumb Code    74  spi.o(i.MX_SPI3_Init)
    MX_USART1_UART_Init                      0x08003c69   Thumb Code    92  uart.o(i.MX_USART1_UART_Init)
    MX_USART2_UART_Init                      0x08003cd1   Thumb Code    92  uart.o(i.MX_USART2_UART_Init)
    MemManage_Handler                        0x08003d39   Thumb Code     4  stm32l4xx_it.o(i.MemManage_Handler)
    NMI_Handler                              0x08003d3d   Thumb Code     4  stm32l4xx_it.o(i.NMI_Handler)
    PendSV_Handler                           0x08003d41   Thumb Code     2  stm32l4xx_it.o(i.PendSV_Handler)
    RTC_EnterInitMode                        0x08003f69   Thumb Code    68  stm32l4xx_hal_rtc.o(i.RTC_EnterInitMode)
    RTC_ExitInitMode                         0x08003fad   Thumb Code    98  stm32l4xx_hal_rtc.o(i.RTC_ExitInitMode)
    RTC_WKUP_IRQHandler                      0x08004015   Thumb Code    10  stm32l4xx_it.o(i.RTC_WKUP_IRQHandler)
    SPI_Read                                 0x0800410d   Thumb Code    44  comm.o(i.SPI_Read)
    SPI_Write                                0x08004309   Thumb Code    44  comm.o(i.SPI_Write)
    SVC_Handler                              0x08004339   Thumb Code     2  stm32l4xx_it.o(i.SVC_Handler)
    SysTick_Handler                          0x0800433b   Thumb Code     8  stm32l4xx_it.o(i.SysTick_Handler)
    SystemInit                               0x08004409   Thumb Code    68  system_stm32l4xx.o(i.SystemInit)
    UART_AdvFeatureConfig                    0x08004555   Thumb Code   248  stm32l4xx_hal_uart.o(i.UART_AdvFeatureConfig)
    UART_CheckIdleState                      0x0800464d   Thumb Code   110  stm32l4xx_hal_uart.o(i.UART_CheckIdleState)
    UART_SetConfig                           0x080048a1   Thumb Code   684  stm32l4xx_hal_uart.o(i.UART_SetConfig)
    UART_WaitOnFlagUntilTimeout              0x08004b6b   Thumb Code   180  stm32l4xx_hal_uart.o(i.UART_WaitOnFlagUntilTimeout)
    USART1_IRQHandler                        0x08004c21   Thumb Code    38  stm32l4xx_it.o(i.USART1_IRQHandler)
    USART2_IRQHandler                        0x08004c51   Thumb Code    38  stm32l4xx_it.o(i.USART2_IRQHandler)
    UsageFault_Handler                       0x08004c81   Thumb Code     4  stm32l4xx_it.o(i.UsageFault_Handler)
    __0printf                                0x08004c85   Thumb Code    22  printfa.o(i.__0printf)
    __1printf                                0x08004c85   Thumb Code     0  printfa.o(i.__0printf)
    __2printf                                0x08004c85   Thumb Code     0  printfa.o(i.__0printf)
    __c89printf                              0x08004c85   Thumb Code     0  printfa.o(i.__0printf)
    printf                                   0x08004c85   Thumb Code     0  printfa.o(i.__0printf)
    __scatterload_copy                       0x08004cdd   Thumb Code    14  handlers.o(i.__scatterload_copy)
    __scatterload_null                       0x08004ceb   Thumb Code     2  handlers.o(i.__scatterload_null)
    __scatterload_zeroinit                   0x08004ced   Thumb Code    14  handlers.o(i.__scatterload_zeroinit)
    accel_data_convert                       0x08005595   Thumb Code    60  bmi160_bsp.o(i.accel_data_convert)
    ad7193_bpdsw_set                         0x080055dd   Thumb Code    22  ad7193.o(i.ad7193_bpdsw_set)
    ad7193_calibrate                         0x080055f3   Thumb Code    84  ad7193.o(i.ad7193_calibrate)
    ad7193_channel_clear                     0x08005649   Thumb Code    94  ad7193.o(i.ad7193_channel_clear)
    ad7193_channel_select                    0x080056ad   Thumb Code    76  ad7193.o(i.ad7193_channel_select)
    ad7193_config_init                       0x080056fd   Thumb Code   238  ad7193.o(i.ad7193_config_init)
    ad7193_continuous_readavg                0x08005861   Thumb Code    66  ad7193.o(i.ad7193_continuous_readavg)
    ad7193_convert_to_volts                  0x080058a5   Thumb Code   110  ad7193.o(i.ad7193_convert_to_volts)
    ad7193_get_register_value                0x08005929   Thumb Code   102  ad7193.o(i.ad7193_get_register_value)
    ad7193_init                              0x08005991   Thumb Code    60  ad7193.o(i.ad7193_init)
    ad7193_range_setup1                      0x080059e9   Thumb Code   106  ad7193.o(i.ad7193_range_setup1)
    ad7193_reset                             0x08005a5d   Thumb Code    72  ad7193.o(i.ad7193_reset)
    ad7193_set_register_value                0x08005aa5   Thumb Code   108  ad7193.o(i.ad7193_set_register_value)
    ad7193_temperature_read                  0x08005b11   Thumb Code    46  ad7193.o(i.ad7193_temperature_read)
    bmi160_bsp_init                          0x08005b4d   Thumb Code    38  bmi160_bsp.o(i.bmi160_bsp_init)
    bmi160_config_accel_gyro_sensors_in_normal_mode 0x08005b81   Thumb Code    50  bmi160_bsp.o(i.bmi160_config_accel_gyro_sensors_in_normal_mode)
    bmi160_config_init                       0x08005bb5   Thumb Code    10  bmi160_bsp.o(i.bmi160_config_init)
    bmi160_get_regs                          0x08005bc5   Thumb Code   130  bmi160.o(i.bmi160_get_regs)
    bmi160_get_sensor_data                   0x08005c4d   Thumb Code   144  bmi160.o(i.bmi160_get_sensor_data)
    bmi160_init                              0x08005ce3   Thumb Code   122  bmi160.o(i.bmi160_init)
    bmi160_rd                                0x08005d5d   Thumb Code    54  bmi160_bsp.o(i.bmi160_rd)
    bmi160_read_sensor_data                  0x08005d99   Thumb Code   388  bmi160_bsp.o(i.bmi160_read_sensor_data)
    bmi160_set_power_mode                    0x08005fb5   Thumb Code    40  bmi160.o(i.bmi160_set_power_mode)
    bmi160_set_regs                          0x08005fdd   Thumb Code   142  bmi160.o(i.bmi160_set_regs)
    bmi160_set_sens_conf                     0x0800606b   Thumb Code    60  bmi160.o(i.bmi160_set_sens_conf)
    bmi160_soft_reset                        0x080060a7   Thumb Code    74  bmi160.o(i.bmi160_soft_reset)
    bmi160_wr                                0x080060f1   Thumb Code    54  bmi160_bsp.o(i.bmi160_wr)
    device_ad7193_handle                     0x08006231   Thumb Code   384  ad7193.o(i.device_ad7193_handle)
    device_bmi160_handle                     0x08006495   Thumb Code    10  bmi160_bsp.o(i.device_bmi160_handle)
    device_uart_handle                       0x080065c1   Thumb Code    16  uart.o(i.device_uart_handle)
    fputc                                    0x080065d9   Thumb Code    22  uart.o(i.fputc)
    free                                     0x080065f5   Thumb Code    76  malloc.o(i.free)
    gyro_data_convert                        0x080069fd   Thumb Code    58  bmi160_bsp.o(i.gyro_data_convert)
    main                                     0x08006a69   Thumb Code   196  main.o(i.main)
    malloc                                   0x08006c65   Thumb Code    92  malloc.o(i.malloc)
    midval_filter                            0x08006cd1   Thumb Code    80  bmi160_bsp.o(i.midval_filter)
    sem_create                               0x08006ec7   Thumb Code     8  os.o(i.sem_create)
    sem_release                              0x08006ecf   Thumb Code    10  os.o(i.sem_release)
    sem_take                                 0x08006ed9   Thumb Code    14  os.o(i.sem_take)
    sem_wait                                 0x08006ee7   Thumb Code    52  os.o(i.sem_wait)
    tasks_os_run                             0x08007057   Thumb Code   118  os.o(i.tasks_os_run)
    AHBPrescTable                            0x0800721c   Data          16  system_stm32l4xx.o(.constdata)
    APBPrescTable                            0x0800722c   Data           8  system_stm32l4xx.o(.constdata)
    MSIRangeTable                            0x08007234   Data          48  system_stm32l4xx.o(.constdata)
    Region$$Table$$Base                      0x08007264   Number         0  anon$$obj.o(Region$$Table)
    Region$$Table$$Limit                     0x08007284   Number         0  anon$$obj.o(Region$$Table)
    conv_accel_x                             0x20000000   Data           4  bmi160_bsp.o(.data)
    conv_accel_y                             0x20000004   Data           4  bmi160_bsp.o(.data)
    conv_accel_z                             0x20000008   Data           4  bmi160_bsp.o(.data)
    conv_gyro_x                              0x2000000c   Data           4  bmi160_bsp.o(.data)
    conv_gyro_y                              0x20000010   Data           4  bmi160_bsp.o(.data)
    conv_gyro_z                              0x20000014   Data           4  bmi160_bsp.o(.data)
    currentPolarity                          0x20000018   Data           1  ad7193.o(.data)
    currentGain                              0x20000019   Data           1  ad7193.o(.data)
    tmp_RegValue                             0x2000001c   Data           4  ad7193.o(.data)
    multi_task                               0x20000020   Data         160  main.o(.data)
    LED_Status_Flag                          0x200000c0   Data           1  main.o(.data)
    slp_sem                                  0x200000c4   Data           8  main.o(.data)
    uwTick                                   0x200000d0   Data           4  stm32l4xx_hal.o(.data)
    uwTickPrio                               0x200000d4   Data           4  stm32l4xx_hal.o(.data)
    uwTickFreq                               0x200000d8   Data           1  stm32l4xx_hal.o(.data)
    SystemCoreClock                          0x200000dc   Data           4  system_stm32l4xx.o(.data)
    __stdout                                 0x200000e0   Data           4  stdout.o(.data)
    __microlib_freelist                      0x200000e4   Data           4  mvars.o(.data)
    __microlib_freelist_initialised          0x200000e8   Data           4  mvars.o(.data)
    sensor_bmi160                            0x200000ec   Data          44  bmi160_bsp.o(.bss)
    ch                                       0x20000118   Data          40  ad7193.o(.bss)
    huart1                                   0x20000168   Data         128  uart.o(.bss)
    huart2                                   0x200001e8   Data         128  uart.o(.bss)
    hdma_usart1_rx                           0x20000268   Data          72  uart.o(.bss)
    hdma_usart2_rx                           0x200002b0   Data          72  uart.o(.bss)
    uart1                                    0x200002f8   Data         520  uart.o(.bss)
    uart2                                    0x20000500   Data         520  uart.o(.bss)
    hi2c1                                    0x20000708   Data          76  i2c.o(.bss)
    hspi3                                    0x20000754   Data         100  spi.o(.bss)
    hiwdg                                    0x200007b8   Data          16  wtd.o(.bss)
    hrtc                                     0x200007c8   Data          36  main.o(.bss)
    __heap_base                              0x200007f0   Data           0  startup_stm32l432xx.o(HEAP)
    __heap_limit                             0x200009f0   Data           0  startup_stm32l432xx.o(HEAP)
    __initial_sp                             0x20000df0   Data           0  startup_stm32l432xx.o(STACK)



==============================================================================

Memory Map of the image

  Image Entry point : 0x080001a5

  Load Region LR_1 (Base: 0x08000000, Size: 0x00007370, Max: 0xffffffff, ABSOLUTE)

    Execution Region ER_RO (Exec base: 0x08000000, Load base: 0x08000000, Size: 0x00007284, Max: 0xffffffff, ABSOLUTE)

    Exec Addr    Load Addr    Size         Type   Attr      Idx    E Section Name        Object

    0x08000000   0x08000000   0x0000018c   Data   RO         5048    RESET               startup_stm32l432xx.o
    0x0800018c   0x0800018c   0x00000000   Code   RO         5090  * .ARM.Collect$$$$00000000  mc_w.l(entry.o)
    0x0800018c   0x0800018c   0x00000004   Code   RO         5396    .ARM.Collect$$$$00000001  mc_w.l(entry2.o)
    0x08000190   0x08000190   0x00000004   Code   RO         5399    .ARM.Collect$$$$00000004  mc_w.l(entry5.o)
    0x08000194   0x08000194   0x00000000   Code   RO         5401    .ARM.Collect$$$$00000008  mc_w.l(entry7b.o)
    0x08000194   0x08000194   0x00000000   Code   RO         5403    .ARM.Collect$$$$0000000A  mc_w.l(entry8b.o)
    0x08000194   0x08000194   0x00000008   Code   RO         5404    .ARM.Collect$$$$0000000B  mc_w.l(entry9a.o)
    0x0800019c   0x0800019c   0x00000004   Code   RO         5411    .ARM.Collect$$$$0000000E  mc_w.l(entry12b.o)
    0x080001a0   0x080001a0   0x00000000   Code   RO         5406    .ARM.Collect$$$$0000000F  mc_w.l(entry10a.o)
    0x080001a0   0x080001a0   0x00000000   Code   RO         5408    .ARM.Collect$$$$00000011  mc_w.l(entry11a.o)
    0x080001a0   0x080001a0   0x00000004   Code   RO         5397    .ARM.Collect$$$$00002712  mc_w.l(entry2.o)
    0x080001a4   0x080001a4   0x00000024   Code   RO         5049  * .text               startup_stm32l432xx.o
    0x080001c8   0x080001c8   0x00000068   Code   RO         5093    .text               mc_w.l(uldiv.o)
    0x08000230   0x08000230   0x00000024   Code   RO         5095    .text               mc_w.l(memseta.o)
    0x08000254   0x08000254   0x000000ea   Code   RO         5386    .text               mf_w.l(dmul.o)
    0x0800033e   0x0800033e   0x000000de   Code   RO         5388    .text               mf_w.l(ddiv.o)
    0x0800041c   0x0800041c   0x00000022   Code   RO         5390    .text               mf_w.l(dflti.o)
    0x0800043e   0x0800043e   0x00000026   Code   RO         5392    .text               mf_w.l(f2d.o)
    0x08000464   0x08000464   0x00000038   Code   RO         5394    .text               mf_w.l(d2f.o)
    0x0800049c   0x0800049c   0x0000002c   Code   RO         5413    .text               mc_w.l(uidiv.o)
    0x080004c8   0x080004c8   0x0000001e   Code   RO         5415    .text               mc_w.l(llshl.o)
    0x080004e6   0x080004e6   0x00000020   Code   RO         5417    .text               mc_w.l(llushr.o)
    0x08000506   0x08000506   0x00000000   Code   RO         5425    .text               mc_w.l(iusefp.o)
    0x08000506   0x08000506   0x0000006e   Code   RO         5426    .text               mf_w.l(fepilogue.o)
    0x08000574   0x08000574   0x000000ba   Code   RO         5428    .text               mf_w.l(depilogue.o)
    0x0800062e   0x0800062e   0x0000015e   Code   RO         5430    .text               mf_w.l(dadd.o)
    0x0800078c   0x0800078c   0x00000030   Code   RO         5432    .text               mf_w.l(dfixul.o)
    0x080007bc   0x080007bc   0x00000030   Code   RO         5434    .text               mf_w.l(cdrcmple.o)
    0x080007ec   0x080007ec   0x00000024   Code   RO         5436    .text               mc_w.l(init.o)
    0x08000810   0x08000810   0x00000024   Code   RO         5438    .text               mc_w.l(llsshr.o)
    0x08000834   0x08000834   0x00000004   Code   RO         1692    i.BusFault_Handler  stm32l4xx_it.o
    0x08000838   0x08000838   0x00000030   Code   RO         2178    i.DMA_SetConfig     stm32l4xx_hal_dma.o
    0x08000868   0x08000868   0x00000002   Code   RO         1693    i.DebugMon_Handler  stm32l4xx_it.o
    0x0800086a   0x0800086a   0x0000000a   Code   RO         1694    i.EXTI0_IRQHandler  stm32l4xx_it.o
    0x08000874   0x08000874   0x0000000c   Code   RO         1695    i.EXTI15_10_IRQHandler  stm32l4xx_it.o
    0x08000880   0x08000880   0x00000006   Code   RO         1175    i.Error_Handler     misc.o
    0x08000886   0x08000886   0x0000005c   Code   RO         2180    i.HAL_DMA_Abort_IT  stm32l4xx_hal_dma.o
    0x080008e2   0x080008e2   0x00000002   PAD
    0x080008e4   0x080008e4   0x000000c4   Code   RO         2181    i.HAL_DMA_DeInit    stm32l4xx_hal_dma.o
    0x080009a8   0x080009a8   0x0000010c   Code   RO         2185    i.HAL_DMA_Init      stm32l4xx_hal_dma.o
    0x08000ab4   0x08000ab4   0x0000009c   Code   RO         2189    i.HAL_DMA_Start_IT  stm32l4xx_hal_dma.o
    0x08000b50   0x08000b50   0x00000028   Code   RO         1805    i.HAL_Delay         stm32l4xx_hal.o
    0x08000b78   0x08000b78   0x00000100   Code   RO         2571    i.HAL_GPIO_DeInit   stm32l4xx_hal_gpio.o
    0x08000c78   0x08000c78   0x00000008   Code   RO         1280    i.HAL_GPIO_EXTI_Callback  gpio.o
    0x08000c80   0x08000c80   0x0000001c   Code   RO         2573    i.HAL_GPIO_EXTI_IRQHandler  stm32l4xx_hal_gpio.o
    0x08000c9c   0x08000c9c   0x000001ac   Code   RO         2574    i.HAL_GPIO_Init     stm32l4xx_hal_gpio.o
    0x08000e48   0x08000e48   0x00000010   Code   RO         2576    i.HAL_GPIO_ReadPin  stm32l4xx_hal_gpio.o
    0x08000e58   0x08000e58   0x00000014   Code   RO         2577    i.HAL_GPIO_TogglePin  stm32l4xx_hal_gpio.o
    0x08000e6c   0x08000e6c   0x0000000a   Code   RO         2578    i.HAL_GPIO_WritePin  stm32l4xx_hal_gpio.o
    0x08000e76   0x08000e76   0x00000002   PAD
    0x08000e78   0x08000e78   0x0000000c   Code   RO         1809    i.HAL_GetTick       stm32l4xx_hal.o
    0x08000e84   0x08000e84   0x0000006a   Code   RO         3099    i.HAL_I2CEx_ConfigAnalogFilter  stm32l4xx_hal_i2c_ex.o
    0x08000eee   0x08000eee   0x00000068   Code   RO         3100    i.HAL_I2CEx_ConfigDigitalFilter  stm32l4xx_hal_i2c_ex.o
    0x08000f56   0x08000f56   0x00000002   PAD
    0x08000f58   0x08000f58   0x000000c4   Code   RO         2648    i.HAL_I2C_Init      stm32l4xx_hal_i2c.o
    0x0800101c   0x0800101c   0x000001a6   Code   RO         2666    i.HAL_I2C_Mem_Read  stm32l4xx_hal_i2c.o
    0x080011c2   0x080011c2   0x00000002   PAD
    0x080011c4   0x080011c4   0x0000019e   Code   RO         2669    i.HAL_I2C_Mem_Write  stm32l4xx_hal_i2c.o
    0x08001362   0x08001362   0x00000002   PAD
    0x08001364   0x08001364   0x00000058   Code   RO         1619    i.HAL_I2C_MspDeInit  stm32l4xx_hal_msp.o
    0x080013bc   0x080013bc   0x0000007c   Code   RO         1620    i.HAL_I2C_MspInit   stm32l4xx_hal_msp.o
    0x08001438   0x08001438   0x0000000e   Code   RO         3154    i.HAL_IWDG_Refresh  stm32l4xx_hal_iwdg.o
    0x08001446   0x08001446   0x00000002   PAD
    0x08001448   0x08001448   0x00000018   Code   RO         1815    i.HAL_IncTick       stm32l4xx_hal.o
    0x08001460   0x08001460   0x0000001e   Code   RO         1816    i.HAL_Init          stm32l4xx_hal.o
    0x0800147e   0x0800147e   0x00000002   PAD
    0x08001480   0x08001480   0x00000058   Code   RO         1817    i.HAL_InitTick      stm32l4xx_hal.o
    0x080014d8   0x080014d8   0x00000044   Code   RO         1621    i.HAL_MspInit       stm32l4xx_hal_msp.o
    0x0800151c   0x0800151c   0x00000044   Code   RO         2042    i.HAL_NVIC_DisableIRQ  stm32l4xx_hal_cortex.o
    0x08001560   0x08001560   0x00000028   Code   RO         2043    i.HAL_NVIC_EnableIRQ  stm32l4xx_hal_cortex.o
    0x08001588   0x08001588   0x00000082   Code   RO         2049    i.HAL_NVIC_SetPriority  stm32l4xx_hal_cortex.o
    0x0800160a   0x0800160a   0x00000002   PAD
    0x0800160c   0x0800160c   0x00000028   Code   RO         2050    i.HAL_NVIC_SetPriorityGrouping  stm32l4xx_hal_cortex.o
    0x08001634   0x08001634   0x0000008c   Code   RO         3298    i.HAL_PWREx_ControlVoltageScaling  stm32l4xx_hal_pwr_ex.o
    0x080016c0   0x080016c0   0x00000040   Code   RO         3324    i.HAL_PWREx_EnterSTOP2Mode  stm32l4xx_hal_pwr_ex.o
    0x08001700   0x08001700   0x00000010   Code   RO         3325    i.HAL_PWREx_GetVoltageRange  stm32l4xx_hal_pwr_ex.o
    0x08001710   0x08001710   0x0000034c   Code   RO         3642    i.HAL_RCCEx_PeriphCLKConfig  stm32l4xx_hal_rcc_ex.o
    0x08001a5c   0x08001a5c   0x0000017c   Code   RO         3520    i.HAL_RCC_ClockConfig  stm32l4xx_hal_rcc.o
    0x08001bd8   0x08001bd8   0x0000000c   Code   RO         3524    i.HAL_RCC_GetHCLKFreq  stm32l4xx_hal_rcc.o
    0x08001be4   0x08001be4   0x00000024   Code   RO         3526    i.HAL_RCC_GetPCLK1Freq  stm32l4xx_hal_rcc.o
    0x08001c08   0x08001c08   0x00000024   Code   RO         3527    i.HAL_RCC_GetPCLK2Freq  stm32l4xx_hal_rcc.o
    0x08001c2c   0x08001c2c   0x000000ec   Code   RO         3528    i.HAL_RCC_GetSysClockFreq  stm32l4xx_hal_rcc.o
    0x08001d18   0x08001d18   0x00000768   Code   RO         3531    i.HAL_RCC_OscConfig  stm32l4xx_hal_rcc.o
    0x08002480   0x08002480   0x000000a4   Code   RO         3950    i.HAL_RTCEx_DeactivateWakeUpTimer  stm32l4xx_hal_rtc_ex.o
    0x08002524   0x08002524   0x00000104   Code   RO         3969    i.HAL_RTCEx_SetWakeUpTimer_IT  stm32l4xx_hal_rtc_ex.o
    0x08002628   0x08002628   0x0000000a   Code   RO         1505    i.HAL_RTCEx_WakeUpTimerEventCallback  main.o
    0x08002632   0x08002632   0x00000002   PAD
    0x08002634   0x08002634   0x00000038   Code   RO         3974    i.HAL_RTCEx_WakeUpTimerIRQHandler  stm32l4xx_hal_rtc_ex.o
    0x0800266c   0x0800266c   0x000000b0   Code   RO         3806    i.HAL_RTC_Init      stm32l4xx_hal_rtc.o
    0x0800271c   0x0800271c   0x0000005c   Code   RO         1623    i.HAL_RTC_MspInit   stm32l4xx_hal_msp.o
    0x08002778   0x08002778   0x00000038   Code   RO         3814    i.HAL_RTC_WaitForSynchro  stm32l4xx_hal_rtc.o
    0x080027b0   0x080027b0   0x000000f0   Code   RO         4169    i.HAL_SPI_Init      stm32l4xx_hal_spi.o
    0x080028a0   0x080028a0   0x00000034   Code   RO         1624    i.HAL_SPI_MspDeInit  stm32l4xx_hal_msp.o
    0x080028d4   0x080028d4   0x00000078   Code   RO         1625    i.HAL_SPI_MspInit   stm32l4xx_hal_msp.o
    0x0800294c   0x0800294c   0x000001a6   Code   RO         4172    i.HAL_SPI_Receive   stm32l4xx_hal_spi.o
    0x08002af2   0x08002af2   0x000001f0   Code   RO         4177    i.HAL_SPI_Transmit  stm32l4xx_hal_spi.o
    0x08002ce2   0x08002ce2   0x000002c2   Code   RO         4178    i.HAL_SPI_TransmitReceive  stm32l4xx_hal_spi.o
    0x08002fa4   0x08002fa4   0x00000028   Code   RO         2052    i.HAL_SYSTICK_CLKSourceConfig  stm32l4xx_hal_cortex.o
    0x08002fcc   0x08002fcc   0x00000034   Code   RO         2054    i.HAL_SYSTICK_Config  stm32l4xx_hal_cortex.o
    0x08003000   0x08003000   0x00000002   Code   RO         4931    i.HAL_UARTEx_WakeupCallback  stm32l4xx_hal_uart_ex.o
    0x08003002   0x08003002   0x00000002   Code   RO         4569    i.HAL_UART_ErrorCallback  stm32l4xx_hal_uart.o
    0x08003004   0x08003004   0x000001b8   Code   RO         4572    i.HAL_UART_IRQHandler  stm32l4xx_hal_uart.o
    0x080031bc   0x080031bc   0x00000074   Code   RO         4573    i.HAL_UART_Init     stm32l4xx_hal_uart.o
    0x08003230   0x08003230   0x00000070   Code   RO         1626    i.HAL_UART_MspDeInit  stm32l4xx_hal_msp.o
    0x080032a0   0x080032a0   0x000001ac   Code   RO         1627    i.HAL_UART_MspInit  stm32l4xx_hal_msp.o
    0x0800344c   0x0800344c   0x000000c0   Code   RO         4577    i.HAL_UART_Receive_DMA  stm32l4xx_hal_uart.o
    0x0800350c   0x0800350c   0x000000e4   Code   RO         4578    i.HAL_UART_Receive_IT  stm32l4xx_hal_uart.o
    0x080035f0   0x080035f0   0x00000002   Code   RO         4580    i.HAL_UART_RxCpltCallback  stm32l4xx_hal_uart.o
    0x080035f2   0x080035f2   0x00000002   Code   RO         4581    i.HAL_UART_RxHalfCpltCallback  stm32l4xx_hal_uart.o
    0x080035f4   0x080035f4   0x000000d8   Code   RO         4582    i.HAL_UART_Transmit  stm32l4xx_hal_uart.o
    0x080036cc   0x080036cc   0x00000002   Code   RO         4585    i.HAL_UART_TxCpltCallback  stm32l4xx_hal_uart.o
    0x080036ce   0x080036ce   0x00000004   Code   RO         1696    i.HardFault_Handler  stm32l4xx_it.o
    0x080036d2   0x080036d2   0x00000028   Code   RO         2695    i.I2C_Flush_TXDR    stm32l4xx_hal_i2c.o
    0x080036fa   0x080036fa   0x00000002   PAD
    0x080036fc   0x080036fc   0x00000098   Code   RO         2703    i.I2C_IsAcknowledgeFailed  stm32l4xx_hal_i2c.o
    0x08003794   0x08003794   0x0000007c   Code   RO         2706    i.I2C_RequestMemoryRead  stm32l4xx_hal_i2c.o
    0x08003810   0x08003810   0x0000007c   Code   RO         2707    i.I2C_RequestMemoryWrite  stm32l4xx_hal_i2c.o
    0x0800388c   0x0800388c   0x00000034   Code   RO         2710    i.I2C_TransferConfig  stm32l4xx_hal_i2c.o
    0x080038c0   0x080038c0   0x0000005e   Code   RO         2712    i.I2C_WaitOnFlagUntilTimeout  stm32l4xx_hal_i2c.o
    0x0800391e   0x0800391e   0x00000056   Code   RO         2714    i.I2C_WaitOnSTOPFlagUntilTimeout  stm32l4xx_hal_i2c.o
    0x08003974   0x08003974   0x0000005a   Code   RO         2715    i.I2C_WaitOnTXISFlagUntilTimeout  stm32l4xx_hal_i2c.o
    0x080039ce   0x080039ce   0x00000002   PAD
    0x080039d0   0x080039d0   0x00000010   Code   RO         1373    i.IWDG_Feed         wtd.o
    0x080039e0   0x080039e0   0x00000044   Code   RO         1199    i.MX_DMA_Init       uart.o
    0x08003a24   0x08003a24   0x00000198   Code   RO         1281    i.MX_GPIO_Init      gpio.o
    0x08003bbc   0x08003bbc   0x00000058   Code   RO         1313    i.MX_I2C1_Init      i2c.o
    0x08003c14   0x08003c14   0x00000054   Code   RO         1343    i.MX_SPI3_Init      spi.o
    0x08003c68   0x08003c68   0x00000068   Code   RO         1200    i.MX_USART1_UART_Init  uart.o
    0x08003cd0   0x08003cd0   0x00000068   Code   RO         1201    i.MX_USART2_UART_Init  uart.o
    0x08003d38   0x08003d38   0x00000004   Code   RO         1697    i.MemManage_Handler  stm32l4xx_it.o
    0x08003d3c   0x08003d3c   0x00000004   Code   RO         1698    i.NMI_Handler       stm32l4xx_it.o
    0x08003d40   0x08003d40   0x00000002   Code   RO         1699    i.PendSV_Handler    stm32l4xx_it.o
    0x08003d42   0x08003d42   0x00000002   PAD
    0x08003d44   0x08003d44   0x00000188   Code   RO         3646    i.RCCEx_PLLSAI1_Config  stm32l4xx_hal_rcc_ex.o
    0x08003ecc   0x08003ecc   0x0000009c   Code   RO         3532    i.RCC_SetFlashLatencyFromMSIRange  stm32l4xx_hal_rcc.o
    0x08003f68   0x08003f68   0x00000044   Code   RO         3817    i.RTC_EnterInitMode  stm32l4xx_hal_rtc.o
    0x08003fac   0x08003fac   0x00000068   Code   RO         3818    i.RTC_ExitInitMode  stm32l4xx_hal_rtc.o
    0x08004014   0x08004014   0x00000010   Code   RO         1700    i.RTC_WKUP_IRQHandler  stm32l4xx_it.o
    0x08004024   0x08004024   0x00000082   Code   RO         4206    i.SPI_EndRxTransaction  stm32l4xx_hal_spi.o
    0x080040a6   0x080040a6   0x00000064   Code   RO         4207    i.SPI_EndRxTxTransaction  stm32l4xx_hal_spi.o
    0x0800410a   0x0800410a   0x00000002   PAD
    0x0800410c   0x0800410c   0x00000030   Code   RO         1124    i.SPI_Read          comm.o
    0x0800413c   0x0800413c   0x000000ea   Code   RO         4212    i.SPI_WaitFifoStateUntilTimeout  stm32l4xx_hal_spi.o
    0x08004226   0x08004226   0x00000002   PAD
    0x08004228   0x08004228   0x000000de   Code   RO         4213    i.SPI_WaitFlagStateUntilTimeout  stm32l4xx_hal_spi.o
    0x08004306   0x08004306   0x00000002   PAD
    0x08004308   0x08004308   0x00000030   Code   RO         1125    i.SPI_Write         comm.o
    0x08004338   0x08004338   0x00000002   Code   RO         1701    i.SVC_Handler       stm32l4xx_it.o
    0x0800433a   0x0800433a   0x00000008   Code   RO         1702    i.SysTick_Handler   stm32l4xx_it.o
    0x08004342   0x08004342   0x00000002   PAD
    0x08004344   0x08004344   0x000000c4   Code   RO         1506    i.SystemClock_Config  main.o
    0x08004408   0x08004408   0x00000050   Code   RO         5057    i.SystemInit        system_stm32l4xx.o
    0x08004458   0x08004458   0x0000005c   Code   RO         1507    i.SystemPower_Config  main.o
    0x080044b4   0x080044b4   0x000000a0   Code   RO         1508    i.System_Config_When_Enter_StopMode  main.o
    0x08004554   0x08004554   0x000000f8   Code   RO         4587    i.UART_AdvFeatureConfig  stm32l4xx_hal_uart.o
    0x0800464c   0x0800464c   0x0000006e   Code   RO         4588    i.UART_CheckIdleState  stm32l4xx_hal_uart.o
    0x080046ba   0x080046ba   0x00000018   Code   RO         4589    i.UART_DMAAbortOnError  stm32l4xx_hal_uart.o
    0x080046d2   0x080046d2   0x00000056   Code   RO         4590    i.UART_DMAError     stm32l4xx_hal_uart.o
    0x08004728   0x08004728   0x00000046   Code   RO         4591    i.UART_DMAReceiveCplt  stm32l4xx_hal_uart.o
    0x0800476e   0x0800476e   0x0000000e   Code   RO         4593    i.UART_DMARxHalfCplt  stm32l4xx_hal_uart.o
    0x0800477c   0x0800477c   0x00000022   Code   RO         4599    i.UART_EndRxTransfer  stm32l4xx_hal_uart.o
    0x0800479e   0x0800479e   0x00000020   Code   RO         4600    i.UART_EndTransmit_IT  stm32l4xx_hal_uart.o
    0x080047be   0x080047be   0x00000012   Code   RO         4601    i.UART_EndTxTransfer  stm32l4xx_hal_uart.o
    0x080047d0   0x080047d0   0x0000006a   Code   RO         4602    i.UART_RxISR_16BIT  stm32l4xx_hal_uart.o
    0x0800483a   0x0800483a   0x00000066   Code   RO         4603    i.UART_RxISR_8BIT   stm32l4xx_hal_uart.o
    0x080048a0   0x080048a0   0x000002ca   Code   RO         4604    i.UART_SetConfig    stm32l4xx_hal_uart.o
    0x08004b6a   0x08004b6a   0x000000b4   Code   RO         4607    i.UART_WaitOnFlagUntilTimeout  stm32l4xx_hal_uart.o
    0x08004c1e   0x08004c1e   0x00000002   PAD
    0x08004c20   0x08004c20   0x00000030   Code   RO         1703    i.USART1_IRQHandler  stm32l4xx_it.o
    0x08004c50   0x08004c50   0x00000030   Code   RO         1704    i.USART2_IRQHandler  stm32l4xx_it.o
    0x08004c80   0x08004c80   0x00000004   Code   RO         1705    i.UsageFault_Handler  stm32l4xx_it.o
    0x08004c84   0x08004c84   0x00000020   Code   RO         5330    i.__0printf         mc_w.l(printfa.o)
    0x08004ca4   0x08004ca4   0x00000010   Code   RO         2056    i.__NVIC_GetPriorityGrouping  stm32l4xx_hal_cortex.o
    0x08004cb4   0x08004cb4   0x00000028   Code   RO         2057    i.__NVIC_SetPriority  stm32l4xx_hal_cortex.o
    0x08004cdc   0x08004cdc   0x0000000e   Code   RO         5442    i.__scatterload_copy  mc_w.l(handlers.o)
    0x08004cea   0x08004cea   0x00000002   Code   RO         5443    i.__scatterload_null  mc_w.l(handlers.o)
    0x08004cec   0x08004cec   0x0000000e   Code   RO         5444    i.__scatterload_zeroinit  mc_w.l(handlers.o)
    0x08004cfa   0x08004cfa   0x00000002   PAD
    0x08004cfc   0x08004cfc   0x0000018a   Code   RO         5337    i._fp_digits        mc_w.l(printfa.o)
    0x08004e86   0x08004e86   0x00000002   PAD
    0x08004e88   0x08004e88   0x000006ba   Code   RO         5338    i._printf_core      mc_w.l(printfa.o)
    0x08005542   0x08005542   0x00000024   Code   RO         5339    i._printf_post_padding  mc_w.l(printfa.o)
    0x08005566   0x08005566   0x0000002e   Code   RO         5340    i._printf_pre_padding  mc_w.l(printfa.o)
    0x08005594   0x08005594   0x00000048   Code   RO          736    i.accel_data_convert  bmi160_bsp.o
    0x080055dc   0x080055dc   0x00000016   Code   RO          990    i.ad7193_bpdsw_set  ad7193.o
    0x080055f2   0x080055f2   0x00000054   Code   RO          991    i.ad7193_calibrate  ad7193.o
    0x08005646   0x08005646   0x00000002   PAD
    0x08005648   0x08005648   0x00000064   Code   RO          992    i.ad7193_channel_clear  ad7193.o
    0x080056ac   0x080056ac   0x00000050   Code   RO          993    i.ad7193_channel_select  ad7193.o
    0x080056fc   0x080056fc   0x00000164   Code   RO          994    i.ad7193_config_init  ad7193.o
    0x08005860   0x08005860   0x00000042   Code   RO          995    i.ad7193_continuous_readavg  ad7193.o
    0x080058a2   0x080058a2   0x00000002   PAD
    0x080058a4   0x080058a4   0x00000084   Code   RO          996    i.ad7193_convert_to_volts  ad7193.o
    0x08005928   0x08005928   0x00000066   Code   RO          997    i.ad7193_get_register_value  ad7193.o
    0x0800598e   0x0800598e   0x00000002   PAD
    0x08005990   0x08005990   0x00000058   Code   RO          998    i.ad7193_init       ad7193.o
    0x080059e8   0x080059e8   0x00000074   Code   RO          999    i.ad7193_range_setup1  ad7193.o
    0x08005a5c   0x08005a5c   0x00000048   Code   RO         1000    i.ad7193_reset      ad7193.o
    0x08005aa4   0x08005aa4   0x0000006c   Code   RO         1001    i.ad7193_set_register_value  ad7193.o
    0x08005b10   0x08005b10   0x0000003c   Code   RO         1004    i.ad7193_temperature_read  ad7193.o
    0x08005b4c   0x08005b4c   0x00000034   Code   RO          738    i.bmi160_bsp_init   bmi160_bsp.o
    0x08005b80   0x08005b80   0x00000032   Code   RO          739    i.bmi160_config_accel_gyro_sensors_in_normal_mode  bmi160_bsp.o
    0x08005bb2   0x08005bb2   0x00000002   PAD
    0x08005bb4   0x08005bb4   0x00000010   Code   RO          742    i.bmi160_config_init  bmi160_bsp.o
    0x08005bc4   0x08005bc4   0x00000088   Code   RO           14    i.bmi160_get_regs   bmi160.o
    0x08005c4c   0x08005c4c   0x00000096   Code   RO           15    i.bmi160_get_sensor_data  bmi160.o
    0x08005ce2   0x08005ce2   0x0000007a   Code   RO           16    i.bmi160_init       bmi160.o
    0x08005d5c   0x08005d5c   0x0000003c   Code   RO          744    i.bmi160_rd         bmi160_bsp.o
    0x08005d98   0x08005d98   0x0000021c   Code   RO          745    i.bmi160_read_sensor_data  bmi160_bsp.o
    0x08005fb4   0x08005fb4   0x00000028   Code   RO           27    i.bmi160_set_power_mode  bmi160.o
    0x08005fdc   0x08005fdc   0x0000008e   Code   RO           28    i.bmi160_set_regs   bmi160.o
    0x0800606a   0x0800606a   0x0000003c   Code   RO           29    i.bmi160_set_sens_conf  bmi160.o
    0x080060a6   0x080060a6   0x0000004a   Code   RO           31    i.bmi160_soft_reset  bmi160.o
    0x080060f0   0x080060f0   0x0000003c   Code   RO          750    i.bmi160_wr         bmi160_bsp.o
    0x0800612c   0x0800612c   0x0000003c   Code   RO           34    i.check_accel_config  bmi160.o
    0x08006168   0x08006168   0x0000003c   Code   RO           36    i.check_gyro_config  bmi160.o
    0x080061a4   0x080061a4   0x00000060   Code   RO           37    i.check_invalid_settg  bmi160.o
    0x08006204   0x08006204   0x0000002a   Code   RO           63    i.default_param_settg  bmi160.o
    0x0800622e   0x0800622e   0x00000002   PAD
    0x08006230   0x08006230   0x00000264   Code   RO         1006    i.device_ad7193_handle  ad7193.o
    0x08006494   0x08006494   0x00000010   Code   RO          752    i.device_bmi160_handle  bmi160_bsp.o
    0x080064a4   0x080064a4   0x00000094   Code   RO         1509    i.device_key_handle  main.o
    0x08006538   0x08006538   0x0000006c   Code   RO         1510    i.device_led_handle  main.o
    0x080065a4   0x080065a4   0x00000018   Code   RO         1511    i.device_lpw_handle  main.o
    0x080065bc   0x080065bc   0x00000002   Code   RO         1512    i.device_temper_handle  main.o
    0x080065be   0x080065be   0x00000002   PAD
    0x080065c0   0x080065c0   0x00000018   Code   RO         1202    i.device_uart_handle  uart.o
    0x080065d8   0x080065d8   0x0000001c   Code   RO         1204    i.fputc             uart.o
    0x080065f4   0x080065f4   0x00000050   Code   RO         5358    i.free              mc_w.l(malloc.o)
    0x08006644   0x08006644   0x000000e8   Code   RO           83    i.get_accel_data    bmi160.o
    0x0800672c   0x0800672c   0x00000168   Code   RO           84    i.get_accel_gyro_data  bmi160.o
    0x08006894   0x08006894   0x00000166   Code   RO           89    i.get_gyro_data     bmi160.o
    0x080069fa   0x080069fa   0x00000002   PAD
    0x080069fc   0x080069fc   0x00000044   Code   RO          753    i.gyro_data_convert  bmi160_bsp.o
    0x08006a40   0x08006a40   0x00000028   Code   RO         1513    i.hook_idle_handle  main.o
    0x08006a68   0x08006a68   0x000001fc   Code   RO         1514    i.main              main.o
    0x08006c64   0x08006c64   0x0000006c   Code   RO         5359    i.malloc            mc_w.l(malloc.o)
    0x08006cd0   0x08006cd0   0x00000050   Code   RO          754    i.midval_filter     bmi160_bsp.o
    0x08006d20   0x08006d20   0x0000001a   Code   RO           95    i.null_ptr_check    bmi160.o
    0x08006d3a   0x08006d3a   0x00000032   Code   RO           98    i.process_accel_bw  bmi160.o
    0x08006d6c   0x08006d6c   0x00000030   Code   RO           99    i.process_accel_odr  bmi160.o
    0x08006d9c   0x08006d9c   0x00000030   Code   RO          100    i.process_accel_range  bmi160.o
    0x08006dcc   0x08006dcc   0x0000002a   Code   RO          101    i.process_gyro_bw   bmi160.o
    0x08006df6   0x08006df6   0x00000030   Code   RO          102    i.process_gyro_odr  bmi160.o
    0x08006e26   0x08006e26   0x00000030   Code   RO          103    i.process_gyro_range  bmi160.o
    0x08006e56   0x08006e56   0x00000070   Code   RO          104    i.process_under_sampling  bmi160.o
    0x08006ec6   0x08006ec6   0x00000008   Code   RO         1406    i.sem_create        os.o
    0x08006ece   0x08006ece   0x0000000a   Code   RO         1407    i.sem_release       os.o
    0x08006ed8   0x08006ed8   0x0000000e   Code   RO         1408    i.sem_take          os.o
    0x08006ee6   0x08006ee6   0x00000034   Code   RO         1409    i.sem_wait          os.o
    0x08006f1a   0x08006f1a   0x00000046   Code   RO          107    i.set_accel_conf    bmi160.o
    0x08006f60   0x08006f60   0x00000052   Code   RO          114    i.set_accel_pwr     bmi160.o
    0x08006fb2   0x08006fb2   0x00000046   Code   RO          120    i.set_gyro_conf     bmi160.o
    0x08006ff8   0x08006ff8   0x0000005e   Code   RO          121    i.set_gyro_pwr      bmi160.o
    0x08007056   0x08007056   0x00000076   Code   RO         1410    i.tasks_os_run      os.o
    0x080070cc   0x080070cc   0x0000000e   Code   RO         1205    i.uart_dma_recvlen  uart.o
    0x080070da   0x080070da   0x0000002c   Code   RO         1206    i.uart_dma_reset    uart.o
    0x08007106   0x08007106   0x00000002   PAD
    0x08007108   0x08007108   0x00000114   Code   RO         1207    i.uart_rx_task      uart.o
    0x0800721c   0x0800721c   0x00000048   Data   RO         5058    .constdata          system_stm32l4xx.o
    0x08007264   0x08007264   0x00000020   Data   RO         5440    Region$$Table       anon$$obj.o


    Execution Region ER_RW (Exec base: 0x20000000, Load base: 0x08007284, Size: 0x000000ec, Max: 0xffffffff, ABSOLUTE)

    Exec Addr    Load Addr    Size         Type   Attr      Idx    E Section Name        Object

    0x20000000   0x08007284   0x00000018   Data   RW          756    .data               bmi160_bsp.o
    0x20000018   0x0800729c   0x00000008   Data   RW         1008    .data               ad7193.o
    0x20000020   0x080072a4   0x000000af   Data   RW         1516    .data               main.o
    0x200000cf   0x08007353   0x00000001   PAD
    0x200000d0   0x08007354   0x00000009   Data   RW         1828    .data               stm32l4xx_hal.o
    0x200000d9   0x0800735d   0x00000003   PAD
    0x200000dc   0x08007360   0x00000004   Data   RW         5059    .data               system_stm32l4xx.o
    0x200000e0   0x08007364   0x00000004   Data   RW         5412    .data               mc_w.l(stdout.o)
    0x200000e4   0x08007368   0x00000004   Data   RW         5423    .data               mc_w.l(mvars.o)
    0x200000e8   0x0800736c   0x00000004   Data   RW         5424    .data               mc_w.l(mvars.o)


    Execution Region ER_ZI (Exec base: 0x200000ec, Load base: 0x08007370, Size: 0x00000d04, Max: 0xffffffff, ABSOLUTE)

    Exec Addr    Load Addr    Size         Type   Attr      Idx    E Section Name        Object

    0x200000ec        -       0x0000002c   Zero   RW          755    .bss                bmi160_bsp.o
    0x20000118        -       0x00000050   Zero   RW         1007    .bss                ad7193.o
    0x20000168        -       0x000005a0   Zero   RW         1209    .bss                uart.o
    0x20000708        -       0x0000004c   Zero   RW         1314    .bss                i2c.o
    0x20000754        -       0x00000064   Zero   RW         1344    .bss                spi.o
    0x200007b8        -       0x00000010   Zero   RW         1375    .bss                wtd.o
    0x200007c8        -       0x00000024   Zero   RW         1515    .bss                main.o
    0x200007ec   0x08007370   0x00000004   PAD
    0x200007f0        -       0x00000200   Zero   RW         5047    HEAP                startup_stm32l432xx.o
    0x200009f0        -       0x00000400   Zero   RW         5046    STACK               startup_stm32l432xx.o


==============================================================================

Image component sizes


      Code (inc. data)   RO Data    RW Data    ZI Data      Debug   Object Name

      1998        440          0          8         80      10154   ad7193.o
      2670          0          0          0          0      46462   bmi160.o
      1014        212          0         24         44     666366   bmi160_bsp.o
        96          8          0          0          0       1351   comm.o
       416         18          0          0          0       1580   gpio.o
        88         14          0          0         76        711   i2c.o
      1288        444          0        175         36       6774   main.o
         6          0          0          0          0        440   misc.o
       202          0          0          0          0       3548   os.o
        84         10          0          0        100        711   spi.o
        36          8        396          0       1536        852   startup_stm32l432xx.o
       194         32          0          9          0      12129   stm32l4xx_hal.o
       426         28          0          0          0      36151   stm32l4xx_hal_cortex.o
       760         18          0          0          0       4618   stm32l4xx_hal_dma.o
       758         42          0          0          0       5593   stm32l4xx_hal_gpio.o
      1794         34          0          0          0      12334   stm32l4xx_hal_i2c.o
       210          0          0          0          0       2171   stm32l4xx_hal_i2c_ex.o
        14          0          0          0          0       1143   stm32l4xx_hal_iwdg.o
      1084        102          0          0          0       5844   stm32l4xx_hal_msp.o
       220         28          0          0          0       2213   stm32l4xx_hal_pwr_ex.o
      2752        108          0          0          0       8000   stm32l4xx_hal_rcc.o
      1236         26          0          0          0       3052   stm32l4xx_hal_rcc_ex.o
       404         12          0          0          0       3643   stm32l4xx_hal_rtc.o
       480          8          0          0          0       3126   stm32l4xx_hal_rtc_ex.o
      2550         12          0          0          0       9850   stm32l4xx_hal_spi.o
      2938         76          0          0          0      18791   stm32l4xx_hal_uart.o
         2          0          0          0          0       1092   stm32l4xx_hal_uart_ex.o
       168         26          0          0          0       6678   stm32l4xx_it.o
        80         12         72          4          0       1365   system_stm32l4xx.o
       662        164          0          0       1440       5437   uart.o
        16          6          0          0         16        652   wtd.o

    ----------------------------------------------------------------------
     24696       1888        500        224       3332     882831   Object Totals
         0          0         32          0          0          0   (incl. Generated)
        50          0          0          4          4          0   (incl. Padding)

    ----------------------------------------------------------------------

      Code (inc. data)   RO Data    RW Data    ZI Data      Debug   Library Member Name

         0          0          0          0          0          0   entry.o
         0          0          0          0          0          0   entry10a.o
         0          0          0          0          0          0   entry11a.o
         4          0          0          0          0          0   entry12b.o
         8          4          0          0          0          0   entry2.o
         4          0          0          0          0          0   entry5.o
         0          0          0          0          0          0   entry7b.o
         0          0          0          0          0          0   entry8b.o
         8          4          0          0          0          0   entry9a.o
        30          0          0          0          0          0   handlers.o
        36          8          0          0          0         68   init.o
         0          0          0          0          0          0   iusefp.o
        30          0          0          0          0         68   llshl.o
        36          0          0          0          0         68   llsshr.o
        32          0          0          0          0         68   llushr.o
       188         20          0          0          0        160   malloc.o
        36          0          0          0          0        108   memseta.o
         0          0          0          8          0          0   mvars.o
      2230         90          0          0          0        464   printfa.o
         0          0          0          4          0          0   stdout.o
        44          0          0          0          0         80   uidiv.o
       104          0          0          0          0         92   uldiv.o
        48          0          0          0          0         68   cdrcmple.o
        56          0          0          0          0         88   d2f.o
       350          0          0          0          0        148   dadd.o
       222          0          0          0          0        100   ddiv.o
       186          0          0          0          0        176   depilogue.o
        48          0          0          0          0         68   dfixul.o
        34          0          0          0          0         76   dflti.o
       234          0          0          0          0         96   dmul.o
        38          0          0          0          0         68   f2d.o
       110          0          0          0          0        168   fepilogue.o

    ----------------------------------------------------------------------
      4120        126          0         12          0       2232   Library Totals
         4          0          0          0          0          0   (incl. Padding)

    ----------------------------------------------------------------------

      Code (inc. data)   RO Data    RW Data    ZI Data      Debug   Library Name

      2790        126          0         12          0       1176   mc_w.l
      1326          0          0          0          0       1056   mf_w.l

    ----------------------------------------------------------------------
      4120        126          0         12          0       2232   Library Totals

    ----------------------------------------------------------------------

==============================================================================


      Code (inc. data)   RO Data    RW Data    ZI Data      Debug   

     28816       2014        500        236       3332     865775   Grand Totals
     28816       2014        500        236       3332     865775   ELF Image Totals
     28816       2014        500        236          0          0   ROM Totals

==============================================================================

    Total RO  Size (Code + RO Data)                29316 (  28.63kB)
    Total RW  Size (RW Data + ZI Data)              3568 (   3.48kB)
    Total ROM Size (Code + RO Data + RW Data)      29552 (  28.86kB)

==============================================================================

